ARM Linker, 5.02 [Build 28] [MDK-ARM Standard]

==============================================================================

Section Cross References

    startup_stm32f10x_md.o(RESET) refers to startup_stm32f10x_md.o(STACK) for __initial_sp
    startup_stm32f10x_md.o(RESET) refers to startup_stm32f10x_md.o(.text) for Reset_Handler
    startup_stm32f10x_md.o(RESET) refers to stm32f10x_it.o(.text) for NMI_Handler
    startup_stm32f10x_md.o(.text) refers to system_stm32f10x.o(.text) for SystemInit
    startup_stm32f10x_md.o(.text) refers to entry.o(.ARM.Collect$$$$00000000) for __main
    stm32f10x_adc.o(.text) refers to stm32f10x_rcc.o(.text) for RCC_APB2PeriphResetCmd
    stm32f10x_bkp.o(.text) refers to stm32f10x_rcc.o(.text) for RCC_BackupResetCmd
    stm32f10x_can.o(.text) refers to stm32f10x_rcc.o(.text) for RCC_APB1PeriphResetCmd
    stm32f10x_cec.o(.text) refers to stm32f10x_rcc.o(.text) for RCC_APB1PeriphResetCmd
    stm32f10x_dac.o(.text) refers to stm32f10x_rcc.o(.text) for RCC_APB1PeriphResetCmd
    stm32f10x_gpio.o(.text) refers to stm32f10x_rcc.o(.text) for RCC_APB2PeriphResetCmd
    stm32f10x_i2c.o(.text) refers to stm32f10x_rcc.o(.text) for RCC_APB1PeriphResetCmd
    stm32f10x_pwr.o(.text) refers to stm32f10x_rcc.o(.text) for RCC_APB1PeriphResetCmd
    stm32f10x_rcc.o(.text) refers to stm32f10x_rcc.o(.data) for APBAHBPrescTable
    stm32f10x_spi.o(.text) refers to stm32f10x_rcc.o(.text) for RCC_APB2PeriphResetCmd
    stm32f10x_tim.o(.text) refers to stm32f10x_rcc.o(.text) for RCC_APB2PeriphResetCmd
    stm32f10x_usart.o(.text) refers to stm32f10x_rcc.o(.text) for RCC_APB2PeriphResetCmd
    stm32f10x_wwdg.o(.text) refers to stm32f10x_rcc.o(.text) for RCC_APB1PeriphResetCmd
    main.o(.text) refers to sw_key.o(.text) for ResetKey
    main.o(.text) refers to spi_flash.o(.text) for SPI_FLASH_Read
    main.o(.text) refers to oled.o(.text) for OLED_Clear
    main.o(.text) refers to delay.o(.text) for delay_ms
    main.o(.text) refers to usart.o(.text) for UART1ReadFrm
    main.o(.text) refers to usb.o(.text) for pc_to_slave
    main.o(.text) refers to bluetooth.o(.text) for UART3ReadFrm
    main.o(.text) refers to iwdg.o(.text) for IWDG_Feed
    main.o(.text) refers to li_power.o(.text) for Power_Cheak
    main.o(.text) refers to timer.o(.text) for SetTimer
    main.o(.text) refers to wkup.o(.text) for Sys_Enter_Standby
    main.o(.text) refers to stm32f10x_rcc.o(.text) for RCC_APB2PeriphClockCmd
    main.o(.text) refers to stm32f10x_gpio.o(.text) for GPIO_Init
    main.o(.text) refers to misc.o(.text) for NVIC_SetVectorTable
    main.o(.text) refers to nvic.o(.text) for NVIC_Configuration
    main.o(.text) refers to rtc_time.o(.text) for RTC_init
    main.o(.text) refers to rfid.o(.text) for Uart2_Init
    main.o(.text) refers to oled.o(.data) for HsMenu
    main.o(.text) refers to globle_var.o(.data) for g_State
    main.o(.text) refers to globle_var.o(.bss) for g_Buff
    main.o(.text) refers to timer.o(.data) for g_WaitTimeOut
    stm32f10x_it.o(.text) refers to stm32f10x_usart.o(.text) for USART_GetITStatus
    stm32f10x_it.o(.text) refers to rfid.o(.text) for Read_RfidData
    stm32f10x_it.o(.text) refers to oled.o(.text) for OLED_Clear
    stm32f10x_it.o(.text) refers to sw_key.o(.text) for InsertKey
    stm32f10x_it.o(.text) refers to stm32f10x_tim.o(.text) for TIM_GetITStatus
    stm32f10x_it.o(.text) refers to stm32f10x_exti.o(.text) for EXTI_GetITStatus
    stm32f10x_it.o(.text) refers to delay.o(.text) for delay_ms
    stm32f10x_it.o(.text) refers to wkup.o(.text) for SoftReset
    stm32f10x_it.o(.text) refers to usart.o(.text) for UART1nSendChar
    stm32f10x_it.o(.text) refers to usart.o(.bss) for m_UB1
    stm32f10x_it.o(.text) refers to rfid.o(.bss) for m_UB2
    stm32f10x_it.o(.text) refers to globle_var.o(.data) for Rfid_Buff
    stm32f10x_it.o(.text) refers to oled.o(.data) for HsMenu
    stm32f10x_it.o(.text) refers to bluetooth.o(.bss) for m_UB3
    stm32f10x_it.o(.text) refers to timer.o(.bss) for m_TS
    system_stm32f10x.o(.text) refers to system_stm32f10x.o(.data) for SystemCoreClock
    oled.o(.text) refers to stm32f10x_gpio.o(.text) for GPIO_SetBits
    oled.o(.text) refers to spi_flash.o(.text) for SPI_FLASH_BufferRead
    oled.o(.text) refers to rtc_time.o(.text) for read_time
    oled.o(.text) refers to oled.o(.data) for GHZAddr
    oled.o(.text) refers to globle_var.o(.data) for mode
    oled.o(.text) refers to oled.o(.constdata) for F8X16
    oled.o(.text) refers to li_power.o(.text) for Power_Cheak
    oled.o(.text) refers to sw_key.o(.text) for ResetKey
    oled.o(.text) refers to delay.o(.text) for delay_ms
    oled.o(.text) refers to timer.o(.text) for SetTimer
    oled.o(.text) refers to timer.o(.data) for g_WaitTimeOut
    oled.o(.text) refers to bluetooth.o(.text) for bluetooth_mac
    oled.o(.text) refers to usart.o(.text) for UART1nSendChar
    oled.o(.text) refers to wkup.o(.text) for SoftReset
[...]
    entry2.o(__vectab_stack_and_reset_area) refers to startup_stm32f10x_md.o(STACK) for __initial_sp
    entry2.o(__vectab_stack_and_reset_area) refers to entry.o(.ARM.Collect$$$$00000000) for __main
    entry5.o(.ARM.Collect$$$$00000004) refers to init.o(.text) for __scatterload
    entry8.o(.ARM.Collect$$$$00000009) refers to main.o(.text) for main
    init.o(.text) refers to entry5.o(.ARM.Collect$$$$00000004) for __main_after_scatterload


==============================================================================

Removing Unused input sections from the image.

    Removing startup_stm32f10x_md.o(HEAP), (512 bytes).
    Removing misc.o(.rev16_text), (4 bytes).
    Removing misc.o(.revsh_text), (4 bytes).
    Removing stm32f10x_adc.o(.rev16_text), (4 bytes).
    Removing stm32f10x_adc.o(.revsh_text), (4 bytes).
    Removing stm32f10x_bkp.o(.rev16_text), (4 bytes).
    Removing stm32f10x_bkp.o(.revsh_text), (4 bytes).
    Removing stm32f10x_can.o(.rev16_text), (4 bytes).
    Removing stm32f10x_can.o(.revsh_text), (4 bytes).
    Removing stm32f10x_can.o(.text), (2540 bytes).
    Removing stm32f10x_cec.o(.rev16_text), (4 bytes).
    Removing stm32f10x_cec.o(.revsh_text), (4 bytes).
    Removing stm32f10x_cec.o(.text), (288 bytes).
    Removing stm32f10x_crc.o(.rev16_text), (4 bytes).
    Removing stm32f10x_crc.o(.revsh_text), (4 bytes).
    Removing stm32f10x_crc.o(.text), (72 bytes).
    Removing stm32f10x_dac.o(.rev16_text), (4 bytes).
    Removing stm32f10x_dac.o(.revsh_text), (4 bytes).
    Removing stm32f10x_dac.o(.text), (360 bytes).
    Removing stm32f10x_dbgmcu.o(.rev16_text), (4 bytes).
    Removing stm32f10x_dbgmcu.o(.revsh_text), (4 bytes).
    Removing stm32f10x_dbgmcu.o(.text), (48 bytes).
    Removing stm32f10x_dma.o(.rev16_text), (4 bytes).
    Removing stm32f10x_dma.o(.revsh_text), (4 bytes).
    Removing stm32f10x_dma.o(.text), (592 bytes).
    Removing stm32f10x_exti.o(.rev16_text), (4 bytes).
    Removing stm32f10x_exti.o(.revsh_text), (4 bytes).
    Removing stm32f10x_flash.o(.rev16_text), (4 bytes).
    Removing stm32f10x_flash.o(.revsh_text), (4 bytes).
    Removing stm32f10x_flash.o(.text), (1460 bytes).
    Removing stm32f10x_fsmc.o(.rev16_text), (4 bytes).
    Removing stm32f10x_fsmc.o(.revsh_text), (4 bytes).
    Removing stm32f10x_fsmc.o(.text), (1560 bytes).
    Removing stm32f10x_gpio.o(.rev16_text), (4 bytes).
    Removing stm32f10x_gpio.o(.revsh_text), (4 bytes).
    Removing stm32f10x_i2c.o(.rev16_text), (4 bytes).
    Removing stm32f10x_i2c.o(.revsh_text), (4 bytes).
    Removing stm32f10x_i2c.o(.text), (1004 bytes).
    Removing stm32f10x_iwdg.o(.rev16_text), (4 bytes).
    Removing stm32f10x_iwdg.o(.revsh_text), (4 bytes).
    Removing stm32f10x_pwr.o(.rev16_text), (4 bytes).
    Removing stm32f10x_pwr.o(.revsh_text), (4 bytes).
    Removing stm32f10x_rcc.o(.rev16_text), (4 bytes).
    Removing stm32f10x_rcc.o(.revsh_text), (4 bytes).
    Removing stm32f10x_rtc.o(.rev16_text), (4 bytes).
    Removing stm32f10x_rtc.o(.revsh_text), (4 bytes).
    Removing stm32f10x_sdio.o(.rev16_text), (4 bytes).
    Removing stm32f10x_sdio.o(.revsh_text), (4 bytes).
    Removing stm32f10x_sdio.o(.text), (464 bytes).
    Removing stm32f10x_spi.o(.rev16_text), (4 bytes).
    Removing stm32f10x_spi.o(.revsh_text), (4 bytes).
    Removing stm32f10x_tim.o(.rev16_text), (4 bytes).
    Removing stm32f10x_tim.o(.revsh_text), (4 bytes).
    Removing stm32f10x_usart.o(.rev16_text), (4 bytes).
    Removing stm32f10x_usart.o(.revsh_text), (4 bytes).
    Removing stm32f10x_wwdg.o(.rev16_text), (4 bytes).
    Removing stm32f10x_wwdg.o(.revsh_text), (4 bytes).
    Removing stm32f10x_wwdg.o(.text), (124 bytes).
    Removing main.o(.rev16_text), (4 bytes).
    Removing main.o(.revsh_text), (4 bytes).
    Removing main.o(.bss), (50 bytes).
    Removing main.o(.data), (2049 bytes).
    Removing stm32f10x_it.o(.rev16_text), (4 bytes).
    Removing stm32f10x_it.o(.revsh_text), (4 bytes).
    Removing globle_var.o(.rev16_text), (4 bytes).
    Removing globle_var.o(.revsh_text), (4 bytes).
    Removing core_cm3.o(.emb_text), (32 bytes).
    Removing oled.o(.rev16_text), (4 bytes).
    Removing oled.o(.revsh_text), (4 bytes).
    Removing delay.o(.rev16_text), (4 bytes).
    Removing delay.o(.revsh_text), (4 bytes).
    Removing nvic.o(.rev16_text), (4 bytes).
    Removing nvic.o(.revsh_text), (4 bytes).
    Removing bluetooth.o(.rev16_text), (4 bytes).
    Removing bluetooth.o(.revsh_text), (4 bytes).
    Removing usart.o(.rev16_text), (4 bytes).
    Removing usart.o(.revsh_text), (4 bytes).
    Removing rfid.o(.rev16_text), (4 bytes).
    Removing rfid.o(.revsh_text), (4 bytes).
    Removing spi_flash.o(.rev16_text), (4 bytes).
    Removing spi_flash.o(.revsh_text), (4 bytes).
    Removing usb.o(.rev16_text), (4 bytes).
    Removing usb.o(.revsh_text), (4 bytes).
    Removing usb.o(.bss), (24 bytes).
    Removing timer.o(.rev16_text), (4 bytes).
    Removing timer.o(.revsh_text), (4 bytes).
    Removing rtc_time.o(.rev16_text), (4 bytes).
    Removing rtc_time.o(.revsh_text), (4 bytes).
    Removing li_power.o(.rev16_text), (4 bytes).
    Removing li_power.o(.revsh_text), (4 bytes).
    Removing iwdg.o(.rev16_text), (4 bytes).
    Removing iwdg.o(.revsh_text), (4 bytes).
    Removing sw_key.o(.rev16_text), (4 bytes).
    Removing sw_key.o(.revsh_text), (4 bytes).
    Removing wkup.o(.rev16_text), (4 bytes).
    Removing wkup.o(.revsh_text), (4 bytes).

96 unused section(s) (total 11499 bytes) removed from the image.

==============================================================================

Image Symbol Table

    Local Symbols

    Symbol Name                              Value     Ov Type        Size  Object(Section)

    ../clib/../cmprslib/zerorunl2.c          0x00000000   Number         0  __dczerorl2.o ABSOLUTE
    ../clib/microlib/init/entry.s            0x00000000   Number         0  entry.o ABSOLUTE
    ../clib/microlib/init/entry.s            0x00000000   Number         0  entry8.o ABSOLUTE
    ../clib/microlib/init/entry.s            0x00000000   Number         0  entry7b.o ABSOLUTE
    ../clib/microlib/init/entry.s            0x00000000   Number         0  entry7a.o ABSOLUTE
    ../clib/microlib/init/entry.s            0x00000000   Number         0  entry5.o ABSOLUTE
    ../clib/microlib/init/entry.s            0x00000000   Number         0  entry2.o ABSOLUTE
    ../clib/microlib/string/memcpy.c         0x00000000   Number         0  memcpya.o ABSOLUTE
    ../clib/microlib/string/memcpy.c         0x00000000   Number         0  memcpyb.o ABSOLUTE
    ..\CMSIS\core_cm3.c                      0x00000000   Number         0  core_cm3.o ABSOLUTE
    ..\CMSIS\startup\startup_stm32f10x_md.s  0x00000000   Number         0  startup_stm32f10x_md.o ABSOLUTE
    ..\CMSIS\system_stm32f10x.c              0x00000000   Number         0  system_stm32f10x.o ABSOLUTE
    ..\FWlib\src\misc.c                      0x00000000   Number         0  misc.o ABSOLUTE
    ..\FWlib\src\stm32f10x_adc.c             0x00000000   Number         0  stm32f10x_adc.o ABSOLUTE
    ..\FWlib\src\stm32f10x_bkp.c             0x00000000   Number         0  stm32f10x_bkp.o ABSOLUTE
    ..\FWlib\src\stm32f10x_can.c             0x00000000   Number         0  stm32f10x_can.o ABSOLUTE
    ..\FWlib\src\stm32f10x_cec.c             0x00000000   Number         0  stm32f10x_cec.o ABSOLUTE
    ..\FWlib\src\stm32f10x_crc.c             0x00000000   Number         0  stm32f10x_crc.o ABSOLUTE
    ..\FWlib\src\stm32f10x_dac.c             0x00000000   Number         0  stm32f10x_dac.o ABSOLUTE
    ..\FWlib\src\stm32f10x_dbgmcu.c          0x00000000   Number         0  stm32f10x_dbgmcu.o ABSOLUTE
    ..\FWlib\src\stm32f10x_dma.c             0x00000000   Number         0  stm32f10x_dma.o ABSOLUTE
    ..\FWlib\src\stm32f10x_exti.c            0x00000000   Number         0  stm32f10x_exti.o ABSOLUTE
    ..\FWlib\src\stm32f10x_flash.c           0x00000000   Number         0  stm32f10x_flash.o ABSOLUTE
    ..\FWlib\src\stm32f10x_fsmc.c            0x00000000   Number         0  stm32f10x_fsmc.o ABSOLUTE
    ..\FWlib\src\stm32f10x_gpio.c            0x00000000   Number         0  stm32f10x_gpio.o ABSOLUTE
    ..\FWlib\src\stm32f10x_i2c.c             0x00000000   Number         0  stm32f10x_i2c.o ABSOLUTE
    ..\FWlib\src\stm32f10x_iwdg.c            0x00000000   Number         0  stm32f10x_iwdg.o ABSOLUTE
    ..\FWlib\src\stm32f10x_pwr.c             0x00000000   Number         0  stm32f10x_pwr.o ABSOLUTE
    ..\FWlib\src\stm32f10x_rcc.c             0x00000000   Number         0  stm32f10x_rcc.o ABSOLUTE
    ..\FWlib\src\stm32f10x_rtc.c             0x00000000   Number         0  stm32f10x_rtc.o ABSOLUTE
    ..\FWlib\src\stm32f10x_sdio.c            0x00000000   Number         0  stm32f10x_sdio.o ABSOLUTE
    ..\FWlib\src\stm32f10x_spi.c             0x00000000   Number         0  stm32f10x_spi.o ABSOLUTE
    ..\FWlib\src\stm32f10x_tim.c             0x00000000   Number         0  stm32f10x_tim.o ABSOLUTE
    ..\FWlib\src\stm32f10x_usart.c           0x00000000   Number         0  stm32f10x_usart.o ABSOLUTE
    ..\FWlib\src\stm32f10x_wwdg.c            0x00000000   Number         0  stm32f10x_wwdg.o ABSOLUTE
    ..\Module\IWDG\iwdg.c                    0x00000000   Number         0  iwdg.o ABSOLUTE
    ..\Module\Li_Power\Li_Power.c            0x00000000   Number         0  li_power.o ABSOLUTE
    ..\Module\NVIC\nvic.c                    0x00000000   Number         0  nvic.o ABSOLUTE
    ..\Module\OLED\oled.c                    0x00000000   Number         0  oled.o ABSOLUTE
    ..\Module\RFID\rfid.c                    0x00000000   Number         0  rfid.o ABSOLUTE
    ..\Module\RTC\RTC_time.c                 0x00000000   Number         0  rtc_time.o ABSOLUTE
    ..\Module\Timer\timer.c                  0x00000000   Number         0  timer.o ABSOLUTE
    ..\Module\USB\usb.c                      0x00000000   Number         0  usb.o ABSOLUTE
    ..\Module\bluetooth\bluetooth.c          0x00000000   Number         0  bluetooth.o ABSOLUTE
    ..\Module\delay\delay.c                  0x00000000   Number         0  delay.o ABSOLUTE
    ..\Module\spi_flash\spi_flash.c          0x00000000   Number         0  spi_flash.o ABSOLUTE
    ..\Module\sw_key\sw_key.c                0x00000000   Number         0  sw_key.o ABSOLUTE
    ..\Module\usart\usart.c                  0x00000000   Number         0  usart.o ABSOLUTE
    ..\Module\wkup\wkup.c                    0x00000000   Number         0  wkup.o ABSOLUTE
    ..\\CMSIS\\core_cm3.c                    0x00000000   Number         0  core_cm3.o ABSOLUTE
    ..\\FWlib\\src\\misc.c                   0x00000000   Number         0  misc.o ABSOLUTE
    ..\\FWlib\\src\\stm32f10x_adc.c          0x00000000   Number         0  stm32f10x_adc.o ABSOLUTE
    ..\\FWlib\\src\\stm32f10x_bkp.c          0x00000000   Number         0  stm32f10x_bkp.o ABSOLUTE
    ..\\FWlib\\src\\stm32f10x_can.c          0x00000000   Number         0  stm32f10x_can.o ABSOLUTE
    ..\\FWlib\\src\\stm32f10x_cec.c          0x00000000   Number         0  stm32f10x_cec.o ABSOLUTE
    ..\\FWlib\\src\\stm32f10x_crc.c          0x00000000   Number         0  stm32f10x_crc.o ABSOLUTE
    ..\\FWlib\\src\\stm32f10x_dac.c          0x00000000   Number         0  stm32f10x_dac.o ABSOLUTE
    ..\\FWlib\\src\\stm32f10x_dbgmcu.c       0x00000000   Number         0  stm32f10x_dbgmcu.o ABSOLUTE
    ..\\FWlib\\src\\stm32f10x_dma.c          0x00000000   Number         0  stm32f10x_dma.o ABSOLUTE
    ..\\FWlib\\src\\stm32f10x_exti.c         0x00000000   Number         0  stm32f10x_exti.o ABSOLUTE
    ..\\FWlib\\src\\stm32f10x_flash.c        0x00000000   Number         0  stm32f10x_flash.o ABSOLUTE
    ..\\FWlib\\src\\stm32f10x_fsmc.c         0x00000000   Number         0  stm32f10x_fsmc.o ABSOLUTE
    ..\\FWlib\\src\\stm32f10x_gpio.c         0x00000000   Number         0  stm32f10x_gpio.o ABSOLUTE
    ..\\FWlib\\src\\stm32f10x_i2c.c          0x00000000   Number         0  stm32f10x_i2c.o ABSOLUTE
    ..\\FWlib\\src\\stm32f10x_iwdg.c         0x00000000   Number         0  stm32f10x_iwdg.o ABSOLUTE
    ..\\FWlib\\src\\stm32f10x_pwr.c          0x00000000   Number         0  stm32f10x_pwr.o ABSOLUTE
    ..\\FWlib\\src\\stm32f10x_rcc.c          0x00000000   Number         0  stm32f10x_rcc.o ABSOLUTE
    ..\\FWlib\\src\\stm32f10x_rtc.c          0x00000000   Number         0  stm32f10x_rtc.o ABSOLUTE
    ..\\FWlib\\src\\stm32f10x_sdio.c         0x00000000   Number         0  stm32f10x_sdio.o ABSOLUTE
    ..\\FWlib\\src\\stm32f10x_spi.c          0x00000000   Number         0  stm32f10x_spi.o ABSOLUTE
    ..\\FWlib\\src\\stm32f10x_tim.c          0x00000000   Number         0  stm32f10x_tim.o ABSOLUTE
    ..\\FWlib\\src\\stm32f10x_usart.c        0x00000000   Number         0  stm32f10x_usart.o ABSOLUTE
    ..\\FWlib\\src\\stm32f10x_wwdg.c         0x00000000   Number         0  stm32f10x_wwdg.o ABSOLUTE
    ..\\Module\\IWDG\\iwdg.c                 0x00000000   Number         0  iwdg.o ABSOLUTE
    ..\\Module\\Li_Power\\Li_Power.c         0x00000000   Number         0  li_power.o ABSOLUTE
    ..\\Module\\NVIC\\nvic.c                 0x00000000   Number         0  nvic.o ABSOLUTE
    ..\\Module\\OLED\\oled.c                 0x00000000   Number         0  oled.o ABSOLUTE
    ..\\Module\\RFID\\rfid.c                 0x00000000   Number         0  rfid.o ABSOLUTE
    ..\\Module\\RTC\\RTC_time.c              0x00000000   Number         0  rtc_time.o ABSOLUTE
    ..\\Module\\Timer\\timer.c               0x00000000   Number         0  timer.o ABSOLUTE
    ..\\Module\\USB\\usb.c                   0x00000000   Number         0  usb.o ABSOLUTE
    ..\\Module\\bluetooth\\bluetooth.c       0x00000000   Number         0  bluetooth.o ABSOLUTE
    ..\\Module\\delay\\delay.c               0x00000000   Number         0  delay.o ABSOLUTE
    ..\\Module\\spi_flash\\spi_flash.c       0x00000000   Number         0  spi_flash.o ABSOLUTE
    ..\\Module\\sw_key\\sw_key.c             0x00000000   Number         0  sw_key.o ABSOLUTE
    ..\\Module\\usart\\usart.c               0x00000000   Number         0  usart.o ABSOLUTE
    ..\\Module\\wkup\\wkup.c                 0x00000000   Number         0  wkup.o ABSOLUTE
    Globle_Var.c                             0x00000000   Number         0  globle_var.o ABSOLUTE
    Globle_Var.c                             0x00000000   Number         0  globle_var.o ABSOLUTE
    dc.s                                     0x00000000   Number         0  dc.o ABSOLUTE
    handlers.s                               0x00000000   Number         0  handlers.o ABSOLUTE
    init.s                                   0x00000000   Number         0  init.o ABSOLUTE
    main.c                                   0x00000000   Number         0  main.o ABSOLUTE
    main.c                                   0x00000000   Number         0  main.o ABSOLUTE
    stm32f10x_it.c                           0x00000000   Number         0  stm32f10x_it.o ABSOLUTE
    stm32f10x_it.c                           0x00000000   Number         0  stm32f10x_it.o ABSOLUTE
    RESET                                    0x08005000   Section      236  startup_stm32f10x_md.o(RESET)
    .ARM.Collect$$$$00000000                 0x080050ec   Section        0  entry.o(.ARM.Collect$$$$00000000)
    .ARM.Collect$$$$00000001                 0x080050ec   Section        4  entry2.o(.ARM.Collect$$$$00000001)
    .ARM.Collect$$$$00000004                 0x080050f0   Section        4  entry5.o(.ARM.Collect$$$$00000004)
    .ARM.Collect$$$$00000008                 0x080050f4   Section        0  entry7b.o(.ARM.Collect$$$$00000008)
    .ARM.Collect$$$$00000009                 0x080050f4   Section        8  entry8.o(.ARM.Collect$$$$00000009)
    .ARM.Collect$$$$00002712                 0x080050fc   Section        4  entry2.o(.ARM.Collect$$$$00002712)
    __lit__00000000                          0x080050fc   Data           4  entry2.o(.ARM.Collect$$$$00002712)
    .text                                    0x08005100   Section       36  startup_stm32f10x_md.o(.text)
    .text                                    0x08005124   Section        0  misc.o(.text)
    .text                                    0x08005200   Section        0  stm32f10x_adc.o(.text)
    .text                                    0x0800563c   Section        0  stm32f10x_bkp.o(.text)
    .text                                    0x080056e8   Section        0  stm32f10x_exti.o(.text)
    .text                                    0x08005804   Section        0  stm32f10x_gpio.o(.text)
    .text                                    0x08005b5c   Section        0  stm32f10x_iwdg.o(.text)
    .text                                    0x08005b9c   Section        0  stm32f10x_pwr.o(.text)
    .text                                    0x08005c68   Section        0  stm32f10x_rcc.o(.text)
    .text                                    0x08006004   Section        0  stm32f10x_rtc.o(.text)
    .text                                    0x08006148   Section        0  stm32f10x_spi.o(.text)
    .text                                    0x08006454   Section        0  stm32f10x_tim.o(.text)
    TI4_Config                               0x080068fb   Thumb Code   130  stm32f10x_tim.o(.text)
    TI3_Config                               0x0800698f   Thumb Code   122  stm32f10x_tim.o(.text)
    TI2_Config                               0x08006a23   Thumb Code   130  stm32f10x_tim.o(.text)
    TI1_Config                               0x08006ab7   Thumb Code   108  stm32f10x_tim.o(.text)
    .text                                    0x08007270   Section        0  stm32f10x_usart.o(.text)
    .text                                    0x08007678   Section        0  main.o(.text)
    .text                                    0x08007b58   Section        0  stm32f10x_it.o(.text)
    .text                                    0x08007e60   Section        0  system_stm32f10x.o(.text)
    SetSysClockTo72                          0x08007e61   Thumb Code   192  system_stm32f10x.o(.text)
    SetSysClock                              0x08007f21   Thumb Code     8  system_stm32f10x.o(.text)
    .text                                    0x08008028   Section        0  oled.o(.text)
    .text                                    0x080096e8   Section        0  delay.o(.text)
    .text                                    0x0800989c   Section        0  nvic.o(.text)
    .text                                    0x0800995c   Section        0  bluetooth.o(.text)
    .text                                    0x08009df4   Section        0  usart.o(.text)
    .text                                    0x0800a320   Section        0  rfid.o(.text)
    .text                                    0x0800a8c8   Section        0  spi_flash.o(.text)
    .text                                    0x0800af78   Section        0  usb.o(.text)
    .text                                    0x0800c438   Section        0  timer.o(.text)
    .text                                    0x0800c6b0   Section        0  rtc_time.o(.text)
    IsLeapYear                               0x0800c7ef   Thumb Code    58  rtc_time.o(.text)
    .text                                    0x0800cb48   Section        0  li_power.o(.text)
    .text                                    0x0800cd08   Section        0  iwdg.o(.text)
    .text                                    0x0800cd34   Section        0  sw_key.o(.text)
    .text                                    0x0800cee0   Section        0  wkup.o(.text)
    .text                                    0x0800cfa4   Section        0  memcpya.o(.text)
    .text                                    0x0800cfc8   Section       36  init.o(.text)
    .text                                    0x0800cfec   Section        0  __dczerorl2.o(.text)
    i.__scatterload_copy                     0x0800d048   Section       14  handlers.o(i.__scatterload_copy)
    i.__scatterload_null                     0x0800d056   Section        2  handlers.o(i.__scatterload_null)
    i.__scatterload_zeroinit                 0x0800d058   Section       14  handlers.o(i.__scatterload_zeroinit)
    .constdata                               0x0800d066   Section     2089  oled.o(.constdata)
    .constdata                               0x0800d890   Section       48  rtc_time.o(.constdata)
    .data                                    0x20000000   Section       20  stm32f10x_rcc.o(.data)
    APBAHBPrescTable                         0x20000000   Data          16  stm32f10x_rcc.o(.data)
    ADCPrescTable                            0x20000010   Data           4  stm32f10x_rcc.o(.data)
    .data                                    0x20000014   Section       98  globle_var.o(.data)
    .data                                    0x20000078   Section       20  system_stm32f10x.o(.data)
    .data                                    0x2000008c   Section     4133  oled.o(.data)
    .data                                    0x200010b1   Section        1  bluetooth.o(.data)
    .data                                    0x200010b2   Section        1  usart.o(.data)
    .data                                    0x200010b4   Section       44  rfid.o(.data)
    .data                                    0x200010e0   Section        2  timer.o(.data)
    .data                                    0x200010e2   Section        8  rtc_time.o(.data)
    .bss                                     0x200010ec   Section      609  globle_var.o(.bss)
    .bss                                     0x2000134e   Section      260  bluetooth.o(.bss)
    .bss                                     0x20001452   Section      260  usart.o(.bss)
    .bss                                     0x20001556   Section      260  rfid.o(.bss)
    .bss                                     0x2000165a   Section     4096  spi_flash.o(.bss)
    .bss                                     0x2000265c   Section       36  timer.o(.bss)
    STACK                                    0x20002680   Section     1024  startup_stm32f10x_md.o(STACK)

    Global Symbols

    Symbol Name                              Value     Ov Type        Size  Object(Section)

    BuildAttributes$$THM_ISAv4$P$D$K$B$S$PE$A:L22UL41UL21$X:L11$S22US41US21$IEEE1$IW$USESV6$~STKCKD$USESV7$~SHL$OSPACE$EBA8$MICROLIB$REQ8$PRES8$EABIv2 0x00000000   Number         0  anon$$obj.o ABSOLUTE
    __ARM_use_no_argv                        0x00000000   Number         0  main.o ABSOLUTE
    _clock_init                               - Undefined Weak Reference
    __Vectors_Size                           0x000000ec   Number         0  startup_stm32f10x_md.o ABSOLUTE
    __Vectors                                0x08005000   Data           4  startup_stm32f10x_md.o(RESET)
    __Vectors_End                            0x080050ec   Data           0  startup_stm32f10x_md.o(RESET)
    __main                                   0x080050ed   Thumb Code     0  entry.o(.ARM.Collect$$$$00000000)
    _main_stk                                0x080050ed   Thumb Code     0  entry2.o(.ARM.Collect$$$$00000001)
    _main_scatterload                        0x080050f1   Thumb Code     0  entry5.o(.ARM.Collect$$$$00000004)
    __main_after_scatterload                 0x080050f5   Thumb Code     0  entry5.o(.ARM.Collect$$$$00000004)
    _main_clock                              0x080050f5   Thumb Code     0  entry7b.o(.ARM.Collect$$$$00000008)
    _main_init                               0x080050f5   Thumb Code     0  entry8.o(.ARM.Collect$$$$00000009)
    Reset_Handler                            0x08005101   Thumb Code     8  startup_stm32f10x_md.o(.text)
    ADC1_2_IRQHandler                        0x0800511b   Thumb Code     0  startup_stm32f10x_md.o(.text)
    CAN1_RX1_IRQHandler                      0x0800511b   Thumb Code     0  startup_stm32f10x_md.o(.text)
    CAN1_SCE_IRQHandler                      0x0800511b   Thumb Code     0  startup_stm32f10x_md.o(.text)
    DMA1_Channel1_IRQHandler                 0x0800511b   Thumb Code     0  startup_stm32f10x_md.o(.text)
    DMA1_Channel2_IRQHandler                 0x0800511b   Thumb Code     0  startup_stm32f10x_md.o(.text)
    DMA1_Channel3_IRQHandler                 0x0800511b   Thumb Code     0  startup_stm32f10x_md.o(.text)
    DMA1_Channel4_IRQHandler                 0x0800511b   Thumb Code     0  startup_stm32f10x_md.o(.text)
    DMA1_Channel5_IRQHandler                 0x0800511b   Thumb Code     0  startup_stm32f10x_md.o(.text)
    DMA1_Channel6_IRQHandler                 0x0800511b   Thumb Code     0  startup_stm32f10x_md.o(.text)
    DMA1_Channel7_IRQHandler                 0x0800511b   Thumb Code     0  startup_stm32f10x_md.o(.text)
    EXTI0_IRQHandler                         0x0800511b   Thumb Code     0  startup_stm32f10x_md.o(.text)
    EXTI1_IRQHandler                         0x0800511b   Thumb Code     0  startup_stm32f10x_md.o(.text)
    EXTI2_IRQHandler                         0x0800511b   Thumb Code     0  startup_stm32f10x_md.o(.text)
    EXTI3_IRQHandler                         0x0800511b   Thumb Code     0  startup_stm32f10x_md.o(.text)
    EXTI4_IRQHandler                         0x0800511b   Thumb Code     0  startup_stm32f10x_md.o(.text)
    FLASH_IRQHandler                         0x0800511b   Thumb Code     0  startup_stm32f10x_md.o(.text)
    I2C1_ER_IRQHandler                       0x0800511b   Thumb Code     0  startup_stm32f10x_md.o(.text)
    I2C1_EV_IRQHandler                       0x0800511b   Thumb Code     0  startup_stm32f10x_md.o(.text)
    I2C2_ER_IRQHandler                       0x0800511b   Thumb Code     0  startup_stm32f10x_md.o(.text)
    I2C2_EV_IRQHandler                       0x0800511b   Thumb Code     0  startup_stm32f10x_md.o(.text)
    PVD_IRQHandler                           0x0800511b   Thumb Code     0  startup_stm32f10x_md.o(.text)
    RCC_IRQHandler                           0x0800511b   Thumb Code     0  startup_stm32f10x_md.o(.text)
    RTCAlarm_IRQHandler                      0x0800511b   Thumb Code     0  startup_stm32f10x_md.o(.text)
    RTC_IRQHandler                           0x0800511b   Thumb Code     0  startup_stm32f10x_md.o(.text)
    SPI1_IRQHandler                          0x0800511b   Thumb Code     0  startup_stm32f10x_md.o(.text)
    SPI2_IRQHandler                          0x0800511b   Thumb Code     0  startup_stm32f10x_md.o(.text)
    TAMPER_IRQHandler                        0x0800511b   Thumb Code     0  startup_stm32f10x_md.o(.text)
    TIM1_BRK_IRQHandler                      0x0800511b   Thumb Code     0  startup_stm32f10x_md.o(.text)
    TIM1_CC_IRQHandler                       0x0800511b   Thumb Code     0  startup_stm32f10x_md.o(.text)
    TIM1_TRG_COM_IRQHandler                  0x0800511b   Thumb Code     0  startup_stm32f10x_md.o(.text)
    TIM1_UP_IRQHandler                       0x0800511b   Thumb Code     0  startup_stm32f10x_md.o(.text)
    TIM3_IRQHandler                          0x0800511b   Thumb Code     0  startup_stm32f10x_md.o(.text)
    TIM4_IRQHandler                          0x0800511b   Thumb Code     0  startup_stm32f10x_md.o(.text)
    USBWakeUp_IRQHandler                     0x0800511b   Thumb Code     0  startup_stm32f10x_md.o(.text)
    USB_HP_CAN1_TX_IRQHandler                0x0800511b   Thumb Code     0  startup_stm32f10x_md.o(.text)
    USB_LP_CAN1_RX0_IRQHandler               0x0800511b   Thumb Code     0  startup_stm32f10x_md.o(.text)
    WWDG_IRQHandler                          0x0800511b   Thumb Code     0  startup_stm32f10x_md.o(.text)
    NVIC_PriorityGroupConfig                 0x08005125   Thumb Code    10  misc.o(.text)
    NVIC_Init                                0x0800512f   Thumb Code   102  misc.o(.text)
    NVIC_SetVectorTable                      0x08005195   Thumb Code    14  misc.o(.text)
    NVIC_SystemLPConfig                      0x080051a3   Thumb Code    34  misc.o(.text)
    SysTick_CLKSourceConfig                  0x080051c5   Thumb Code    40  misc.o(.text)
    ADC_DeInit                               0x08005201   Thumb Code    78  stm32f10x_adc.o(.text)
    ADC_Init                                 0x0800524f   Thumb Code    70  stm32f10x_adc.o(.text)
    ADC_StructInit                           0x08005295   Thumb Code    18  stm32f10x_adc.o(.text)
    ADC_Cmd                                  0x080052a7   Thumb Code    22  stm32f10x_adc.o(.text)
    ADC_DMACmd                               0x080052bd   Thumb Code    22  stm32f10x_adc.o(.text)
    ADC_ITConfig                             0x080052d3   Thumb Code    24  stm32f10x_adc.o(.text)
    ADC_ResetCalibration                     0x080052eb   Thumb Code    10  stm32f10x_adc.o(.text)
    ADC_GetResetCalibrationStatus            0x080052f5   Thumb Code    20  stm32f10x_adc.o(.text)
    ADC_StartCalibration                     0x08005309   Thumb Code    10  stm32f10x_adc.o(.text)
    ADC_GetCalibrationStatus                 0x08005313   Thumb Code    20  stm32f10x_adc.o(.text)
    ADC_SoftwareStartConvCmd                 0x08005327   Thumb Code    22  stm32f10x_adc.o(.text)
    ADC_GetSoftwareStartConvStatus           0x0800533d   Thumb Code    20  stm32f10x_adc.o(.text)
    ADC_DiscModeChannelCountConfig           0x08005351   Thumb Code    24  stm32f10x_adc.o(.text)
    ADC_DiscModeCmd                          0x08005369   Thumb Code    22  stm32f10x_adc.o(.text)
    ADC_RegularChannelConfig                 0x0800537f   Thumb Code   184  stm32f10x_adc.o(.text)
    ADC_ExternalTrigConvCmd                  0x08005437   Thumb Code    22  stm32f10x_adc.o(.text)
    ADC_GetConversionValue                   0x0800544d   Thumb Code     8  stm32f10x_adc.o(.text)
    ADC_GetDualModeConversionValue           0x08005455   Thumb Code     8  stm32f10x_adc.o(.text)
    ADC_AutoInjectedConvCmd                  0x0800545d   Thumb Code    22  stm32f10x_adc.o(.text)
    ADC_InjectedDiscModeCmd                  0x08005473   Thumb Code    22  stm32f10x_adc.o(.text)
    ADC_ExternalTrigInjectedConvConfig       0x08005489   Thumb Code    16  stm32f10x_adc.o(.text)
    ADC_ExternalTrigInjectedConvCmd          0x08005499   Thumb Code    22  stm32f10x_adc.o(.text)
    ADC_SoftwareStartInjectedConvCmd         0x080054af   Thumb Code    22  stm32f10x_adc.o(.text)
    ADC_GetSoftwareStartInjectedConvCmdStatus 0x080054c5   Thumb Code    20  stm32f10x_adc.o(.text)
    ADC_InjectedChannelConfig                0x080054d9   Thumb Code   130  stm32f10x_adc.o(.text)
    ADC_InjectedSequencerLengthConfig        0x0800555b   Thumb Code    24  stm32f10x_adc.o(.text)
    ADC_SetInjectedOffset                    0x08005573   Thumb Code    12  stm32f10x_adc.o(.text)
    ADC_GetInjectedConversionValue           0x0800557f   Thumb Code    18  stm32f10x_adc.o(.text)
    ADC_AnalogWatchdogCmd                    0x08005591   Thumb Code    16  stm32f10x_adc.o(.text)
    ADC_AnalogWatchdogThresholdsConfig       0x080055a1   Thumb Code     6  stm32f10x_adc.o(.text)
    ADC_AnalogWatchdogSingleChannelConfig    0x080055a7   Thumb Code    16  stm32f10x_adc.o(.text)
    ADC_TempSensorVrefintCmd                 0x080055b7   Thumb Code    38  stm32f10x_adc.o(.text)
    ADC_GetFlagStatus                        0x080055dd   Thumb Code    44  stm32f10x_adc.o(.text)
    ADC_ClearFlag                            0x08005609   Thumb Code     6  stm32f10x_adc.o(.text)
    ADC_GetITStatus                          0x0800560f   Thumb Code    36  stm32f10x_adc.o(.text)
    ADC_ClearITPendingBit                    0x08005633   Thumb Code    10  stm32f10x_adc.o(.text)
    BKP_DeInit                               0x0800563d   Thumb Code    16  stm32f10x_bkp.o(.text)
    BKP_TamperPinLevelConfig                 0x0800564d   Thumb Code     6  stm32f10x_bkp.o(.text)
    BKP_TamperPinCmd                         0x08005653   Thumb Code     8  stm32f10x_bkp.o(.text)
    BKP_ITConfig                             0x0800565b   Thumb Code     8  stm32f10x_bkp.o(.text)
    BKP_RTCOutputConfig                      0x08005663   Thumb Code    22  stm32f10x_bkp.o(.text)
    BKP_SetRTCCalibrationValue               0x08005679   Thumb Code    22  stm32f10x_bkp.o(.text)
    BKP_WriteBackupRegister                  0x0800568f   Thumb Code    12  stm32f10x_bkp.o(.text)
    BKP_ReadBackupRegister                   0x0800569b   Thumb Code    14  stm32f10x_bkp.o(.text)
    BKP_GetFlagStatus                        0x080056a9   Thumb Code    10  stm32f10x_bkp.o(.text)
    BKP_ClearFlag                            0x080056b3   Thumb Code    18  stm32f10x_bkp.o(.text)
    BKP_GetITStatus                          0x080056c5   Thumb Code    10  stm32f10x_bkp.o(.text)
    BKP_ClearITPendingBit                    0x080056cf   Thumb Code    18  stm32f10x_bkp.o(.text)
    EXTI_DeInit                              0x080056e9   Thumb Code    28  stm32f10x_exti.o(.text)
    EXTI_Init                                0x08005705   Thumb Code   142  stm32f10x_exti.o(.text)
    EXTI_StructInit                          0x08005793   Thumb Code    16  stm32f10x_exti.o(.text)
    EXTI_GenerateSWInterrupt                 0x080057a3   Thumb Code    16  stm32f10x_exti.o(.text)
    EXTI_GetFlagStatus                       0x080057b3   Thumb Code    22  stm32f10x_exti.o(.text)
    EXTI_ClearFlag                           0x080057c9   Thumb Code     8  stm32f10x_exti.o(.text)
    EXTI_GetITStatus                         0x080057d1   Thumb Code    34  stm32f10x_exti.o(.text)
    EXTI_ClearITPendingBit                   0x080057f3   Thumb Code     8  stm32f10x_exti.o(.text)
    GPIO_DeInit                              0x08005805   Thumb Code   172  stm32f10x_gpio.o(.text)
    GPIO_AFIODeInit                          0x080058b1   Thumb Code    20  stm32f10x_gpio.o(.text)
    GPIO_Init                                0x080058c5   Thumb Code   274  stm32f10x_gpio.o(.text)
    GPIO_StructInit                          0x080059d7   Thumb Code    16  stm32f10x_gpio.o(.text)
    GPIO_ReadInputDataBit                    0x080059e7   Thumb Code    18  stm32f10x_gpio.o(.text)
    GPIO_ReadInputData                       0x080059f9   Thumb Code     8  stm32f10x_gpio.o(.text)
    GPIO_ReadOutputDataBit                   0x08005a01   Thumb Code    18  stm32f10x_gpio.o(.text)
    GPIO_ReadOutputData                      0x08005a13   Thumb Code     8  stm32f10x_gpio.o(.text)
    GPIO_SetBits                             0x08005a1b   Thumb Code     4  stm32f10x_gpio.o(.text)
    GPIO_ResetBits                           0x08005a1f   Thumb Code     4  stm32f10x_gpio.o(.text)
    GPIO_WriteBit                            0x08005a23   Thumb Code    10  stm32f10x_gpio.o(.text)
    GPIO_Write                               0x08005a2d   Thumb Code     4  stm32f10x_gpio.o(.text)
    GPIO_PinLockConfig                       0x08005a31   Thumb Code    18  stm32f10x_gpio.o(.text)
    GPIO_EventOutputConfig                   0x08005a43   Thumb Code    26  stm32f10x_gpio.o(.text)
    GPIO_EventOutputCmd                      0x08005a5d   Thumb Code     6  stm32f10x_gpio.o(.text)
    GPIO_PinRemapConfig                      0x08005a63   Thumb Code   138  stm32f10x_gpio.o(.text)
    GPIO_EXTILineConfig                      0x08005aed   Thumb Code    66  stm32f10x_gpio.o(.text)
    GPIO_ETH_MediaInterfaceConfig            0x08005b2f   Thumb Code     6  stm32f10x_gpio.o(.text)
    IWDG_WriteAccessCmd                      0x08005b5d   Thumb Code     6  stm32f10x_iwdg.o(.text)
    IWDG_SetPrescaler                        0x08005b63   Thumb Code     6  stm32f10x_iwdg.o(.text)
    IWDG_SetReload                           0x08005b69   Thumb Code     6  stm32f10x_iwdg.o(.text)
    IWDG_ReloadCounter                       0x08005b6f   Thumb Code    10  stm32f10x_iwdg.o(.text)
    IWDG_Enable                              0x08005b79   Thumb Code    10  stm32f10x_iwdg.o(.text)
    IWDG_GetFlagStatus                       0x08005b83   Thumb Code    20  stm32f10x_iwdg.o(.text)
    PWR_DeInit                               0x08005b9d   Thumb Code    22  stm32f10x_pwr.o(.text)
    PWR_BackupAccessCmd                      0x08005bb3   Thumb Code     6  stm32f10x_pwr.o(.text)
    PWR_PVDCmd                               0x08005bb9   Thumb Code     6  stm32f10x_pwr.o(.text)
    PWR_PVDLevelConfig                       0x08005bbf   Thumb Code    18  stm32f10x_pwr.o(.text)
    PWR_WakeUpPinCmd                         0x08005bd1   Thumb Code     6  stm32f10x_pwr.o(.text)
    PWR_EnterSTOPMode                        0x08005bd7   Thumb Code    54  stm32f10x_pwr.o(.text)
    PWR_EnterSTANDBYMode                     0x08005c0d   Thumb Code    42  stm32f10x_pwr.o(.text)
    PWR_GetFlagStatus                        0x08005c37   Thumb Code    20  stm32f10x_pwr.o(.text)
    PWR_ClearFlag                            0x08005c4b   Thumb Code    14  stm32f10x_pwr.o(.text)
    RCC_DeInit                               0x08005c69   Thumb Code    64  stm32f10x_rcc.o(.text)
    RCC_HSEConfig                            0x08005ca9   Thumb Code    70  stm32f10x_rcc.o(.text)
    RCC_GetFlagStatus                        0x08005cef   Thumb Code    56  stm32f10x_rcc.o(.text)
    RCC_WaitForHSEStartUp                    0x08005d27   Thumb Code    48  stm32f10x_rcc.o(.text)
    RCC_AdjustHSICalibrationValue            0x08005d57   Thumb Code    20  stm32f10x_rcc.o(.text)
    RCC_HSICmd                               0x08005d6b   Thumb Code     6  stm32f10x_rcc.o(.text)
    RCC_PLLConfig                            0x08005d71   Thumb Code    24  stm32f10x_rcc.o(.text)
    RCC_PLLCmd                               0x08005d89   Thumb Code     6  stm32f10x_rcc.o(.text)
    RCC_SYSCLKConfig                         0x08005d8f   Thumb Code    18  stm32f10x_rcc.o(.text)
    RCC_GetSYSCLKSource                      0x08005da1   Thumb Code    10  stm32f10x_rcc.o(.text)
    RCC_HCLKConfig                           0x08005dab   Thumb Code    18  stm32f10x_rcc.o(.text)
    RCC_PCLK1Config                          0x08005dbd   Thumb Code    18  stm32f10x_rcc.o(.text)
    RCC_PCLK2Config                          0x08005dcf   Thumb Code    20  stm32f10x_rcc.o(.text)
    RCC_ITConfig                             0x08005de3   Thumb Code    26  stm32f10x_rcc.o(.text)
    RCC_USBCLKConfig                         0x08005dfd   Thumb Code     6  stm32f10x_rcc.o(.text)
    RCC_ADCCLKConfig                         0x08005e03   Thumb Code    18  stm32f10x_rcc.o(.text)
    RCC_LSEConfig                            0x08005e15   Thumb Code    44  stm32f10x_rcc.o(.text)
    RCC_LSICmd                               0x08005e41   Thumb Code     6  stm32f10x_rcc.o(.text)
    RCC_RTCCLKConfig                         0x08005e47   Thumb Code    12  stm32f10x_rcc.o(.text)
    RCC_RTCCLKCmd                            0x08005e53   Thumb Code     8  stm32f10x_rcc.o(.text)
    RCC_GetClocksFreq                        0x08005e5b   Thumb Code   192  stm32f10x_rcc.o(.text)
    RCC_AHBPeriphClockCmd                    0x08005f1b   Thumb Code    26  stm32f10x_rcc.o(.text)
    RCC_APB2PeriphClockCmd                   0x08005f35   Thumb Code    26  stm32f10x_rcc.o(.text)
    RCC_APB1PeriphClockCmd                   0x08005f4f   Thumb Code    26  stm32f10x_rcc.o(.text)
    RCC_APB2PeriphResetCmd                   0x08005f69   Thumb Code    26  stm32f10x_rcc.o(.text)
    RCC_APB1PeriphResetCmd                   0x08005f83   Thumb Code    26  stm32f10x_rcc.o(.text)
    RCC_BackupResetCmd                       0x08005f9d   Thumb Code     8  stm32f10x_rcc.o(.text)
    RCC_ClockSecuritySystemCmd               0x08005fa5   Thumb Code     6  stm32f10x_rcc.o(.text)
    RCC_MCOConfig                            0x08005fab   Thumb Code     6  stm32f10x_rcc.o(.text)
    RCC_ClearFlag                            0x08005fb1   Thumb Code    14  stm32f10x_rcc.o(.text)
    RCC_GetITStatus                          0x08005fbf   Thumb Code    20  stm32f10x_rcc.o(.text)
    RCC_ClearITPendingBit                    0x08005fd3   Thumb Code     6  stm32f10x_rcc.o(.text)
    RTC_ITConfig                             0x08006005   Thumb Code    26  stm32f10x_rtc.o(.text)
    RTC_EnterConfigMode                      0x0800601f   Thumb Code    18  stm32f10x_rtc.o(.text)
    RTC_ExitConfigMode                       0x08006031   Thumb Code    20  stm32f10x_rtc.o(.text)
    RTC_GetCounter                           0x08006045   Thumb Code    18  stm32f10x_rtc.o(.text)
    RTC_SetCounter                           0x08006057   Thumb Code    26  stm32f10x_rtc.o(.text)
    RTC_SetPrescaler                         0x08006071   Thumb Code    28  stm32f10x_rtc.o(.text)
    RTC_SetAlarm                             0x0800608d   Thumb Code    26  stm32f10x_rtc.o(.text)
    RTC_GetDivider                           0x080060a7   Thumb Code    22  stm32f10x_rtc.o(.text)
    RTC_WaitForLastTask                      0x080060bd   Thumb Code    16  stm32f10x_rtc.o(.text)
    RTC_WaitForSynchro                       0x080060cd   Thumb Code    34  stm32f10x_rtc.o(.text)
    RTC_GetFlagStatus                        0x080060ef   Thumb Code    22  stm32f10x_rtc.o(.text)
    RTC_ClearFlag                            0x08006105   Thumb Code    16  stm32f10x_rtc.o(.text)
    RTC_GetITStatus                          0x08006115   Thumb Code    32  stm32f10x_rtc.o(.text)
    RTC_ClearITPendingBit                    0x08006135   Thumb Code    16  stm32f10x_rtc.o(.text)
    SPI_I2S_DeInit                           0x08006149   Thumb Code    76  stm32f10x_spi.o(.text)
    SPI_Init                                 0x08006195   Thumb Code    60  stm32f10x_spi.o(.text)
    I2S_Init                                 0x080061d1   Thumb Code   226  stm32f10x_spi.o(.text)
    SPI_StructInit                           0x080062b3   Thumb Code    24  stm32f10x_spi.o(.text)
    I2S_StructInit                           0x080062cb   Thumb Code    20  stm32f10x_spi.o(.text)
    SPI_Cmd                                  0x080062df   Thumb Code    24  stm32f10x_spi.o(.text)
    I2S_Cmd                                  0x080062f7   Thumb Code    24  stm32f10x_spi.o(.text)
    SPI_I2S_ITConfig                         0x0800630f   Thumb Code    32  stm32f10x_spi.o(.text)
    SPI_I2S_DMACmd                           0x0800632f   Thumb Code    18  stm32f10x_spi.o(.text)
    SPI_I2S_SendData                         0x08006341   Thumb Code     4  stm32f10x_spi.o(.text)
    SPI_I2S_ReceiveData                      0x08006345   Thumb Code     6  stm32f10x_spi.o(.text)
    SPI_NSSInternalSoftwareConfig            0x0800634b   Thumb Code    30  stm32f10x_spi.o(.text)
    SPI_SSOutputCmd                          0x08006369   Thumb Code    24  stm32f10x_spi.o(.text)
    SPI_DataSizeConfig                       0x08006381   Thumb Code    18  stm32f10x_spi.o(.text)
    SPI_TransmitCRC                          0x08006393   Thumb Code    10  stm32f10x_spi.o(.text)
    SPI_CalculateCRC                         0x0800639d   Thumb Code    24  stm32f10x_spi.o(.text)
    SPI_GetCRC                               0x080063b5   Thumb Code    16  stm32f10x_spi.o(.text)
    SPI_GetCRCPolynomial                     0x080063c5   Thumb Code     6  stm32f10x_spi.o(.text)
    SPI_BiDirectionalLineConfig              0x080063cb   Thumb Code    28  stm32f10x_spi.o(.text)
    SPI_I2S_GetFlagStatus                    0x080063e7   Thumb Code    18  stm32f10x_spi.o(.text)
    SPI_I2S_ClearFlag                        0x080063f9   Thumb Code     6  stm32f10x_spi.o(.text)
    SPI_I2S_GetITStatus                      0x080063ff   Thumb Code    52  stm32f10x_spi.o(.text)
    SPI_I2S_ClearITPendingBit                0x08006433   Thumb Code    20  stm32f10x_spi.o(.text)
    TIM_DeInit                               0x08006455   Thumb Code   424  stm32f10x_tim.o(.text)
    TIM_TimeBaseInit                         0x080065fd   Thumb Code   122  stm32f10x_tim.o(.text)
    TIM_OC1Init                              0x08006677   Thumb Code   132  stm32f10x_tim.o(.text)
    TIM_OC2Init                              0x080066fb   Thumb Code   154  stm32f10x_tim.o(.text)
    TIM_OC3Init                              0x08006795   Thumb Code   150  stm32f10x_tim.o(.text)
    TIM_OC4Init                              0x0800682b   Thumb Code   182  stm32f10x_tim.o(.text)
    TIM_SetIC4Prescaler                      0x080068e1   Thumb Code    26  stm32f10x_tim.o(.text)
    TIM_SetIC3Prescaler                      0x0800697d   Thumb Code    18  stm32f10x_tim.o(.text)
    TIM_SetIC2Prescaler                      0x08006a09   Thumb Code    26  stm32f10x_tim.o(.text)
    TIM_SetIC1Prescaler                      0x08006aa5   Thumb Code    18  stm32f10x_tim.o(.text)
    TIM_ICInit                               0x08006b23   Thumb Code   150  stm32f10x_tim.o(.text)
    TIM_PWMIConfig                           0x08006bb9   Thumb Code   124  stm32f10x_tim.o(.text)
    TIM_BDTRConfig                           0x08006c35   Thumb Code    32  stm32f10x_tim.o(.text)
    TIM_TimeBaseStructInit                   0x08006c55   Thumb Code    18  stm32f10x_tim.o(.text)
    TIM_OCStructInit                         0x08006c67   Thumb Code    20  stm32f10x_tim.o(.text)
    TIM_ICStructInit                         0x08006c7b   Thumb Code    18  stm32f10x_tim.o(.text)
    TIM_BDTRStructInit                       0x08006c8d   Thumb Code    40  stm32f10x_tim.o(.text)
    TIM_Cmd                                  0x08006cb5   Thumb Code    24  stm32f10x_tim.o(.text)
    TIM_CtrlPWMOutputs                       0x08006ccd   Thumb Code    30  stm32f10x_tim.o(.text)
    TIM_ITConfig                             0x08006ceb   Thumb Code    18  stm32f10x_tim.o(.text)
    TIM_GenerateEvent                        0x08006cfd   Thumb Code     4  stm32f10x_tim.o(.text)
    TIM_DMAConfig                            0x08006d01   Thumb Code    10  stm32f10x_tim.o(.text)
    TIM_DMACmd                               0x08006d0b   Thumb Code    18  stm32f10x_tim.o(.text)
    TIM_InternalClockConfig                  0x08006d1d   Thumb Code    12  stm32f10x_tim.o(.text)
    TIM_SelectInputTrigger                   0x08006d29   Thumb Code    18  stm32f10x_tim.o(.text)
    TIM_ITRxExternalClockConfig              0x08006d3b   Thumb Code    24  stm32f10x_tim.o(.text)
    TIM_TIxExternalClockConfig               0x08006d53   Thumb Code    62  stm32f10x_tim.o(.text)
    TIM_ETRConfig                            0x08006d91   Thumb Code    28  stm32f10x_tim.o(.text)
    TIM_ETRClockMode1Config                  0x08006dad   Thumb Code    54  stm32f10x_tim.o(.text)
    TIM_ETRClockMode2Config                  0x08006de3   Thumb Code    32  stm32f10x_tim.o(.text)
    TIM_PrescalerConfig                      0x08006e03   Thumb Code     6  stm32f10x_tim.o(.text)
    TIM_CounterModeConfig                    0x08006e09   Thumb Code    18  stm32f10x_tim.o(.text)
    TIM_EncoderInterfaceConfig               0x08006e1b   Thumb Code    66  stm32f10x_tim.o(.text)
    TIM_ForcedOC1Config                      0x08006e5d   Thumb Code    18  stm32f10x_tim.o(.text)
    TIM_ForcedOC2Config                      0x08006e6f   Thumb Code    26  stm32f10x_tim.o(.text)
    TIM_ForcedOC3Config                      0x08006e89   Thumb Code    18  stm32f10x_tim.o(.text)
    TIM_ForcedOC4Config                      0x08006e9b   Thumb Code    26  stm32f10x_tim.o(.text)
    TIM_ARRPreloadConfig                     0x08006eb5   Thumb Code    24  stm32f10x_tim.o(.text)
    TIM_SelectCOM                            0x08006ecd   Thumb Code    24  stm32f10x_tim.o(.text)
    TIM_SelectCCDMA                          0x08006ee5   Thumb Code    24  stm32f10x_tim.o(.text)
    TIM_CCPreloadControl                     0x08006efd   Thumb Code    24  stm32f10x_tim.o(.text)
    TIM_OC1PreloadConfig                     0x08006f15   Thumb Code    18  stm32f10x_tim.o(.text)
    TIM_OC2PreloadConfig                     0x08006f27   Thumb Code    26  stm32f10x_tim.o(.text)
    TIM_OC3PreloadConfig                     0x08006f41   Thumb Code    18  stm32f10x_tim.o(.text)
    TIM_OC4PreloadConfig                     0x08006f53   Thumb Code    26  stm32f10x_tim.o(.text)
    TIM_OC1FastConfig                        0x08006f6d   Thumb Code    18  stm32f10x_tim.o(.text)
    TIM_OC2FastConfig                        0x08006f7f   Thumb Code    26  stm32f10x_tim.o(.text)
    TIM_OC3FastConfig                        0x08006f99   Thumb Code    18  stm32f10x_tim.o(.text)
    TIM_OC4FastConfig                        0x08006fab   Thumb Code    26  stm32f10x_tim.o(.text)
    TIM_ClearOC1Ref                          0x08006fc5   Thumb Code    18  stm32f10x_tim.o(.text)
    TIM_ClearOC2Ref                          0x08006fd7   Thumb Code    24  stm32f10x_tim.o(.text)
    TIM_ClearOC3Ref                          0x08006fef   Thumb Code    18  stm32f10x_tim.o(.text)
    TIM_ClearOC4Ref                          0x08007001   Thumb Code    24  stm32f10x_tim.o(.text)
    TIM_OC1PolarityConfig                    0x08007019   Thumb Code    18  stm32f10x_tim.o(.text)
    TIM_OC1NPolarityConfig                   0x0800702b   Thumb Code    18  stm32f10x_tim.o(.text)
    TIM_OC2PolarityConfig                    0x0800703d   Thumb Code    26  stm32f10x_tim.o(.text)
    TIM_OC2NPolarityConfig                   0x08007057   Thumb Code    26  stm32f10x_tim.o(.text)
    TIM_OC3PolarityConfig                    0x08007071   Thumb Code    26  stm32f10x_tim.o(.text)
    TIM_OC3NPolarityConfig                   0x0800708b   Thumb Code    26  stm32f10x_tim.o(.text)
    TIM_OC4PolarityConfig                    0x080070a5   Thumb Code    26  stm32f10x_tim.o(.text)
    TIM_CCxCmd                               0x080070bf   Thumb Code    30  stm32f10x_tim.o(.text)
    TIM_CCxNCmd                              0x080070dd   Thumb Code    30  stm32f10x_tim.o(.text)
    TIM_SelectOCxM                           0x080070fb   Thumb Code    82  stm32f10x_tim.o(.text)
    TIM_UpdateDisableConfig                  0x0800714d   Thumb Code    24  stm32f10x_tim.o(.text)
    TIM_UpdateRequestConfig                  0x08007165   Thumb Code    24  stm32f10x_tim.o(.text)
    TIM_SelectHallSensor                     0x0800717d   Thumb Code    24  stm32f10x_tim.o(.text)
    TIM_SelectOnePulseMode                   0x08007195   Thumb Code    18  stm32f10x_tim.o(.text)
    TIM_SelectOutputTrigger                  0x080071a7   Thumb Code    18  stm32f10x_tim.o(.text)
    TIM_SelectSlaveMode                      0x080071b9   Thumb Code    18  stm32f10x_tim.o(.text)
    TIM_SelectMasterSlaveMode                0x080071cb   Thumb Code    18  stm32f10x_tim.o(.text)
    TIM_SetCounter                           0x080071dd   Thumb Code     4  stm32f10x_tim.o(.text)
    TIM_SetAutoreload                        0x080071e1   Thumb Code     4  stm32f10x_tim.o(.text)
    TIM_SetCompare1                          0x080071e5   Thumb Code     4  stm32f10x_tim.o(.text)
    TIM_SetCompare2                          0x080071e9   Thumb Code     4  stm32f10x_tim.o(.text)
    TIM_SetCompare3                          0x080071ed   Thumb Code     4  stm32f10x_tim.o(.text)
    TIM_SetCompare4                          0x080071f1   Thumb Code     6  stm32f10x_tim.o(.text)
    TIM_SetClockDivision                     0x080071f7   Thumb Code    18  stm32f10x_tim.o(.text)
    TIM_GetCapture1                          0x08007209   Thumb Code     6  stm32f10x_tim.o(.text)
    TIM_GetCapture2                          0x0800720f   Thumb Code     6  stm32f10x_tim.o(.text)
    TIM_GetCapture3                          0x08007215   Thumb Code     6  stm32f10x_tim.o(.text)
    TIM_GetCapture4                          0x0800721b   Thumb Code     8  stm32f10x_tim.o(.text)
    TIM_GetCounter                           0x08007223   Thumb Code     6  stm32f10x_tim.o(.text)
    TIM_GetPrescaler                         0x08007229   Thumb Code     6  stm32f10x_tim.o(.text)
    TIM_GetFlagStatus                        0x0800722f   Thumb Code    18  stm32f10x_tim.o(.text)
    TIM_ClearFlag                            0x08007241   Thumb Code     6  stm32f10x_tim.o(.text)
    TIM_GetITStatus                          0x08007247   Thumb Code    34  stm32f10x_tim.o(.text)
    TIM_ClearITPendingBit                    0x08007269   Thumb Code     6  stm32f10x_tim.o(.text)
    USART_DeInit                             0x08007271   Thumb Code   134  stm32f10x_usart.o(.text)
    USART_Init                               0x080072f7   Thumb Code   210  stm32f10x_usart.o(.text)
    USART_StructInit                         0x080073c9   Thumb Code    24  stm32f10x_usart.o(.text)
    USART_ClockInit                          0x080073e1   Thumb Code    34  stm32f10x_usart.o(.text)
    USART_ClockStructInit                    0x08007403   Thumb Code    12  stm32f10x_usart.o(.text)
    USART_Cmd                                0x0800740f   Thumb Code    24  stm32f10x_usart.o(.text)
    USART_ITConfig                           0x08007427   Thumb Code    74  stm32f10x_usart.o(.text)
    USART_DMACmd                             0x08007471   Thumb Code    18  stm32f10x_usart.o(.text)
    USART_SetAddress                         0x08007483   Thumb Code    18  stm32f10x_usart.o(.text)
    USART_WakeUpConfig                       0x08007495   Thumb Code    18  stm32f10x_usart.o(.text)
    USART_ReceiverWakeUpCmd                  0x080074a7   Thumb Code    24  stm32f10x_usart.o(.text)
    USART_LINBreakDetectLengthConfig         0x080074bf   Thumb Code    18  stm32f10x_usart.o(.text)
    USART_LINCmd                             0x080074d1   Thumb Code    24  stm32f10x_usart.o(.text)
    USART_SendData                           0x080074e9   Thumb Code     8  stm32f10x_usart.o(.text)
    USART_ReceiveData                        0x080074f1   Thumb Code    10  stm32f10x_usart.o(.text)
    USART_SendBreak                          0x080074fb   Thumb Code    10  stm32f10x_usart.o(.text)
    USART_SetGuardTime                       0x08007505   Thumb Code    16  stm32f10x_usart.o(.text)
    USART_SetPrescaler                       0x08007515   Thumb Code    16  stm32f10x_usart.o(.text)
    USART_SmartCardCmd                       0x08007525   Thumb Code    24  stm32f10x_usart.o(.text)
    USART_SmartCardNACKCmd                   0x0800753d   Thumb Code    24  stm32f10x_usart.o(.text)
    USART_HalfDuplexCmd                      0x08007555   Thumb Code    24  stm32f10x_usart.o(.text)
    USART_OverSampling8Cmd                   0x0800756d   Thumb Code    22  stm32f10x_usart.o(.text)
    USART_OneBitMethodCmd                    0x08007583   Thumb Code    24  stm32f10x_usart.o(.text)
    USART_IrDAConfig                         0x0800759b   Thumb Code    18  stm32f10x_usart.o(.text)
    USART_IrDACmd                            0x080075ad   Thumb Code    24  stm32f10x_usart.o(.text)
    USART_GetFlagStatus                      0x080075c5   Thumb Code    26  stm32f10x_usart.o(.text)
    USART_ClearFlag                          0x080075df   Thumb Code    18  stm32f10x_usart.o(.text)
    USART_GetITStatus                        0x080075f1   Thumb Code    84  stm32f10x_usart.o(.text)
    USART_ClearITPendingBit                  0x08007645   Thumb Code    52  stm32f10x_usart.o(.text)
    ST_Idle                                  0x08007679   Thumb Code   494  main.o(.text)
    coil_control_Init                        0x08007867   Thumb Code    46  main.o(.text)
    buzzer_control_Init                      0x08007895   Thumb Code    54  main.o(.text)
    oled_control_Init                        0x080078cb   Thumb Code    46  main.o(.text)
    max232_control_Init                      0x080078f9   Thumb Code    46  main.o(.text)
    bluetooth_control_Init                   0x08007927   Thumb Code    46  main.o(.text)
    USB_BIT_Init                             0x08007955   Thumb Code    40  main.o(.text)
    main                                     0x0800797d   Thumb Code   416  main.o(.text)
    GPIO_Configuration                       0x08007b1d   Thumb Code    50  main.o(.text)
    NMI_Handler                              0x08007b59   Thumb Code     2  stm32f10x_it.o(.text)
    HardFault_Handler                        0x08007b5b   Thumb Code     4  stm32f10x_it.o(.text)
    MemManage_Handler                        0x08007b5f   Thumb Code     4  stm32f10x_it.o(.text)
    BusFault_Handler                         0x08007b63   Thumb Code     4  stm32f10x_it.o(.text)
    UsageFault_Handler                       0x08007b67   Thumb Code     4  stm32f10x_it.o(.text)
    SVC_Handler                              0x08007b6b   Thumb Code     2  stm32f10x_it.o(.text)
    DebugMon_Handler                         0x08007b6d   Thumb Code     2  stm32f10x_it.o(.text)
    PendSV_Handler                           0x08007b6f   Thumb Code     2  stm32f10x_it.o(.text)
    SysTick_Handler                          0x08007b71   Thumb Code     2  stm32f10x_it.o(.text)
    USART1_IRQHandler                        0x08007b73   Thumb Code    64  stm32f10x_it.o(.text)
    USART2_IRQHandler                        0x08007bb3   Thumb Code   118  stm32f10x_it.o(.text)
    USART3_IRQHandler                        0x08007c29   Thumb Code    64  stm32f10x_it.o(.text)
    TIM2_IRQHandler                          0x08007c69   Thumb Code    64  stm32f10x_it.o(.text)
    EXTI15_10_IRQHandler                     0x08007ca9   Thumb Code   172  stm32f10x_it.o(.text)
    EXTI9_5_IRQHandler                       0x08007d55   Thumb Code   122  stm32f10x_it.o(.text)
    SystemInit                               0x08007f29   Thumb Code    78  system_stm32f10x.o(.text)
    SystemCoreClockUpdate                    0x08007f77   Thumb Code   142  system_stm32f10x.o(.text)
    OLED_WR_Byte                             0x08008029   Thumb Code   126  oled.o(.text)
    OLED_Set_Pos                             0x080080a7   Thumb Code    44  oled.o(.text)
    OLED_ShowChinese                         0x080080d3   Thumb Code   166  oled.o(.text)
    OLED_ShowChar                            0x08008179   Thumb Code   160  oled.o(.text)
    OLED_ShowUnite                           0x08008219   Thumb Code    74  oled.o(.text)
    OLED_ClearArea                           0x08008263   Thumb Code    98  oled.o(.text)
    Main_Oled_Time                           0x080082c5   Thumb Code   420  oled.o(.text)
    OLED_DrawBMP                             0x08008469   Thumb Code   114  oled.o(.text)
    Main_Oled_Power                          0x080084db   Thumb Code   126  oled.o(.text)
    OLED_Show                                0x08008559   Thumb Code    20  oled.o(.text)
    OLED_ShowN                               0x0800856d   Thumb Code    32  oled.o(.text)
    ShowSlideMenu                            0x0800858d   Thumb Code   252  oled.o(.text)
    OLED_Clear                               0x08008689   Thumb Code    64  oled.o(.text)
    OLED_Display_On                          0x080086c9   Thumb Code    28  oled.o(.text)
    OLED_Display_Off                         0x080086e5   Thumb Code    28  oled.o(.text)
    Choose_MenuOp5                           0x08008701   Thumb Code   358  oled.o(.text)
    ShowMenuNoInverse                        0x08008867   Thumb Code    52  oled.o(.text)
    Choose_MenuOp4                           0x0800889b   Thumb Code   362  oled.o(.text)
    Choose_MenuOp1                           0x08008a05   Thumb Code   226  oled.o(.text)
    hs_menu                                  0x08008ae7   Thumb Code     8  oled.o(.text)
    tool_menu                                0x08008aef   Thumb Code     8  oled.o(.text)
    set_menu                                 0x08008af7   Thumb Code     8  oled.o(.text)
    Choose_MenuOp4_3                         0x08008aff   Thumb Code   198  oled.o(.text)
    shut_down_key                            0x08008bc5   Thumb Code     8  oled.o(.text)
    ShowMenu                                 0x08008bcd   Thumb Code    94  oled.o(.text)
    Choose_MenuOp4_22                        0x08008c2b   Thumb Code   734  oled.o(.text)
    password                                 0x08008f09   Thumb Code     8  oled.o(.text)
    power_off_oled                           0x08008f11   Thumb Code    14  oled.o(.text)
    close_lock                               0x08008f1f   Thumb Code    12  oled.o(.text)
    Choose_MenuOp5_2                         0x08008f2b   Thumb Code   156  oled.o(.text)
    Choose_MenuOp5_1                         0x08008fc7   Thumb Code   454  oled.o(.text)
    screensaver_time                         0x0800918d   Thumb Code     8  oled.o(.text)
    Choose_MenuOp5_3                         0x08009195   Thumb Code   156  oled.o(.text)
    version                                  0x08009231   Thumb Code     8  oled.o(.text)
    OLED_ShowNumHex                          0x08009239   Thumb Code   100  oled.o(.text)
    Choose_MenuOp4_4                         0x0800929d   Thumb Code   324  oled.o(.text)
    read_mac                                 0x080093e1   Thumb Code     8  oled.o(.text)
    begin_upgrade                            0x080093e9   Thumb Code    24  oled.o(.text)
    Choose_MenuOp5_4                         0x08009401   Thumb Code   172  oled.o(.text)
    firmware_upgrade                         0x080094ad   Thumb Code     8  oled.o(.text)
    OLED_Read_Whole_RAM                      0x080094b5   Thumb Code     2  oled.o(.text)
    oled_pow                                 0x080094b7   Thumb Code    22  oled.o(.text)
    OLED_ShowNum                             0x080094cd   Thumb Code   132  oled.o(.text)
    OLED_ShowString                          0x08009551   Thumb Code    84  oled.o(.text)
    OLED_Init                                0x080095a5   Thumb Code   320  oled.o(.text)
    SystemTick_Init                          0x080096e9   Thumb Code    88  delay.o(.text)
    delay_us                                 0x08009741   Thumb Code    64  delay.o(.text)
    delay_ms                                 0x08009781   Thumb Code    74  delay.o(.text)
    delay_s                                  0x080097cb   Thumb Code   196  delay.o(.text)
    NVIC_Configuration                       0x0800989d   Thumb Code   190  nvic.o(.text)
    Uart3_Init                               0x0800995d   Thumb Code    68  bluetooth.o(.text)
    USART3_Configuration                     0x080099a1   Thumb Code    62  bluetooth.o(.text)
    bluetooth_Configuration                  0x080099df   Thumb Code    68  bluetooth.o(.text)
    UART3Reset                               0x08009a23   Thumb Code    40  bluetooth.o(.text)
    UART3SendChar                            0x08009a4b   Thumb Code    64  bluetooth.o(.text)
    UART3nSendChar                           0x08009a8b   Thumb Code    92  bluetooth.o(.text)
    UART3ReadChar                            0x08009ae7   Thumb Code    90  bluetooth.o(.text)
    UART3nReadChar                           0x08009b41   Thumb Code    82  bluetooth.o(.text)
    UART3ReadFrm                             0x08009b93   Thumb Code   292  bluetooth.o(.text)
    UART3GetCount                            0x08009cb7   Thumb Code    74  bluetooth.o(.text)
    bluetooth_mac                            0x08009d01   Thumb Code   240  bluetooth.o(.text)
    Uart1_Init                               0x08009df5   Thumb Code    62  usart.o(.text)
    USART1_Configuration                     0x08009e33   Thumb Code    62  usart.o(.text)
    fputc                                    0x08009e71   Thumb Code    32  usart.o(.text)
    fgetc                                    0x08009e91   Thumb Code    26  usart.o(.text)
    Usb_Power_Init_In                        0x08009eab   Thumb Code    38  usart.o(.text)
    UART1Reset                               0x08009ed1   Thumb Code    40  usart.o(.text)
    UART1SendChar                            0x08009ef9   Thumb Code    44  usart.o(.text)
    UART1nSendChar                           0x08009f25   Thumb Code    56  usart.o(.text)
    UART1SendByteASCII                       0x08009f5d   Thumb Code    80  usart.o(.text)
    UART1SendwordHex                         0x08009fad   Thumb Code    46  usart.o(.text)
    UART1Send                                0x08009fdb   Thumb Code    30  usart.o(.text)
    UART1SendNewLine                         0x08009ff9   Thumb Code    62  usart.o(.text)
    UART1ReadChar                            0x0800a037   Thumb Code    90  usart.o(.text)
    UART1nReadChar                           0x0800a091   Thumb Code    82  usart.o(.text)
    UART1ReadLine                            0x0800a0e3   Thumb Code   178  usart.o(.text)
    UART1ReadFrm                             0x0800a195   Thumb Code   314  usart.o(.text)
    UART1GetCount                            0x0800a2cf   Thumb Code    74  usart.o(.text)
    Rfid_IO_Init_In                          0x0800a321   Thumb Code    56  rfid.o(.text)
    Uart2_Init                               0x0800a359   Thumb Code    66  rfid.o(.text)
    USART2_Configuration                     0x0800a39b   Thumb Code    62  rfid.o(.text)
    UART2SendChar                            0x0800a3d9   Thumb Code    44  rfid.o(.text)
    UART2nSendChar                           0x0800a405   Thumb Code    48  rfid.o(.text)
    UART2Reset                               0x0800a435   Thumb Code    40  rfid.o(.text)
    Read_RfidData                            0x0800a45d   Thumb Code   236  rfid.o(.text)
    save_rfid_result                         0x0800a549   Thumb Code   180  rfid.o(.text)
    buzzer_unlock_success                    0x0800a5fd   Thumb Code    34  rfid.o(.text)
    buzzer_unlock_fail                       0x0800a61f   Thumb Code    64  rfid.o(.text)
    check_lock_code                          0x0800a65f   Thumb Code   148  rfid.o(.text)
    Key_Trismit                              0x0800a6f3   Thumb Code   428  rfid.o(.text)
    SPI_FLASH_Init                           0x0800a8c9   Thumb Code   184  spi_flash.o(.text)
    SPI_FLASH_SendByte                       0x0800a981   Thumb Code    50  spi_flash.o(.text)
    SPI_FLASH_WaitForWriteEnd                0x0800a9b3   Thumb Code    44  spi_flash.o(.text)
    SPI_FLASH_WriteEnable                    0x0800a9df   Thumb Code    26  spi_flash.o(.text)
    SPI_FLASH_SectorErase                    0x0800a9f9   Thumb Code    62  spi_flash.o(.text)
    SPI_FLASH_BulkErase                      0x0800aa37   Thumb Code    34  spi_flash.o(.text)
    SPI_FLASH_PageWrite                      0x0800aa59   Thumb Code    96  spi_flash.o(.text)
    SPI_FLASH_WriteNoCheck                   0x0800aab9   Thumb Code    70  spi_flash.o(.text)
    SPI_FLASH_Read                           0x0800aaff   Thumb Code    76  spi_flash.o(.text)
    SPI_FLASH_Write                          0x0800ab4b   Thumb Code   178  spi_flash.o(.text)
    SPI_FLASH_BufferWrite                    0x0800abfd   Thumb Code   302  spi_flash.o(.text)
    SPI_FLASH_BufferRead                     0x0800ad2b   Thumb Code    76  spi_flash.o(.text)
    SPI_FLASH_WriteWord                      0x0800ad77   Thumb Code    46  spi_flash.o(.text)
    SPI_FLASH_ReadWord                       0x0800ada5   Thumb Code    52  spi_flash.o(.text)
    SPI_FLASH_ReadID                         0x0800add9   Thumb Code    74  spi_flash.o(.text)
    SPI_FLASH_ReadDeviceID                   0x0800ae23   Thumb Code    56  spi_flash.o(.text)
    SPI_FLASH_StartReadSequence              0x0800ae5b   Thumb Code    42  spi_flash.o(.text)
    SPI_FLASH_ReadByte                       0x0800ae85   Thumb Code    10  spi_flash.o(.text)
    SPI_FLASH_SendHalfWord                   0x0800ae8f   Thumb Code    48  spi_flash.o(.text)
    SPI_FLASH_ReadStatusReg                  0x0800aebf   Thumb Code    38  spi_flash.o(.text)
    SPI_Flash_PowerDown                      0x0800aee5   Thumb Code    26  spi_flash.o(.text)
    SPI_Flash_WAKEUP                         0x0800aeff   Thumb Code    26  spi_flash.o(.text)
    ReadData                                 0x0800af19   Thumb Code     6  spi_flash.o(.text)
    WritEDAta                                0x0800af1f   Thumb Code     2  spi_flash.o(.text)
    mykey_init                               0x0800af21   Thumb Code    74  spi_flash.o(.text)
    USB_Cheak_init                           0x0800af79   Thumb Code   246  usb.o(.text)
    set_unlock_code                          0x0800b06f   Thumb Code   262  usb.o(.text)
    reset_flash                              0x0800b175   Thumb Code   260  usb.o(.text)
    pc_end_com                               0x0800b279   Thumb Code   308  usb.o(.text)
    pc_to_slave                              0x0800b3ad   Thumb Code   298  usb.o(.text)
    clear_all_author                         0x0800b4d7   Thumb Code   278  usb.o(.text)
    delete_device                            0x0800b5ed   Thumb Code   576  usb.o(.text)
    back_record                              0x0800b82d   Thumb Code   694  usb.o(.text)
    authorization                            0x0800bae3   Thumb Code   364  usb.o(.text)
    time_verify                              0x0800bc4f   Thumb Code   356  usb.o(.text)
    left_author_space                        0x0800bdb3   Thumb Code   262  usb.o(.text)
    mac_query                                0x0800beb9   Thumb Code   386  usb.o(.text)
    register_key                             0x0800c03b   Thumb Code   316  usb.o(.text)
    Test_Bluetooth_Data                      0x0800c177   Thumb Code   168  usb.o(.text)
    Test_Usb_Data                            0x0800c21f   Thumb Code   194  usb.o(.text)
    USB_transmit                             0x0800c2e1   Thumb Code    98  usb.o(.text)
    CharToHex                                0x0800c343   Thumb Code   168  usb.o(.text)
    Init_Timer                               0x0800c439   Thumb Code   118  timer.o(.text)
    Start_Timer                              0x0800c4af   Thumb Code    70  timer.o(.text)
    SetTimer                                 0x0800c4f5   Thumb Code   136  timer.o(.text)
    Stop_Timer                               0x0800c57d   Thumb Code    30  timer.o(.text)
    KillTimer                                0x0800c59b   Thumb Code    84  timer.o(.text)
    Do_TimeOut                               0x0800c5ef   Thumb Code     8  timer.o(.text)
    Init_Timer0                              0x0800c5f7   Thumb Code    66  timer.o(.text)
    Start_Timer0                             0x0800c639   Thumb Code    36  timer.o(.text)
    Stop_Timer0                              0x0800c65d   Thumb Code    22  timer.o(.text)
    WaitTF0                                  0x0800c673   Thumb Code    44  timer.o(.text)
    hex_bcd                                  0x0800c6b1   Thumb Code    26  rtc_time.o(.text)
    set_time                                 0x0800c6cb   Thumb Code   136  rtc_time.o(.text)
    RTC_Configuration                        0x0800c753   Thumb Code    72  rtc_time.o(.text)
    RTC_init                                 0x0800c79b   Thumb Code    84  rtc_time.o(.text)
    Date_Update                              0x0800c829   Thumb Code   318  rtc_time.o(.text)
    GetWeekDay                               0x0800c967   Thumb Code   158  rtc_time.o(.text)
    read_time                                0x0800ca05   Thumb Code   248  rtc_time.o(.text)
    Time_Regulate                            0x0800cafd   Thumb Code    58  rtc_time.o(.text)
    RCT_InitTime                             0x0800cb37   Thumb Code     2  rtc_time.o(.text)
    ADC_GPIO_Configuration                   0x0800cb49   Thumb Code    34  li_power.o(.text)
    ADC_Configuration                        0x0800cb6b   Thumb Code   140  li_power.o(.text)
    Power_Cheak                              0x0800cbf7   Thumb Code   200  li_power.o(.text)
    OLED_Show_LowBattry                      0x0800ccbf   Thumb Code    28  li_power.o(.text)
    iwdg_init                                0x0800cd09   Thumb Code    34  iwdg.o(.text)
    IWDG_Feed                                0x0800cd2b   Thumb Code     8  iwdg.o(.text)
    InsertKey                                0x0800cd35   Thumb Code     6  sw_key.o(.text)
    Init_KeyNumuber                          0x0800cd3b   Thumb Code     8  sw_key.o(.text)
    ResetKey                                 0x0800cd43   Thumb Code     8  sw_key.o(.text)
    GetKey                                   0x0800cd4b   Thumb Code     6  sw_key.o(.text)
    Scan_Key                                 0x0800cd51   Thumb Code     2  sw_key.o(.text)
    Exit_Line_Init                           0x0800cd53   Thumb Code   154  sw_key.o(.text)
    Init_Sw_Key_Io                           0x0800cded   Thumb Code   130  sw_key.o(.text)
    EXTILine_Mask                            0x0800ce6f   Thumb Code    12  sw_key.o(.text)
    EXTILine_Unmask                          0x0800ce7b   Thumb Code    12  sw_key.o(.text)
    Mask_Key_Interrupt                       0x0800ce87   Thumb Code    34  sw_key.o(.text)
    Unmask_Key_Interrupt                     0x0800cea9   Thumb Code    34  sw_key.o(.text)
    Sys_Standby                              0x0800cee1   Thumb Code    44  wkup.o(.text)
    Sys_Enter_Standby                        0x0800cf0d   Thumb Code    16  wkup.o(.text)
    Check_WKUP                               0x0800cf1d   Thumb Code    52  wkup.o(.text)
    WKUP_Init                                0x0800cf51   Thumb Code    24  wkup.o(.text)
    SoftReset                                0x0800cf69   Thumb Code    42  wkup.o(.text)
    __aeabi_memcpy                           0x0800cfa5   Thumb Code    36  memcpya.o(.text)
    __aeabi_memcpy4                          0x0800cfa5   Thumb Code     0  memcpya.o(.text)
    __aeabi_memcpy8                          0x0800cfa5   Thumb Code     0  memcpya.o(.text)
    __scatterload                            0x0800cfc9   Thumb Code    28  init.o(.text)
    __scatterload_rt2                        0x0800cfc9   Thumb Code     0  init.o(.text)
    __decompress                             0x0800cfed   Thumb Code     0  __dczerorl2.o(.text)
    __decompress1                            0x0800cfed   Thumb Code    92  __dczerorl2.o(.text)
    __scatterload_copy                       0x0800d049   Thumb Code    14  handlers.o(i.__scatterload_copy)
    __scatterload_null                       0x0800d057   Thumb Code     2  handlers.o(i.__scatterload_null)
    __scatterload_zeroinit                   0x0800d059   Thumb Code    14  handlers.o(i.__scatterload_zeroinit)
    F6x8                                     0x0800d066   Data         552  oled.o(.constdata)
    F8X16                                    0x0800d28e   Data        1520  oled.o(.constdata)
    asc_table                                0x0800d87e   Data          17  oled.o(.constdata)
    Region$$Table$$Base                      0x0800d8c0   Number         0  anon$$obj.o(Region$$Table)
    Region$$Table$$Limit                     0x0800d8e0   Number         0  anon$$obj.o(Region$$Table)
    end_flag                                 0x20000014   Data           1  globle_var.o(.data)
    USB_Cheak_init_flag                      0x20000015   Data           1  globle_var.o(.data)
    unlock_result                            0x20000016   Data           1  globle_var.o(.data)
    guanjiflag                               0x20000017   Data           1  globle_var.o(.data)
    key_code                                 0x20000018   Data           1  globle_var.o(.data)
    f_CurSel                                 0x20000019   Data           1  globle_var.o(.data)
    mode                                     0x2000001a   Data           1  globle_var.o(.data)
    bluetooth_uart_switch                    0x2000001b   Data           1  globle_var.o(.data)
    Key_Num                                  0x2000001c   Data           1  globle_var.o(.data)
    stop_flag                                0x2000001d   Data           1  globle_var.o(.data)
    longpress                                0x2000001e   Data           1  globle_var.o(.data)
    mac_query_result                         0x2000001f   Data           1  globle_var.o(.data)
    batt_inc                                 0x20000020   Data           1  globle_var.o(.data)
    row                                      0x20000024   Data           4  globle_var.o(.data)
    point                                    0x20000028   Data           4  globle_var.o(.data)
    time_buff                                0x2000002c   Data           6  globle_var.o(.data)
    Rfid_Buff                                0x20000032   Data           6  globle_var.o(.data)
    author_addr                              0x20000038   Data           4  globle_var.o(.data)
    author_row                               0x2000003c   Data           4  globle_var.o(.data)
    row_num                                  0x20000040   Data           4  globle_var.o(.data)
    temp_addr                                0x20000044   Data           4  globle_var.o(.data)
    caima_addr                               0x20000048   Data           4  globle_var.o(.data)
    caima_row                                0x2000004c   Data           4  globle_var.o(.data)
    row_num2                                 0x20000050   Data           4  globle_var.o(.data)
    temp_addr2                               0x20000054   Data           4  globle_var.o(.data)
    caima_data                               0x20000058   Data           8  globle_var.o(.data)
    record_addr                              0x20000060   Data           4  globle_var.o(.data)
    record_row                               0x20000064   Data           4  globle_var.o(.data)
    row_num3                                 0x20000068   Data           4  globle_var.o(.data)
    temp_addr3                               0x2000006c   Data           4  globle_var.o(.data)
    record_data                              0x20000070   Data           5  globle_var.o(.data)
    g_State                                  0x20000075   Data           1  globle_var.o(.data)
    SystemCoreClock                          0x20000078   Data           4  system_stm32f10x.o(.data)
    AHBPrescTable                            0x2000007c   Data          16  system_stm32f10x.o(.data)
    Hzk                                      0x2000008c   Data         448  oled.o(.data)
    GHZAddr                                  0x2000024c   Data           4  oled.o(.data)
    choosetime                               0x20000250   Data           4  oled.o(.data)
    code                                     0x20000254   Data           4  oled.o(.data)
    rightcode                                0x20000258   Data           4  oled.o(.data)
    result                                   0x2000025c   Data           1  oled.o(.data)
    OLED_buf_batt0                           0x2000025d   Data          64  oled.o(.data)
    OLED_buf_batt1                           0x2000029d   Data          64  oled.o(.data)
    OLED_buf_batt2                           0x200002dd   Data          64  oled.o(.data)
    OLED_buf_batt3                           0x2000031d   Data          64  oled.o(.data)
    hui                                      0x2000035d   Data          32  oled.o(.data)
    HsMenu                                   0x20000380   Data         280  oled.o(.data)
    TOOLMENU                                 0x20000498   Data         280  oled.o(.data)
    SETMENU                                  0x200005b0   Data         280  oled.o(.data)
    SETSUCCESS                               0x200006c8   Data         280  oled.o(.data)
    MIMA                                     0x200007e0   Data         280  oled.o(.data)
    SHUTDOWNKEY                              0x200008f8   Data         280  oled.o(.data)
    OPENLOCK                                 0x20000a10   Data         280  oled.o(.data)
    READRFID                                 0x20000b28   Data         280  oled.o(.data)
    TIME                                     0x20000c40   Data         280  oled.o(.data)
    VERSION                                  0x20000d58   Data         280  oled.o(.data)
    FIRMWARE_UPGRADE                         0x20000e70   Data         280  oled.o(.data)
    READ_MAC                                 0x20000f88   Data         280  oled.o(.data)
    KeyNum                                   0x200010a0   Data           1  oled.o(.data)
    zuming                                   0x200010a1   Data           8  oled.o(.data)
    zuming1                                  0x200010a9   Data           2  oled.o(.data)
    zuming2                                  0x200010ab   Data           2  oled.o(.data)
    zuming3                                  0x200010ad   Data           2  oled.o(.data)
    zuming4                                  0x200010af   Data           2  oled.o(.data)
    m_Uart_State3                            0x200010b1   Data           1  bluetooth.o(.data)
    m_Uart_State1                            0x200010b2   Data           1  usart.o(.data)
    byte_cnt                                 0x200010b4   Data           1  rfid.o(.data)
    bit_cnt                                  0x200010b5   Data           1  rfid.o(.data)
    wg_data                                  0x200010b8   Data          16  rfid.o(.data)
    wg_buf                                   0x200010c8   Data          16  rfid.o(.data)
    wg_mask                                  0x200010d8   Data           1  rfid.o(.data)
    Lock_number                              0x200010d9   Data           4  rfid.o(.data)
    User_Num                                 0x200010dd   Data           2  rfid.o(.data)
    a                                        0x200010df   Data           1  rfid.o(.data)
    TimeInitialized                          0x200010e0   Data           1  timer.o(.data)
    g_WaitTimeOut                            0x200010e1   Data           1  timer.o(.data)
    date_s                                   0x200010e2   Data           8  rtc_time.o(.data)
    battery                                  0x200010ec   Data          40  globle_var.o(.bss)
    item                                     0x20001114   Data          25  globle_var.o(.bss)
    g_Buff                                   0x2000112d   Data         520  globle_var.o(.bss)
    author_data                              0x20001335   Data          24  globle_var.o(.bss)
    m_UB3                                    0x2000134e   Data         260  bluetooth.o(.bss)
    m_UB1                                    0x20001452   Data         260  usart.o(.bss)
    m_UB2                                    0x20001556   Data         260  rfid.o(.bss)
    SPI_FLASH_BUF                            0x2000165a   Data        4096  spi_flash.o(.bss)
    m_TS                                     0x2000265c   Data          36  timer.o(.bss)
    __initial_sp                             0x20002a80   Data           0  startup_stm32f10x_md.o(STACK)



==============================================================================

Memory Map of the image

  Image Entry point : 0x080050ed

  Load Region LR_IROM1 (Base: 0x08005000, Size: 0x000099cc, Max: 0x00010000, ABSOLUTE, COMPRESSED[0x00008c38])

    Execution Region ER_IROM1 (Base: 0x08005000, Size: 0x000088e0, Max: 0x00010000, ABSOLUTE)

    Base Addr    Size         Type   Attr      Idx    E Section Name        Object

    0x08005000   0x000000ec   Data   RO            3    RESET               startup_stm32f10x_md.o
    0x080050ec   0x00000000   Code   RO         1119  * .ARM.Collect$$$$00000000  mc_w.l(entry.o)
    0x080050ec   0x00000004   Code   RO         1126    .ARM.Collect$$$$00000001  mc_w.l(entry2.o)
    0x080050f0   0x00000004   Code   RO         1129    .ARM.Collect$$$$00000004  mc_w.l(entry5.o)
    0x080050f4   0x00000000   Code   RO         1131    .ARM.Collect$$$$00000008  mc_w.l(entry7b.o)
    0x080050f4   0x00000008   Code   RO         1132    .ARM.Collect$$$$00000009  mc_w.l(entry8.o)
    0x080050fc   0x00000004   Code   RO         1127    .ARM.Collect$$$$00002712  mc_w.l(entry2.o)
    0x08005100   0x00000024   Code   RO            4    .text               startup_stm32f10x_md.o
    0x08005124   0x000000dc   Code   RO           12    .text               misc.o
    0x08005200   0x0000043c   Code   RO          125    .text               stm32f10x_adc.o
    0x0800563c   0x000000ac   Code   RO          145    .text               stm32f10x_bkp.o
    0x080056e8   0x0000011c   Code   RO          285    .text               stm32f10x_exti.o
    0x08005804   0x00000358   Code   RO          345    .text               stm32f10x_gpio.o
    0x08005b5c   0x00000040   Code   RO          385    .text               stm32f10x_iwdg.o
    0x08005b9c   0x000000cc   Code   RO          405    .text               stm32f10x_pwr.o
    0x08005c68   0x0000039c   Code   RO          425    .text               stm32f10x_rcc.o
    0x08006004   0x00000144   Code   RO          447    .text               stm32f10x_rtc.o
    0x08006148   0x0000030c   Code   RO          487    .text               stm32f10x_spi.o
    0x08006454   0x00000e1a   Code   RO          507    .text               stm32f10x_tim.o
    0x0800726e   0x00000002   PAD
    0x08007270   0x00000408   Code   RO          527    .text               stm32f10x_usart.o
    0x08007678   0x000004e0   Code   RO          567    .text               main.o
    0x08007b58   0x00000308   Code   RO          648    .text               stm32f10x_it.o
    0x08007e60   0x000001c8   Code   RO          705    .text               system_stm32f10x.o
    0x08008028   0x000016c0   Code   RO          744    .text               oled.o
    0x080096e8   0x000001b4   Code   RO          785    .text               delay.o
    0x0800989c   0x000000be   Code   RO          809    .text               nvic.o
    0x0800995a   0x00000002   PAD
    0x0800995c   0x00000498   Code   RO          829    .text               bluetooth.o
    0x08009df4   0x0000052c   Code   RO          863    .text               usart.o
    0x0800a320   0x000005a8   Code   RO          891    .text               rfid.o
    0x0800a8c8   0x000006b0   Code   RO          918    .text               spi_flash.o
    0x0800af78   0x000014c0   Code   RO          941    .text               usb.o
    0x0800c438   0x00000278   Code   RO          976    .text               timer.o
    0x0800c6b0   0x00000498   Code   RO         1003    .text               rtc_time.o
    0x0800cb48   0x000001c0   Code   RO         1030    .text               li_power.o
    0x0800cd08   0x0000002a   Code   RO         1054    .text               iwdg.o
    0x0800cd32   0x00000002   PAD
    0x0800cd34   0x000001ac   Code   RO         1074    .text               sw_key.o
    0x0800cee0   0x000000c4   Code   RO         1094    .text               wkup.o
    0x0800cfa4   0x00000024   Code   RO         1122    .text               mc_w.l(memcpya.o)
    0x0800cfc8   0x00000024   Code   RO         1133    .text               mc_w.l(init.o)
    0x0800cfec   0x0000005c   Code   RO         1143    .text               mc_w.l(__dczerorl2.o)
    0x0800d048   0x0000000e   Code   RO         1137    i.__scatterload_copy  mc_w.l(handlers.o)
    0x0800d056   0x00000002   Code   RO         1138    i.__scatterload_null  mc_w.l(handlers.o)
    0x0800d058   0x0000000e   Code   RO         1139    i.__scatterload_zeroinit  mc_w.l(handlers.o)
    0x0800d066   0x00000829   Data   RO          745    .constdata          oled.o
    0x0800d88f   0x00000001   PAD
    0x0800d890   0x00000030   Data   RO         1004    .constdata          rtc_time.o
    0x0800d8c0   0x00000020   Data   RO         1135    Region$$Table       anon$$obj.o


    Execution Region RW_IRAM1 (Base: 0x20000000, Size: 0x00002a80, Max: 0x00005000, ABSOLUTE, COMPRESSED[0x00000358])

    Base Addr    Size         Type   Attr      Idx    E Section Name        Object

    0x20000000   0x00000014   Data   RW          426    .data               stm32f10x_rcc.o
    0x20000014   0x00000062   Data   RW          676    .data               globle_var.o
    0x20000076   0x00000002   PAD
    0x20000078   0x00000014   Data   RW          706    .data               system_stm32f10x.o
    0x2000008c   0x00001025   Data   RW          746    .data               oled.o
    0x200010b1   0x00000001   Data   RW          831    .data               bluetooth.o
    0x200010b2   0x00000001   Data   RW          865    .data               usart.o
    0x200010b3   0x00000001   PAD
    0x200010b4   0x0000002c   Data   RW          893    .data               rfid.o
    0x200010e0   0x00000002   Data   RW          978    .data               timer.o
    0x200010e2   0x00000008   Data   RW         1005    .data               rtc_time.o
    0x200010ea   0x00000002   PAD
    0x200010ec   0x00000261   Zero   RW          675    .bss                globle_var.o
    0x2000134d   0x00000001   PAD
    0x2000134e   0x00000104   Zero   RW          830    .bss                bluetooth.o
    0x20001452   0x00000104   Zero   RW          864    .bss                usart.o
    0x20001556   0x00000104   Zero   RW          892    .bss                rfid.o
    0x2000165a   0x00001000   Zero   RW          919    .bss                spi_flash.o
    0x2000265a   0x00000002   PAD
    0x2000265c   0x00000024   Zero   RW          977    .bss                timer.o
    0x20002680   0x00000400   Zero   RW            1    STACK               startup_stm32f10x_md.o


==============================================================================

Image component sizes


      Code (inc. data)   RO Data    RW Data    ZI Data      Debug   Object Name

      1176         56          0          1        260       4806   bluetooth.o
       436         14          0          0          0      23515   delay.o
         0          0          0         98        609       1789   globle_var.o
        42          0          0          0          0        522   iwdg.o
       448         46          0          0          0       1375   li_power.o
      1248         88          0          0          0       6132   main.o
       220         20          0          0          0     270537   misc.o
       190          0          0          0          0        581   nvic.o
      5824        214       2089       4133          0      17476   oled.o
      1448        102          0         44        260       4493   rfid.o
      1176         16         48          8          0       3723   rtc_time.o
      1712         26          0          0       4096       7475   spi_flash.o
        36          8        236          0       1024        796   startup_stm32f10x_md.o
      1084         26          0          0          0      10677   stm32f10x_adc.o
       172          8          0          0          0       3212   stm32f10x_bkp.o
       284         10          0          0          0       2099   stm32f10x_exti.o
       856         40          0          0          0       5513   stm32f10x_gpio.o
       776        146          0          0          0       3044   stm32f10x_it.o
        64          6          0          0          0       1205   stm32f10x_iwdg.o
       204         16          0          0          0       1855   stm32f10x_pwr.o
       924         44          0         20          0       8620   stm32f10x_rcc.o
       324          4          0          0          0       2606   stm32f10x_rtc.o
       780         14          0          0          0       6390   stm32f10x_spi.o
      3610         88          0          0          0      21996   stm32f10x_tim.o
      1032         22          0          0          0       8232   stm32f10x_usart.o
       428         22          0          0          0       2029   sw_key.o
       456         36          0         20          0       1671   system_stm32f10x.o
       632         18          0          2         36       3784   timer.o
      1324         30          0          1        260       5722   usart.o
      5312        284          0          0          0      10161   usb.o
       196         18          0          0          0      24454   wkup.o

    ----------------------------------------------------------------------
     32420       1422       2406       4332       6548     466490   Object Totals
         0          0         32          0          0          0   (incl. Generated)
         6          0          1          5          3          0   (incl. Padding)

    ----------------------------------------------------------------------

      Code (inc. data)   RO Data    RW Data    ZI Data      Debug   Library Member Name

        92          0          0          0          0          0   __dczerorl2.o
         0          0          0          0          0          0   entry.o
         8          4          0          0          0          0   entry2.o
         4          0          0          0          0          0   entry5.o
         0          0          0          0          0          0   entry7b.o
         8          4          0          0          0          0   entry8.o
        30          0          0          0          0          0   handlers.o
        36          8          0          0          0         68   init.o
        36          0          0          0          0         68   memcpya.o

    ----------------------------------------------------------------------
       214         16          0          0          0        136   Library Totals
         0          0          0          0          0          0   (incl. Padding)

    ----------------------------------------------------------------------

      Code (inc. data)   RO Data    RW Data    ZI Data      Debug   Library Name

       214         16          0          0          0        136   mc_w.l

    ----------------------------------------------------------------------
       214         16          0          0          0        136   Library Totals

    ----------------------------------------------------------------------

==============================================================================


      Code (inc. data)   RO Data    RW Data    ZI Data      Debug   

     32634       1438       2406       4332       6548     463454   Grand Totals
     32634       1438       2406        856       6548     463454   ELF Image Totals (compressed)
     32634       1438       2406        856          0          0   ROM Totals

==============================================================================

    Total RO  Size (Code + RO Data)                35040 (  34.22kB)
    Total RW  Size (RW Data + ZI Data)             10880 (  10.63kB)
    Total ROM Size (Code + RO Data + RW Data)      35896 (  35.05kB)

==============================================================================

