<html>
<body>
<pre>
<h1>µVision Build Log</h1>
<h2>Project:</h2>
D:\GitHub respository\OneKeySolution-FW\smart key\USER\smart_key.uvproj
Project File Date:  09/02/2015

<h2>Output:</h2>
Rebuild target 'smart_key'
assembling startup_stm32f10x_md.s...
compiling misc.c...
compiling stm32f10x_adc.c...
compiling stm32f10x_bkp.c...
compiling stm32f10x_can.c...
compiling stm32f10x_cec.c...
compiling stm32f10x_crc.c...
compiling stm32f10x_dac.c...
compiling stm32f10x_dbgmcu.c...
compiling stm32f10x_dma.c...
compiling stm32f10x_exti.c...
compiling stm32f10x_flash.c...
compiling stm32f10x_fsmc.c...
compiling stm32f10x_gpio.c...
compiling stm32f10x_i2c.c...
compiling stm32f10x_iwdg.c...
compiling stm32f10x_pwr.c...
compiling stm32f10x_rcc.c...
compiling stm32f10x_rtc.c...
compiling stm32f10x_sdio.c...
compiling stm32f10x_spi.c...
compiling stm32f10x_tim.c...
compiling stm32f10x_usart.c...
compiling stm32f10x_wwdg.c...
compiling main.c...
main.c(86): warning:  #177-D: variable "t" was declared but never referenced
main.c(87): warning:  #177-D: variable "usb_code" was declared but never referenced
main.c(88): warning:  #177-D: variable "p" was declared but never referenced
main.c(89): warning:  #177-D: variable "hanzi" was declared but never referenced
main.c(90): warning:  #177-D: variable "phz" was declared but never referenced
main.c(91): warning:  #177-D: variable "flash_data" was declared but never referenced
main.c(92): warning:  #177-D: variable "flash_temp" was declared but never referenced
main.c(93): warning:  #177-D: variable "status" was declared but never referenced
main.c(94): warning:  #177-D: variable "addr" was declared but never referenced
main.c(95): warning:  #177-D: variable "nChar" was declared but never referenced
main.c(99): warning:  #177-D: variable "batt_test" was declared but never referenced
main.c(810): warning:  #223-D: function "IWDG_Feed" declared implicitly
compiling stm32f10x_it.c...
stm32f10x_it.c(320): warning:  #223-D: function "delay_ms" declared implicitly
stm32f10x_it.c(362): warning:  #223-D: function "delay_ms" declared implicitly
stm32f10x_it.c(391): warning:  #223-D: function "delay_ms" declared implicitly
stm32f10x_it.c(416): warning:  #223-D: function "delay_ms" declared implicitly
stm32f10x_it.c(439): warning:  #223-D: function "delay_ms" declared implicitly
stm32f10x_it.c(464): warning:  #223-D: function "delay_ms" declared implicitly
compiling Globle_Var.c...
compiling core_cm3.c...
compiling system_stm32f10x.c...
compiling oled.c...
..\Module\OLED\oled.c(337): warning:  #177-D: variable "j" was declared but never referenced
..\Module\OLED\oled.c(488): warning:  #177-D: variable "j" was declared but never referenced
..\Module\OLED\oled.c(488): warning:  #177-D: variable "temp_f_CurSel" was declared but never referenced
..\Module\OLED\oled.c(488): warning:  #177-D: variable "flagshijian" was declared but never referenced
..\Module\OLED\oled.c(488): warning:  #177-D: variable "keycode" was declared but never referenced
..\Module\OLED\oled.c(489): warning:  #550-D: variable "option_menu_max" was set but never used
..\Module\OLED\oled.c(614): warning:  #177-D: variable "j" was declared but never referenced
..\Module\OLED\oled.c(1060): warning:  #177-D: variable "j" was declared but never referenced
..\Module\OLED\oled.c(1060): warning:  #177-D: variable "temp_f_CurSel" was declared but never referenced
..\Module\OLED\oled.c(1061): warning:  #550-D: variable "option_menu_min" was set but never used
..\Module\OLED\oled.c(1061): warning:  #550-D: variable "option_menu_max" was set but never used
..\Module\OLED\oled.c(1214): warning:  #177-D: variable "j" was declared but never referenced
..\Module\OLED\oled.c(1214): warning:  #177-D: variable "temp_f_CurSel" was declared but never referenced
..\Module\OLED\oled.c(1215): warning:  #550-D: variable "option_menu_min" was set but never used
..\Module\OLED\oled.c(1215): warning:  #550-D: variable "option_menu_max" was set but never used
..\Module\OLED\oled.c(1361): warning:  #223-D: function "UART1nSendChar" declared implicitly
..\Module\OLED\oled.c(1296): warning:  #177-D: variable "j" was declared but never referenced
..\Module\OLED\oled.c(1296): warning:  #177-D: variable "temp_f_CurSel" was declared but never referenced
..\Module\OLED\oled.c(1297): warning:  #550-D: variable "option_menu_min" was set but never used
..\Module\OLED\oled.c(1297): warning:  #550-D: variable "option_menu_max" was set but never used
..\Module\OLED\oled.c(1575): warning:  #9-D: nested comment is not allowed
..\Module\OLED\oled.c(1660): warning:  #177-D: variable "j" was declared but never referenced
..\Module\OLED\oled.c(1773): warning:  #550-D: variable "j" was set but never used
..\Module\OLED\oled.c(1773): warning:  #177-D: variable "temp_f_CurSel" was declared but never referenced
..\Module\OLED\oled.c(1774): warning:  #550-D: variable "option_menu_min" was set but never used
..\Module\OLED\oled.c(1774): warning:  #550-D: variable "option_menu_max" was set but never used
..\Module\OLED\oled.c(1895): warning:  #177-D: variable "j" was declared but never referenced
..\Module\OLED\oled.c(1895): warning:  #177-D: variable "temp_f_CurSel" was declared but never referenced
..\Module\OLED\oled.c(1896): warning:  #550-D: variable "option_menu_min" was set but never used
..\Module\OLED\oled.c(1896): warning:  #550-D: variable "option_menu_max" was set but never used
..\Module\OLED\oled.c(1961): warning:  #177-D: variable "j" was declared but never referenced
..\Module\OLED\oled.c(1961): warning:  #177-D: variable "temp_f_CurSel" was declared but never referenced
..\Module\OLED\oled.c(1962): warning:  #550-D: variable "option_menu_min" was set but never used
..\Module\OLED\oled.c(1962): warning:  #550-D: variable "option_menu_max" was set but never used
..\Module\OLED\oled.c(2029): warning:  #177-D: variable "j" was declared but never referenced
..\Module\OLED\oled.c(2029): warning:  #177-D: variable "temp_f_CurSel" was declared but never referenced
..\Module\OLED\oled.c(2030): warning:  #550-D: variable "option_menu_min" was set but never used
..\Module\OLED\oled.c(2030): warning:  #550-D: variable "option_menu_max" was set but never used
..\Module\OLED\oled.c(2485): warning:  #177-D: variable "enshow" was declared but never referenced
compiling delay.c...
compiling nvic.c...
compiling bluetooth.c...
..\Module\bluetooth\bluetooth.c(512): warning:  #940-D: missing return statement at end of non-void function "bluetooth_mac"
compiling usart.c...
compiling rfid.c...
..\Module\RFID\rfid.c(446): warning:  #223-D: function "UART3nSendChar" declared implicitly
..\Module\RFID\rfid.c(487): warning:  #177-D: variable "j" was declared but never referenced
..\Module\RFID\rfid.c(549): warning:  #223-D: function "read_time" declared implicitly
..\Module\RFID\rfid.c(534): warning:  #177-D: variable "Lock_number_addr" was declared but never referenced
..\Module\RFID\rfid.c(536): warning:  #177-D: variable "temp_Lock_number" was declared but never referenced
compiling spi_flash.c...
compiling usb.c...
..\Module\USB\usb.c(140): warning:  #177-D: variable "nChar" was declared but never referenced
..\Module\USB\usb.c(311): warning:  #174-D: expression has no effect
..\Module\USB\usb.c(289): warning:  #177-D: variable "pc_to_slave_ack" was declared but never referenced
..\Module\USB\usb.c(374): warning:  #177-D: variable "addr" was declared but never referenced
..\Module\USB\usb.c(375): warning:  #177-D: variable "row" was declared but never referenced
..\Module\USB\usb.c(377): warning:  #177-D: variable "temp_group_inf" was declared but never referenced
..\Module\USB\usb.c(378): warning:  #177-D: variable "temp_key_inf" was declared but never referenced
..\Module\USB\usb.c(450): warning:  #177-D: variable "j" was declared but never referenced
..\Module\USB\usb.c(450): warning:  #177-D: variable "t" was declared but never referenced
..\Module\USB\usb.c(450): warning:  #177-D: variable "count" was declared but never referenced
..\Module\USB\usb.c(453): warning:  #177-D: variable "try_num" was declared but never referenced
..\Module\USB\usb.c(454): warning:  #177-D: variable "char_buf" was declared but never referenced
compiling timer.c...
compiling RTC_time.c...
compiling Li_Power.c...
..\Module\Li_Power\Li_Power.c(179): warning:  #186-D: pointless comparison of unsigned integer with zero
..\Module\Li_Power\Li_Power.c(172): warning:  #177-D: variable "i" was declared but never referenced
compiling iwdg.c...
compiling sw_key.c...
compiling wkup.c...
linking...
Program Size: Code=32634 RO-data=2406 RW-data=4332 ZI-data=6548  
FromELF: creating hex file...
User command #1: C:\Keil\ARM\ARMCC\bin\fromelf.exe --bin -output ..\Output\smart_key.bin  ..\Output\smart_key.axf
Warning: Q3910W: Old syntax, please use '--output'.
Finished: 0 information, 1 warning and 0 error messages.
"..\Output\smart_key.axf" - 0 Error(s), 77 Warning(s).
