ARM Linker, 5.02 [Build 28] [MDK-ARM Standard]

==============================================================================

Section Cross References

    startup_stm32f10x_md.o(RESET) refers to startup_stm32f10x_md.o(STACK) for __initial_sp
    startup_stm32f10x_md.o(RESET) refers to startup_stm32f10x_md.o(.text) for Reset_Handler
    startup_stm32f10x_md.o(RESET) refers to stm32f10x_it.o(.text) for NMI_Handler
    startup_stm32f10x_md.o(RESET) refers to sw_key.o(.text) for EXTI9_5_IRQHandler
    startup_stm32f10x_md.o(.text) refers to system_stm32f10x.o(.text) for SystemInit
    startup_stm32f10x_md.o(.text) refers to entry.o(.ARM.Collect$$$$00000000) for __main
    stm32f10x_adc.o(.text) refers to stm32f10x_rcc.o(.text) for RCC_APB2PeriphResetCmd
    stm32f10x_bkp.o(.text) refers to stm32f10x_rcc.o(.text) for RCC_BackupResetCmd
    stm32f10x_can.o(.text) refers to stm32f10x_rcc.o(.text) for RCC_APB1PeriphResetCmd
    stm32f10x_cec.o(.text) refers to stm32f10x_rcc.o(.text) for RCC_APB1PeriphResetCmd
    stm32f10x_dac.o(.text) refers to stm32f10x_rcc.o(.text) for RCC_APB1PeriphResetCmd
    stm32f10x_gpio.o(.text) refers to stm32f10x_rcc.o(.text) for RCC_APB2PeriphResetCmd
    stm32f10x_i2c.o(.text) refers to stm32f10x_rcc.o(.text) for RCC_APB1PeriphResetCmd
    stm32f10x_pwr.o(.text) refers to stm32f10x_rcc.o(.text) for RCC_APB1PeriphResetCmd
    stm32f10x_rcc.o(.text) refers to stm32f10x_rcc.o(.data) for APBAHBPrescTable
    stm32f10x_spi.o(.text) refers to stm32f10x_rcc.o(.text) for RCC_APB2PeriphResetCmd
    stm32f10x_tim.o(.text) refers to stm32f10x_rcc.o(.text) for RCC_APB2PeriphResetCmd
    stm32f10x_usart.o(.text) refers to stm32f10x_rcc.o(.text) for RCC_APB2PeriphResetCmd
    stm32f10x_wwdg.o(.text) refers to stm32f10x_rcc.o(.text) for RCC_APB1PeriphResetCmd
    main.o(.text) refers to sw_key.o(.text) for Init_KeyNumuber
    main.o(.text) refers to spi_flash.o(.text) for SPI_FLASH_Read
    main.o(.text) refers to oled.o(.text) for OLED_Clear
    main.o(.text) refers to delay.o(.text) for delay_ms
    main.o(.text) refers to rfid.o(.text) for Read_RfidData
    main.o(.text) refers to usart.o(.text) for UART1ReadFrm
    main.o(.text) refers to usb.o(.text) for pc_to_slave
    main.o(.text) refers to bluetooth.o(.text) for UART3ReadFrm
    main.o(.text) refers to iwdg.o(.text) for IWDG_Feed
    main.o(.text) refers to li_power.o(.text) for Power_Cheak
    main.o(.text) refers to timer.o(.text) for SetTimer
    main.o(.text) refers to stm32f10x_rcc.o(.text) for RCC_APB2PeriphClockCmd
    main.o(.text) refers to stm32f10x_gpio.o(.text) for GPIO_Init
    main.o(.text) refers to memseta.o(.text) for __aeabi_memclr4
    main.o(.text) refers to nvic.o(.text) for NVIC_Configuration
    main.o(.text) refers to rtc_time.o(.text) for RTC_init
    main.o(.text) refers to oled.o(.data) for KeyNum
    main.o(.text) refers to globle_var.o(.data) for shutdown_flag
    main.o(.text) refers to globle_var.o(.bss) for g_Buff
    main.o(.text) refers to timer.o(.data) for g_WaitTimeOut
    main.o(.text) refers to main.o(.constdata) for .constdata
    stm32f10x_it.o(.text) refers to stm32f10x_usart.o(.text) for USART_GetITStatus
    stm32f10x_it.o(.text) refers to stm32f10x_tim.o(.text) for TIM_GetITStatus
    stm32f10x_it.o(.text) refers to usart.o(.bss) for m_UB1
    stm32f10x_it.o(.text) refers to rfid.o(.bss) for m_UB2
    stm32f10x_it.o(.text) refers to bluetooth.o(.bss) for m_UB3
    stm32f10x_it.o(.text) refers to timer.o(.bss) for m_TS
    system_stm32f10x.o(.text) refers to system_stm32f10x.o(.data) for SystemCoreClock
    oled.o(.text) refers to stm32f10x_gpio.o(.text) for GPIO_SetBits
    oled.o(.text) refers to spi_flash.o(.text) for SPI_FLASH_BufferRead
    oled.o(.text) refers to rtc_time.o(.text) for read_time
    oled.o(.text) refers to oled.o(.data) for GHZAddr
    oled.o(.text) refers to globle_var.o(.data) for mode
    oled.o(.text) refers to oled.o(.constdata) for F8X16
    oled.o(.text) refers to delay.o(.text) for delay_ms
    oled.o(.text) refers to sw_key.o(.text) for Init_KeyNumuber
    oled.o(.text) refers to timer.o(.text) for SetTimer
    oled.o(.text) refers to timer.o(.data) for g_WaitTimeOut
    oled.o(.text) refers to stm32f10x_rcc.o(.text) for RCC_APB2PeriphClockCmd
    oled.o(.data) refers to oled.o(.text) for tool_menu
    delay.o(.text) refers to stm32f10x_rcc.o(.text) for RCC_GetClocksFreq
    nvic.o(.text) refers to misc.o(.text) for NVIC_PriorityGroupConfig
    bluetooth.o(.text) refers to stm32f10x_rcc.o(.text) for RCC_APB2PeriphClockCmd
    bluetooth.o(.text) refers to stm32f10x_gpio.o(.text) for GPIO_Init
    bluetooth.o(.text) refers to stm32f10x_usart.o(.text) for USART_Init
    bluetooth.o(.text) refers to delay.o(.text) for delay_us
    bluetooth.o(.text) refers to iwdg.o(.text) for IWDG_Feed
    bluetooth.o(.text) refers to bluetooth.o(.bss) for m_UB3
    bluetooth.o(.text) refers to bluetooth.o(.data) for m_Uart_State3
[...]
    entry2.o(.ARM.Collect$$$$00000001) refers to entry2.o(.ARM.Collect$$$$00002712) for __lit__00000000
    entry2.o(.ARM.Collect$$$$00002712) refers to startup_stm32f10x_md.o(STACK) for __initial_sp
    entry2.o(__vectab_stack_and_reset_area) refers to startup_stm32f10x_md.o(STACK) for __initial_sp
    entry2.o(__vectab_stack_and_reset_area) refers to entry.o(.ARM.Collect$$$$00000000) for __main
    entry5.o(.ARM.Collect$$$$00000004) refers to init.o(.text) for __scatterload
    entry8.o(.ARM.Collect$$$$00000009) refers to main.o(.text) for main
    init.o(.text) refers to entry5.o(.ARM.Collect$$$$00000004) for __main_after_scatterload


==============================================================================

Removing Unused input sections from the image.

    Removing startup_stm32f10x_md.o(HEAP), (512 bytes).
    Removing misc.o(.rev16_text), (4 bytes).
    Removing misc.o(.revsh_text), (4 bytes).
    Removing stm32f10x_adc.o(.rev16_text), (4 bytes).
    Removing stm32f10x_adc.o(.revsh_text), (4 bytes).
    Removing stm32f10x_bkp.o(.rev16_text), (4 bytes).
    Removing stm32f10x_bkp.o(.revsh_text), (4 bytes).
    Removing stm32f10x_can.o(.rev16_text), (4 bytes).
    Removing stm32f10x_can.o(.revsh_text), (4 bytes).
    Removing stm32f10x_can.o(.text), (2540 bytes).
    Removing stm32f10x_cec.o(.rev16_text), (4 bytes).
    Removing stm32f10x_cec.o(.revsh_text), (4 bytes).
    Removing stm32f10x_cec.o(.text), (288 bytes).
    Removing stm32f10x_crc.o(.rev16_text), (4 bytes).
    Removing stm32f10x_crc.o(.revsh_text), (4 bytes).
    Removing stm32f10x_crc.o(.text), (72 bytes).
    Removing stm32f10x_dac.o(.rev16_text), (4 bytes).
    Removing stm32f10x_dac.o(.revsh_text), (4 bytes).
    Removing stm32f10x_dac.o(.text), (360 bytes).
    Removing stm32f10x_dbgmcu.o(.rev16_text), (4 bytes).
    Removing stm32f10x_dbgmcu.o(.revsh_text), (4 bytes).
    Removing stm32f10x_dbgmcu.o(.text), (48 bytes).
    Removing stm32f10x_dma.o(.rev16_text), (4 bytes).
    Removing stm32f10x_dma.o(.revsh_text), (4 bytes).
    Removing stm32f10x_dma.o(.text), (592 bytes).
    Removing stm32f10x_exti.o(.rev16_text), (4 bytes).
    Removing stm32f10x_exti.o(.revsh_text), (4 bytes).
    Removing stm32f10x_flash.o(.rev16_text), (4 bytes).
    Removing stm32f10x_flash.o(.revsh_text), (4 bytes).
    Removing stm32f10x_flash.o(.text), (1460 bytes).
    Removing stm32f10x_fsmc.o(.rev16_text), (4 bytes).
    Removing stm32f10x_fsmc.o(.revsh_text), (4 bytes).
    Removing stm32f10x_fsmc.o(.text), (1560 bytes).
    Removing stm32f10x_gpio.o(.rev16_text), (4 bytes).
    Removing stm32f10x_gpio.o(.revsh_text), (4 bytes).
    Removing stm32f10x_i2c.o(.rev16_text), (4 bytes).
    Removing stm32f10x_i2c.o(.revsh_text), (4 bytes).
    Removing stm32f10x_i2c.o(.text), (1004 bytes).
    Removing stm32f10x_iwdg.o(.rev16_text), (4 bytes).
    Removing stm32f10x_iwdg.o(.revsh_text), (4 bytes).
    Removing stm32f10x_pwr.o(.rev16_text), (4 bytes).
    Removing stm32f10x_pwr.o(.revsh_text), (4 bytes).
    Removing stm32f10x_rcc.o(.rev16_text), (4 bytes).
    Removing stm32f10x_rcc.o(.revsh_text), (4 bytes).
    Removing stm32f10x_rtc.o(.rev16_text), (4 bytes).
    Removing stm32f10x_rtc.o(.revsh_text), (4 bytes).
    Removing stm32f10x_sdio.o(.rev16_text), (4 bytes).
    Removing stm32f10x_sdio.o(.revsh_text), (4 bytes).
    Removing stm32f10x_sdio.o(.text), (464 bytes).
    Removing stm32f10x_spi.o(.rev16_text), (4 bytes).
    Removing stm32f10x_spi.o(.revsh_text), (4 bytes).
    Removing stm32f10x_tim.o(.rev16_text), (4 bytes).
    Removing stm32f10x_tim.o(.revsh_text), (4 bytes).
    Removing stm32f10x_usart.o(.rev16_text), (4 bytes).
    Removing stm32f10x_usart.o(.revsh_text), (4 bytes).
    Removing stm32f10x_wwdg.o(.rev16_text), (4 bytes).
    Removing stm32f10x_wwdg.o(.revsh_text), (4 bytes).
    Removing stm32f10x_wwdg.o(.text), (124 bytes).
    Removing main.o(.rev16_text), (4 bytes).
    Removing main.o(.revsh_text), (4 bytes).
    Removing main.o(.bss), (50 bytes).
    Removing main.o(.data), (2049 bytes).
    Removing stm32f10x_it.o(.rev16_text), (4 bytes).
    Removing stm32f10x_it.o(.revsh_text), (4 bytes).
    Removing globle_var.o(.rev16_text), (4 bytes).
    Removing globle_var.o(.revsh_text), (4 bytes).
    Removing core_cm3.o(.emb_text), (32 bytes).
    Removing oled.o(.rev16_text), (4 bytes).
    Removing oled.o(.revsh_text), (4 bytes).
    Removing delay.o(.rev16_text), (4 bytes).
    Removing delay.o(.revsh_text), (4 bytes).
    Removing nvic.o(.rev16_text), (4 bytes).
    Removing nvic.o(.revsh_text), (4 bytes).
    Removing bluetooth.o(.rev16_text), (4 bytes).
    Removing bluetooth.o(.revsh_text), (4 bytes).
    Removing usart.o(.rev16_text), (4 bytes).
    Removing usart.o(.revsh_text), (4 bytes).
    Removing rfid.o(.rev16_text), (4 bytes).
    Removing rfid.o(.revsh_text), (4 bytes).
    Removing spi_flash.o(.rev16_text), (4 bytes).
    Removing spi_flash.o(.revsh_text), (4 bytes).
    Removing usb.o(.rev16_text), (4 bytes).
    Removing usb.o(.revsh_text), (4 bytes).
    Removing usb.o(.bss), (24 bytes).
    Removing timer.o(.rev16_text), (4 bytes).
    Removing timer.o(.revsh_text), (4 bytes).
    Removing rtc_time.o(.rev16_text), (4 bytes).
    Removing rtc_time.o(.revsh_text), (4 bytes).
    Removing li_power.o(.rev16_text), (4 bytes).
    Removing li_power.o(.revsh_text), (4 bytes).
    Removing iwdg.o(.rev16_text), (4 bytes).
    Removing iwdg.o(.revsh_text), (4 bytes).
    Removing sw_key.o(.rev16_text), (4 bytes).
    Removing sw_key.o(.revsh_text), (4 bytes).

94 unused section(s) (total 11491 bytes) removed from the image.

==============================================================================

Image Symbol Table

    Local Symbols

    Symbol Name                              Value     Ov Type        Size  Object(Section)

    ../clib/../cmprslib/zerorunl2.c          0x00000000   Number         0  __dczerorl2.o ABSOLUTE
    ../clib/microlib/init/entry.s            0x00000000   Number         0  entry5.o ABSOLUTE
    ../clib/microlib/init/entry.s            0x00000000   Number         0  entry2.o ABSOLUTE
    ../clib/microlib/init/entry.s            0x00000000   Number         0  entry7a.o ABSOLUTE
    ../clib/microlib/init/entry.s            0x00000000   Number         0  entry7b.o ABSOLUTE
    ../clib/microlib/init/entry.s            0x00000000   Number         0  entry8.o ABSOLUTE
    ../clib/microlib/init/entry.s            0x00000000   Number         0  entry.o ABSOLUTE
    ../clib/microlib/string/memcpy.c         0x00000000   Number         0  memcpyb.o ABSOLUTE
    ../clib/microlib/string/memcpy.c         0x00000000   Number         0  memcpya.o ABSOLUTE
    ../clib/microlib/string/memset.c         0x00000000   Number         0  memseta.o ABSOLUTE
    ..\CMSIS\core_cm3.c                      0x00000000   Number         0  core_cm3.o ABSOLUTE
    ..\CMSIS\startup\startup_stm32f10x_md.s  0x00000000   Number         0  startup_stm32f10x_md.o ABSOLUTE
    ..\CMSIS\system_stm32f10x.c              0x00000000   Number         0  system_stm32f10x.o ABSOLUTE
    ..\FWlib\src\misc.c                      0x00000000   Number         0  misc.o ABSOLUTE
    ..\FWlib\src\stm32f10x_adc.c             0x00000000   Number         0  stm32f10x_adc.o ABSOLUTE
    ..\FWlib\src\stm32f10x_bkp.c             0x00000000   Number         0  stm32f10x_bkp.o ABSOLUTE
    ..\FWlib\src\stm32f10x_can.c             0x00000000   Number         0  stm32f10x_can.o ABSOLUTE
    ..\FWlib\src\stm32f10x_cec.c             0x00000000   Number         0  stm32f10x_cec.o ABSOLUTE
    ..\FWlib\src\stm32f10x_crc.c             0x00000000   Number         0  stm32f10x_crc.o ABSOLUTE
    ..\FWlib\src\stm32f10x_dac.c             0x00000000   Number         0  stm32f10x_dac.o ABSOLUTE
    ..\FWlib\src\stm32f10x_dbgmcu.c          0x00000000   Number         0  stm32f10x_dbgmcu.o ABSOLUTE
    ..\FWlib\src\stm32f10x_dma.c             0x00000000   Number         0  stm32f10x_dma.o ABSOLUTE
    ..\FWlib\src\stm32f10x_exti.c            0x00000000   Number         0  stm32f10x_exti.o ABSOLUTE
    ..\FWlib\src\stm32f10x_flash.c           0x00000000   Number         0  stm32f10x_flash.o ABSOLUTE
    ..\FWlib\src\stm32f10x_fsmc.c            0x00000000   Number         0  stm32f10x_fsmc.o ABSOLUTE
    ..\FWlib\src\stm32f10x_gpio.c            0x00000000   Number         0  stm32f10x_gpio.o ABSOLUTE
    ..\FWlib\src\stm32f10x_i2c.c             0x00000000   Number         0  stm32f10x_i2c.o ABSOLUTE
    ..\FWlib\src\stm32f10x_iwdg.c            0x00000000   Number         0  stm32f10x_iwdg.o ABSOLUTE
    ..\FWlib\src\stm32f10x_pwr.c             0x00000000   Number         0  stm32f10x_pwr.o ABSOLUTE
    ..\FWlib\src\stm32f10x_rcc.c             0x00000000   Number         0  stm32f10x_rcc.o ABSOLUTE
    ..\FWlib\src\stm32f10x_rtc.c             0x00000000   Number         0  stm32f10x_rtc.o ABSOLUTE
    ..\FWlib\src\stm32f10x_sdio.c            0x00000000   Number         0  stm32f10x_sdio.o ABSOLUTE
    ..\FWlib\src\stm32f10x_spi.c             0x00000000   Number         0  stm32f10x_spi.o ABSOLUTE
    ..\FWlib\src\stm32f10x_tim.c             0x00000000   Number         0  stm32f10x_tim.o ABSOLUTE
    ..\FWlib\src\stm32f10x_usart.c           0x00000000   Number         0  stm32f10x_usart.o ABSOLUTE
    ..\FWlib\src\stm32f10x_wwdg.c            0x00000000   Number         0  stm32f10x_wwdg.o ABSOLUTE
    ..\Module\IWDG\iwdg.c                    0x00000000   Number         0  iwdg.o ABSOLUTE
    ..\Module\Li_Power\Li_Power.c            0x00000000   Number         0  li_power.o ABSOLUTE
    ..\Module\NVIC\nvic.c                    0x00000000   Number         0  nvic.o ABSOLUTE
    ..\Module\OLED\oled.c                    0x00000000   Number         0  oled.o ABSOLUTE
    ..\Module\RFID\rfid.c                    0x00000000   Number         0  rfid.o ABSOLUTE
    ..\Module\RTC\RTC_time.c                 0x00000000   Number         0  rtc_time.o ABSOLUTE
    ..\Module\Timer\timer.c                  0x00000000   Number         0  timer.o ABSOLUTE
    ..\Module\USB\usb.c                      0x00000000   Number         0  usb.o ABSOLUTE
    ..\Module\bluetooth\bluetooth.c          0x00000000   Number         0  bluetooth.o ABSOLUTE
    ..\Module\delay\delay.c                  0x00000000   Number         0  delay.o ABSOLUTE
    ..\Module\spi_flash\spi_flash.c          0x00000000   Number         0  spi_flash.o ABSOLUTE
    ..\Module\sw_key\sw_key.c                0x00000000   Number         0  sw_key.o ABSOLUTE
    ..\Module\sys\sys.c                      0x00000000   Number         0  sys.o ABSOLUTE
    ..\Module\usart\usart.c                  0x00000000   Number         0  usart.o ABSOLUTE
    ..\\CMSIS\\core_cm3.c                    0x00000000   Number         0  core_cm3.o ABSOLUTE
    ..\\FWlib\\src\\misc.c                   0x00000000   Number         0  misc.o ABSOLUTE
    ..\\FWlib\\src\\stm32f10x_adc.c          0x00000000   Number         0  stm32f10x_adc.o ABSOLUTE
    ..\\FWlib\\src\\stm32f10x_bkp.c          0x00000000   Number         0  stm32f10x_bkp.o ABSOLUTE
    ..\\FWlib\\src\\stm32f10x_can.c          0x00000000   Number         0  stm32f10x_can.o ABSOLUTE
    ..\\FWlib\\src\\stm32f10x_cec.c          0x00000000   Number         0  stm32f10x_cec.o ABSOLUTE
    ..\\FWlib\\src\\stm32f10x_crc.c          0x00000000   Number         0  stm32f10x_crc.o ABSOLUTE
    ..\\FWlib\\src\\stm32f10x_dac.c          0x00000000   Number         0  stm32f10x_dac.o ABSOLUTE
    ..\\FWlib\\src\\stm32f10x_dbgmcu.c       0x00000000   Number         0  stm32f10x_dbgmcu.o ABSOLUTE
    ..\\FWlib\\src\\stm32f10x_dma.c          0x00000000   Number         0  stm32f10x_dma.o ABSOLUTE
    ..\\FWlib\\src\\stm32f10x_exti.c         0x00000000   Number         0  stm32f10x_exti.o ABSOLUTE
    ..\\FWlib\\src\\stm32f10x_flash.c        0x00000000   Number         0  stm32f10x_flash.o ABSOLUTE
    ..\\FWlib\\src\\stm32f10x_fsmc.c         0x00000000   Number         0  stm32f10x_fsmc.o ABSOLUTE
    ..\\FWlib\\src\\stm32f10x_gpio.c         0x00000000   Number         0  stm32f10x_gpio.o ABSOLUTE
    ..\\FWlib\\src\\stm32f10x_i2c.c          0x00000000   Number         0  stm32f10x_i2c.o ABSOLUTE
    ..\\FWlib\\src\\stm32f10x_iwdg.c         0x00000000   Number         0  stm32f10x_iwdg.o ABSOLUTE
    ..\\FWlib\\src\\stm32f10x_pwr.c          0x00000000   Number         0  stm32f10x_pwr.o ABSOLUTE
    ..\\FWlib\\src\\stm32f10x_rcc.c          0x00000000   Number         0  stm32f10x_rcc.o ABSOLUTE
    ..\\FWlib\\src\\stm32f10x_rtc.c          0x00000000   Number         0  stm32f10x_rtc.o ABSOLUTE
    ..\\FWlib\\src\\stm32f10x_sdio.c         0x00000000   Number         0  stm32f10x_sdio.o ABSOLUTE
    ..\\FWlib\\src\\stm32f10x_spi.c          0x00000000   Number         0  stm32f10x_spi.o ABSOLUTE
    ..\\FWlib\\src\\stm32f10x_tim.c          0x00000000   Number         0  stm32f10x_tim.o ABSOLUTE
    ..\\FWlib\\src\\stm32f10x_usart.c        0x00000000   Number         0  stm32f10x_usart.o ABSOLUTE
    ..\\FWlib\\src\\stm32f10x_wwdg.c         0x00000000   Number         0  stm32f10x_wwdg.o ABSOLUTE
    ..\\Module\\IWDG\\iwdg.c                 0x00000000   Number         0  iwdg.o ABSOLUTE
    ..\\Module\\Li_Power\\Li_Power.c         0x00000000   Number         0  li_power.o ABSOLUTE
    ..\\Module\\NVIC\\nvic.c                 0x00000000   Number         0  nvic.o ABSOLUTE
    ..\\Module\\OLED\\oled.c                 0x00000000   Number         0  oled.o ABSOLUTE
    ..\\Module\\RFID\\rfid.c                 0x00000000   Number         0  rfid.o ABSOLUTE
    ..\\Module\\RTC\\RTC_time.c              0x00000000   Number         0  rtc_time.o ABSOLUTE
    ..\\Module\\Timer\\timer.c               0x00000000   Number         0  timer.o ABSOLUTE
    ..\\Module\\USB\\usb.c                   0x00000000   Number         0  usb.o ABSOLUTE
    ..\\Module\\bluetooth\\bluetooth.c       0x00000000   Number         0  bluetooth.o ABSOLUTE
    ..\\Module\\delay\\delay.c               0x00000000   Number         0  delay.o ABSOLUTE
    ..\\Module\\spi_flash\\spi_flash.c       0x00000000   Number         0  spi_flash.o ABSOLUTE
    ..\\Module\\sw_key\\sw_key.c             0x00000000   Number         0  sw_key.o ABSOLUTE
    ..\\Module\\usart\\usart.c               0x00000000   Number         0  usart.o ABSOLUTE
    Globle_Var.c                             0x00000000   Number         0  globle_var.o ABSOLUTE
    Globle_Var.c                             0x00000000   Number         0  globle_var.o ABSOLUTE
    dc.s                                     0x00000000   Number         0  dc.o ABSOLUTE
    handlers.s                               0x00000000   Number         0  handlers.o ABSOLUTE
    init.s                                   0x00000000   Number         0  init.o ABSOLUTE
    main.c                                   0x00000000   Number         0  main.o ABSOLUTE
    main.c                                   0x00000000   Number         0  main.o ABSOLUTE
    stm32f10x_it.c                           0x00000000   Number         0  stm32f10x_it.o ABSOLUTE
    stm32f10x_it.c                           0x00000000   Number         0  stm32f10x_it.o ABSOLUTE
    RESET                                    0x08000000   Section      236  startup_stm32f10x_md.o(RESET)
    .ARM.Collect$$$$00000000                 0x080000ec   Section        0  entry.o(.ARM.Collect$$$$00000000)
    .ARM.Collect$$$$00000001                 0x080000ec   Section        4  entry2.o(.ARM.Collect$$$$00000001)
    .ARM.Collect$$$$00000004                 0x080000f0   Section        4  entry5.o(.ARM.Collect$$$$00000004)
    .ARM.Collect$$$$00000008                 0x080000f4   Section        0  entry7b.o(.ARM.Collect$$$$00000008)
    .ARM.Collect$$$$00000009                 0x080000f4   Section        8  entry8.o(.ARM.Collect$$$$00000009)
    .ARM.Collect$$$$00002712                 0x080000fc   Section        4  entry2.o(.ARM.Collect$$$$00002712)
    __lit__00000000                          0x080000fc   Data           4  entry2.o(.ARM.Collect$$$$00002712)
    .text                                    0x08000100   Section       36  startup_stm32f10x_md.o(.text)
    .text                                    0x08000124   Section        0  misc.o(.text)
    .text                                    0x08000200   Section        0  stm32f10x_adc.o(.text)
    .text                                    0x0800063c   Section        0  stm32f10x_bkp.o(.text)
    .text                                    0x080006e8   Section        0  stm32f10x_exti.o(.text)
    .text                                    0x08000804   Section        0  stm32f10x_gpio.o(.text)
    .text                                    0x08000b5c   Section        0  stm32f10x_iwdg.o(.text)
    .text                                    0x08000b9c   Section        0  stm32f10x_pwr.o(.text)
    .text                                    0x08000c68   Section        0  stm32f10x_rcc.o(.text)
    .text                                    0x08001004   Section        0  stm32f10x_rtc.o(.text)
    .text                                    0x08001148   Section        0  stm32f10x_spi.o(.text)
    .text                                    0x08001454   Section        0  stm32f10x_tim.o(.text)
    TI4_Config                               0x080018fb   Thumb Code   130  stm32f10x_tim.o(.text)
    TI3_Config                               0x0800198f   Thumb Code   122  stm32f10x_tim.o(.text)
    TI2_Config                               0x08001a23   Thumb Code   130  stm32f10x_tim.o(.text)
    TI1_Config                               0x08001ab7   Thumb Code   108  stm32f10x_tim.o(.text)
    .text                                    0x08002270   Section        0  stm32f10x_usart.o(.text)
    .text                                    0x08002678   Section        0  main.o(.text)
    .text                                    0x08002af0   Section        0  stm32f10x_it.o(.text)
    .text                                    0x08002c28   Section        0  system_stm32f10x.o(.text)
    SetSysClockTo72                          0x08002c29   Thumb Code   192  system_stm32f10x.o(.text)
    SetSysClock                              0x08002ce9   Thumb Code     8  system_stm32f10x.o(.text)
    .text                                    0x08002df0   Section        0  oled.o(.text)
    .text                                    0x0800467c   Section        0  delay.o(.text)
    .text                                    0x08004830   Section        0  nvic.o(.text)
    .text                                    0x080048f0   Section        0  bluetooth.o(.text)
    .text                                    0x08004de8   Section        0  usart.o(.text)
    .text                                    0x080052c0   Section        0  rfid.o(.text)
    .text                                    0x080057e0   Section        0  spi_flash.o(.text)
    .text                                    0x08005e80   Section        0  usb.o(.text)
    .text                                    0x08007330   Section        0  timer.o(.text)
    .text                                    0x080075a8   Section        0  rtc_time.o(.text)
    IsLeapYear                               0x080076e7   Thumb Code    58  rtc_time.o(.text)
    .text                                    0x08007a40   Section        0  li_power.o(.text)
    .text                                    0x08007bd0   Section        0  iwdg.o(.text)
    .text                                    0x08007bfc   Section        0  sw_key.o(.text)
    .text                                    0x08007e80   Section        0  memcpya.o(.text)
    .text                                    0x08007ea4   Section        0  memseta.o(.text)
    .text                                    0x08007ec8   Section       36  init.o(.text)
    .text                                    0x08007eec   Section        0  __dczerorl2.o(.text)
    i.__scatterload_copy                     0x08007f48   Section       14  handlers.o(i.__scatterload_copy)
    i.__scatterload_null                     0x08007f56   Section        2  handlers.o(i.__scatterload_null)
    i.__scatterload_zeroinit                 0x08007f58   Section       14  handlers.o(i.__scatterload_zeroinit)
    .constdata                               0x08007f68   Section       16  main.o(.constdata)
    .constdata                               0x08007f78   Section     2089  oled.o(.constdata)
    .constdata                               0x080087a4   Section       48  rtc_time.o(.constdata)
    .data                                    0x20000000   Section       20  stm32f10x_rcc.o(.data)
    APBAHBPrescTable                         0x20000000   Data          16  stm32f10x_rcc.o(.data)
    ADCPrescTable                            0x20000010   Data           4  stm32f10x_rcc.o(.data)
    .data                                    0x20000014   Section       94  globle_var.o(.data)
    .data                                    0x20000074   Section       20  system_stm32f10x.o(.data)
    .data                                    0x20000088   Section     3541  oled.o(.data)
    .data                                    0x20000e5d   Section        1  bluetooth.o(.data)
    .data                                    0x20000e5e   Section        1  usart.o(.data)
    .data                                    0x20000e60   Section       44  rfid.o(.data)
    .data                                    0x20000e8c   Section        2  timer.o(.data)
    .data                                    0x20000e8e   Section        8  rtc_time.o(.data)
    .data                                    0x20000e96   Section        1  li_power.o(.data)
    .data                                    0x20000e97   Section        1  sw_key.o(.data)
    .bss                                     0x20000e98   Section      569  globle_var.o(.bss)
    .bss                                     0x200010d2   Section      260  bluetooth.o(.bss)
    .bss                                     0x200011d6   Section      260  usart.o(.bss)
    .bss                                     0x200012da   Section      260  rfid.o(.bss)
    .bss                                     0x200013de   Section     4096  spi_flash.o(.bss)
    .bss                                     0x200023e0   Section       36  timer.o(.bss)
    .bss                                     0x20002404   Section       80  li_power.o(.bss)
    STACK                                    0x20002458   Section     1024  startup_stm32f10x_md.o(STACK)

    Global Symbols

    Symbol Name                              Value     Ov Type        Size  Object(Section)

    BuildAttributes$$THM_ISAv4$P$D$K$B$S$PE$A:L22UL41UL21$X:L11$S22US41US21$IEEE1$IW$USESV6$~STKCKD$USESV7$~SHL$OSPACE$EBA8$MICROLIB$REQ8$PRES8$EABIv2 0x00000000   Number         0  anon$$obj.o ABSOLUTE
    __ARM_use_no_argv                        0x00000000   Number         0  main.o ABSOLUTE
    _clock_init                               - Undefined Weak Reference
    __Vectors_Size                           0x000000ec   Number         0  startup_stm32f10x_md.o ABSOLUTE
    __Vectors                                0x08000000   Data           4  startup_stm32f10x_md.o(RESET)
    __Vectors_End                            0x080000ec   Data           0  startup_stm32f10x_md.o(RESET)
    __main                                   0x080000ed   Thumb Code     0  entry.o(.ARM.Collect$$$$00000000)
    _main_stk                                0x080000ed   Thumb Code     0  entry2.o(.ARM.Collect$$$$00000001)
    _main_scatterload                        0x080000f1   Thumb Code     0  entry5.o(.ARM.Collect$$$$00000004)
    __main_after_scatterload                 0x080000f5   Thumb Code     0  entry5.o(.ARM.Collect$$$$00000004)
    _main_clock                              0x080000f5   Thumb Code     0  entry7b.o(.ARM.Collect$$$$00000008)
    _main_init                               0x080000f5   Thumb Code     0  entry8.o(.ARM.Collect$$$$00000009)
    Reset_Handler                            0x08000101   Thumb Code     8  startup_stm32f10x_md.o(.text)
    ADC1_2_IRQHandler                        0x0800011b   Thumb Code     0  startup_stm32f10x_md.o(.text)
    CAN1_RX1_IRQHandler                      0x0800011b   Thumb Code     0  startup_stm32f10x_md.o(.text)
    CAN1_SCE_IRQHandler                      0x0800011b   Thumb Code     0  startup_stm32f10x_md.o(.text)
    DMA1_Channel1_IRQHandler                 0x0800011b   Thumb Code     0  startup_stm32f10x_md.o(.text)
    DMA1_Channel2_IRQHandler                 0x0800011b   Thumb Code     0  startup_stm32f10x_md.o(.text)
    DMA1_Channel3_IRQHandler                 0x0800011b   Thumb Code     0  startup_stm32f10x_md.o(.text)
    DMA1_Channel4_IRQHandler                 0x0800011b   Thumb Code     0  startup_stm32f10x_md.o(.text)
    DMA1_Channel5_IRQHandler                 0x0800011b   Thumb Code     0  startup_stm32f10x_md.o(.text)
    DMA1_Channel6_IRQHandler                 0x0800011b   Thumb Code     0  startup_stm32f10x_md.o(.text)
    DMA1_Channel7_IRQHandler                 0x0800011b   Thumb Code     0  startup_stm32f10x_md.o(.text)
    EXTI0_IRQHandler                         0x0800011b   Thumb Code     0  startup_stm32f10x_md.o(.text)
    EXTI1_IRQHandler                         0x0800011b   Thumb Code     0  startup_stm32f10x_md.o(.text)
    EXTI2_IRQHandler                         0x0800011b   Thumb Code     0  startup_stm32f10x_md.o(.text)
    EXTI3_IRQHandler                         0x0800011b   Thumb Code     0  startup_stm32f10x_md.o(.text)
    EXTI4_IRQHandler                         0x0800011b   Thumb Code     0  startup_stm32f10x_md.o(.text)
    FLASH_IRQHandler                         0x0800011b   Thumb Code     0  startup_stm32f10x_md.o(.text)
    I2C1_ER_IRQHandler                       0x0800011b   Thumb Code     0  startup_stm32f10x_md.o(.text)
    I2C1_EV_IRQHandler                       0x0800011b   Thumb Code     0  startup_stm32f10x_md.o(.text)
    I2C2_ER_IRQHandler                       0x0800011b   Thumb Code     0  startup_stm32f10x_md.o(.text)
    I2C2_EV_IRQHandler                       0x0800011b   Thumb Code     0  startup_stm32f10x_md.o(.text)
    PVD_IRQHandler                           0x0800011b   Thumb Code     0  startup_stm32f10x_md.o(.text)
    RCC_IRQHandler                           0x0800011b   Thumb Code     0  startup_stm32f10x_md.o(.text)
    RTCAlarm_IRQHandler                      0x0800011b   Thumb Code     0  startup_stm32f10x_md.o(.text)
    RTC_IRQHandler                           0x0800011b   Thumb Code     0  startup_stm32f10x_md.o(.text)
    SPI1_IRQHandler                          0x0800011b   Thumb Code     0  startup_stm32f10x_md.o(.text)
    SPI2_IRQHandler                          0x0800011b   Thumb Code     0  startup_stm32f10x_md.o(.text)
    TAMPER_IRQHandler                        0x0800011b   Thumb Code     0  startup_stm32f10x_md.o(.text)
    TIM1_BRK_IRQHandler                      0x0800011b   Thumb Code     0  startup_stm32f10x_md.o(.text)
    TIM1_CC_IRQHandler                       0x0800011b   Thumb Code     0  startup_stm32f10x_md.o(.text)
    TIM1_TRG_COM_IRQHandler                  0x0800011b   Thumb Code     0  startup_stm32f10x_md.o(.text)
    TIM1_UP_IRQHandler                       0x0800011b   Thumb Code     0  startup_stm32f10x_md.o(.text)
    TIM3_IRQHandler                          0x0800011b   Thumb Code     0  startup_stm32f10x_md.o(.text)
    TIM4_IRQHandler                          0x0800011b   Thumb Code     0  startup_stm32f10x_md.o(.text)
    USBWakeUp_IRQHandler                     0x0800011b   Thumb Code     0  startup_stm32f10x_md.o(.text)
    USB_HP_CAN1_TX_IRQHandler                0x0800011b   Thumb Code     0  startup_stm32f10x_md.o(.text)
    USB_LP_CAN1_RX0_IRQHandler               0x0800011b   Thumb Code     0  startup_stm32f10x_md.o(.text)
    WWDG_IRQHandler                          0x0800011b   Thumb Code     0  startup_stm32f10x_md.o(.text)
    NVIC_PriorityGroupConfig                 0x08000125   Thumb Code    10  misc.o(.text)
    NVIC_Init                                0x0800012f   Thumb Code   102  misc.o(.text)
    NVIC_SetVectorTable                      0x08000195   Thumb Code    14  misc.o(.text)
    NVIC_SystemLPConfig                      0x080001a3   Thumb Code    34  misc.o(.text)
    SysTick_CLKSourceConfig                  0x080001c5   Thumb Code    40  misc.o(.text)
    ADC_DeInit                               0x08000201   Thumb Code    78  stm32f10x_adc.o(.text)
    ADC_Init                                 0x0800024f   Thumb Code    70  stm32f10x_adc.o(.text)
    ADC_StructInit                           0x08000295   Thumb Code    18  stm32f10x_adc.o(.text)
    ADC_Cmd                                  0x080002a7   Thumb Code    22  stm32f10x_adc.o(.text)
    ADC_DMACmd                               0x080002bd   Thumb Code    22  stm32f10x_adc.o(.text)
    ADC_ITConfig                             0x080002d3   Thumb Code    24  stm32f10x_adc.o(.text)
    ADC_ResetCalibration                     0x080002eb   Thumb Code    10  stm32f10x_adc.o(.text)
    ADC_GetResetCalibrationStatus            0x080002f5   Thumb Code    20  stm32f10x_adc.o(.text)
    ADC_StartCalibration                     0x08000309   Thumb Code    10  stm32f10x_adc.o(.text)
    ADC_GetCalibrationStatus                 0x08000313   Thumb Code    20  stm32f10x_adc.o(.text)
    ADC_SoftwareStartConvCmd                 0x08000327   Thumb Code    22  stm32f10x_adc.o(.text)
    ADC_GetSoftwareStartConvStatus           0x0800033d   Thumb Code    20  stm32f10x_adc.o(.text)
    ADC_DiscModeChannelCountConfig           0x08000351   Thumb Code    24  stm32f10x_adc.o(.text)
    ADC_DiscModeCmd                          0x08000369   Thumb Code    22  stm32f10x_adc.o(.text)
    ADC_RegularChannelConfig                 0x0800037f   Thumb Code   184  stm32f10x_adc.o(.text)
    ADC_ExternalTrigConvCmd                  0x08000437   Thumb Code    22  stm32f10x_adc.o(.text)
    ADC_GetConversionValue                   0x0800044d   Thumb Code     8  stm32f10x_adc.o(.text)
    ADC_GetDualModeConversionValue           0x08000455   Thumb Code     8  stm32f10x_adc.o(.text)
    ADC_AutoInjectedConvCmd                  0x0800045d   Thumb Code    22  stm32f10x_adc.o(.text)
    ADC_InjectedDiscModeCmd                  0x08000473   Thumb Code    22  stm32f10x_adc.o(.text)
    ADC_ExternalTrigInjectedConvConfig       0x08000489   Thumb Code    16  stm32f10x_adc.o(.text)
    ADC_ExternalTrigInjectedConvCmd          0x08000499   Thumb Code    22  stm32f10x_adc.o(.text)
    ADC_SoftwareStartInjectedConvCmd         0x080004af   Thumb Code    22  stm32f10x_adc.o(.text)
    ADC_GetSoftwareStartInjectedConvCmdStatus 0x080004c5   Thumb Code    20  stm32f10x_adc.o(.text)
    ADC_InjectedChannelConfig                0x080004d9   Thumb Code   130  stm32f10x_adc.o(.text)
    ADC_InjectedSequencerLengthConfig        0x0800055b   Thumb Code    24  stm32f10x_adc.o(.text)
    ADC_SetInjectedOffset                    0x08000573   Thumb Code    12  stm32f10x_adc.o(.text)
    ADC_GetInjectedConversionValue           0x0800057f   Thumb Code    18  stm32f10x_adc.o(.text)
    ADC_AnalogWatchdogCmd                    0x08000591   Thumb Code    16  stm32f10x_adc.o(.text)
    ADC_AnalogWatchdogThresholdsConfig       0x080005a1   Thumb Code     6  stm32f10x_adc.o(.text)
    ADC_AnalogWatchdogSingleChannelConfig    0x080005a7   Thumb Code    16  stm32f10x_adc.o(.text)
    ADC_TempSensorVrefintCmd                 0x080005b7   Thumb Code    38  stm32f10x_adc.o(.text)
    ADC_GetFlagStatus                        0x080005dd   Thumb Code    44  stm32f10x_adc.o(.text)
    ADC_ClearFlag                            0x08000609   Thumb Code     6  stm32f10x_adc.o(.text)
    ADC_GetITStatus                          0x0800060f   Thumb Code    36  stm32f10x_adc.o(.text)
    ADC_ClearITPendingBit                    0x08000633   Thumb Code    10  stm32f10x_adc.o(.text)
    BKP_DeInit                               0x0800063d   Thumb Code    16  stm32f10x_bkp.o(.text)
    BKP_TamperPinLevelConfig                 0x0800064d   Thumb Code     6  stm32f10x_bkp.o(.text)
    BKP_TamperPinCmd                         0x08000653   Thumb Code     8  stm32f10x_bkp.o(.text)
    BKP_ITConfig                             0x0800065b   Thumb Code     8  stm32f10x_bkp.o(.text)
    BKP_RTCOutputConfig                      0x08000663   Thumb Code    22  stm32f10x_bkp.o(.text)
    BKP_SetRTCCalibrationValue               0x08000679   Thumb Code    22  stm32f10x_bkp.o(.text)
    BKP_WriteBackupRegister                  0x0800068f   Thumb Code    12  stm32f10x_bkp.o(.text)
    BKP_ReadBackupRegister                   0x0800069b   Thumb Code    14  stm32f10x_bkp.o(.text)
    BKP_GetFlagStatus                        0x080006a9   Thumb Code    10  stm32f10x_bkp.o(.text)
    BKP_ClearFlag                            0x080006b3   Thumb Code    18  stm32f10x_bkp.o(.text)
    BKP_GetITStatus                          0x080006c5   Thumb Code    10  stm32f10x_bkp.o(.text)
    BKP_ClearITPendingBit                    0x080006cf   Thumb Code    18  stm32f10x_bkp.o(.text)
    EXTI_DeInit                              0x080006e9   Thumb Code    28  stm32f10x_exti.o(.text)
    EXTI_Init                                0x08000705   Thumb Code   142  stm32f10x_exti.o(.text)
    EXTI_StructInit                          0x08000793   Thumb Code    16  stm32f10x_exti.o(.text)
    EXTI_GenerateSWInterrupt                 0x080007a3   Thumb Code    16  stm32f10x_exti.o(.text)
    EXTI_GetFlagStatus                       0x080007b3   Thumb Code    22  stm32f10x_exti.o(.text)
    EXTI_ClearFlag                           0x080007c9   Thumb Code     8  stm32f10x_exti.o(.text)
    EXTI_GetITStatus                         0x080007d1   Thumb Code    34  stm32f10x_exti.o(.text)
    EXTI_ClearITPendingBit                   0x080007f3   Thumb Code     8  stm32f10x_exti.o(.text)
    GPIO_DeInit                              0x08000805   Thumb Code   172  stm32f10x_gpio.o(.text)
    GPIO_AFIODeInit                          0x080008b1   Thumb Code    20  stm32f10x_gpio.o(.text)
    GPIO_Init                                0x080008c5   Thumb Code   274  stm32f10x_gpio.o(.text)
    GPIO_StructInit                          0x080009d7   Thumb Code    16  stm32f10x_gpio.o(.text)
    GPIO_ReadInputDataBit                    0x080009e7   Thumb Code    18  stm32f10x_gpio.o(.text)
    GPIO_ReadInputData                       0x080009f9   Thumb Code     8  stm32f10x_gpio.o(.text)
    GPIO_ReadOutputDataBit                   0x08000a01   Thumb Code    18  stm32f10x_gpio.o(.text)
    GPIO_ReadOutputData                      0x08000a13   Thumb Code     8  stm32f10x_gpio.o(.text)
    GPIO_SetBits                             0x08000a1b   Thumb Code     4  stm32f10x_gpio.o(.text)
    GPIO_ResetBits                           0x08000a1f   Thumb Code     4  stm32f10x_gpio.o(.text)
    GPIO_WriteBit                            0x08000a23   Thumb Code    10  stm32f10x_gpio.o(.text)
    GPIO_Write                               0x08000a2d   Thumb Code     4  stm32f10x_gpio.o(.text)
    GPIO_PinLockConfig                       0x08000a31   Thumb Code    18  stm32f10x_gpio.o(.text)
    GPIO_EventOutputConfig                   0x08000a43   Thumb Code    26  stm32f10x_gpio.o(.text)
    GPIO_EventOutputCmd                      0x08000a5d   Thumb Code     6  stm32f10x_gpio.o(.text)
    GPIO_PinRemapConfig                      0x08000a63   Thumb Code   138  stm32f10x_gpio.o(.text)
    GPIO_EXTILineConfig                      0x08000aed   Thumb Code    66  stm32f10x_gpio.o(.text)
    GPIO_ETH_MediaInterfaceConfig            0x08000b2f   Thumb Code     6  stm32f10x_gpio.o(.text)
    IWDG_WriteAccessCmd                      0x08000b5d   Thumb Code     6  stm32f10x_iwdg.o(.text)
    IWDG_SetPrescaler                        0x08000b63   Thumb Code     6  stm32f10x_iwdg.o(.text)
    IWDG_SetReload                           0x08000b69   Thumb Code     6  stm32f10x_iwdg.o(.text)
    IWDG_ReloadCounter                       0x08000b6f   Thumb Code    10  stm32f10x_iwdg.o(.text)
    IWDG_Enable                              0x08000b79   Thumb Code    10  stm32f10x_iwdg.o(.text)
    IWDG_GetFlagStatus                       0x08000b83   Thumb Code    20  stm32f10x_iwdg.o(.text)
    PWR_DeInit                               0x08000b9d   Thumb Code    22  stm32f10x_pwr.o(.text)
    PWR_BackupAccessCmd                      0x08000bb3   Thumb Code     6  stm32f10x_pwr.o(.text)
    PWR_PVDCmd                               0x08000bb9   Thumb Code     6  stm32f10x_pwr.o(.text)
    PWR_PVDLevelConfig                       0x08000bbf   Thumb Code    18  stm32f10x_pwr.o(.text)
    PWR_WakeUpPinCmd                         0x08000bd1   Thumb Code     6  stm32f10x_pwr.o(.text)
    PWR_EnterSTOPMode                        0x08000bd7   Thumb Code    54  stm32f10x_pwr.o(.text)
    PWR_EnterSTANDBYMode                     0x08000c0d   Thumb Code    42  stm32f10x_pwr.o(.text)
    PWR_GetFlagStatus                        0x08000c37   Thumb Code    20  stm32f10x_pwr.o(.text)
    PWR_ClearFlag                            0x08000c4b   Thumb Code    14  stm32f10x_pwr.o(.text)
    RCC_DeInit                               0x08000c69   Thumb Code    64  stm32f10x_rcc.o(.text)
    RCC_HSEConfig                            0x08000ca9   Thumb Code    70  stm32f10x_rcc.o(.text)
    RCC_GetFlagStatus                        0x08000cef   Thumb Code    56  stm32f10x_rcc.o(.text)
    RCC_WaitForHSEStartUp                    0x08000d27   Thumb Code    48  stm32f10x_rcc.o(.text)
    RCC_AdjustHSICalibrationValue            0x08000d57   Thumb Code    20  stm32f10x_rcc.o(.text)
    RCC_HSICmd                               0x08000d6b   Thumb Code     6  stm32f10x_rcc.o(.text)
    RCC_PLLConfig                            0x08000d71   Thumb Code    24  stm32f10x_rcc.o(.text)
    RCC_PLLCmd                               0x08000d89   Thumb Code     6  stm32f10x_rcc.o(.text)
    RCC_SYSCLKConfig                         0x08000d8f   Thumb Code    18  stm32f10x_rcc.o(.text)
    RCC_GetSYSCLKSource                      0x08000da1   Thumb Code    10  stm32f10x_rcc.o(.text)
    RCC_HCLKConfig                           0x08000dab   Thumb Code    18  stm32f10x_rcc.o(.text)
    RCC_PCLK1Config                          0x08000dbd   Thumb Code    18  stm32f10x_rcc.o(.text)
    RCC_PCLK2Config                          0x08000dcf   Thumb Code    20  stm32f10x_rcc.o(.text)
    RCC_ITConfig                             0x08000de3   Thumb Code    26  stm32f10x_rcc.o(.text)
    RCC_USBCLKConfig                         0x08000dfd   Thumb Code     6  stm32f10x_rcc.o(.text)
    RCC_ADCCLKConfig                         0x08000e03   Thumb Code    18  stm32f10x_rcc.o(.text)
    RCC_LSEConfig                            0x08000e15   Thumb Code    44  stm32f10x_rcc.o(.text)
    RCC_LSICmd                               0x08000e41   Thumb Code     6  stm32f10x_rcc.o(.text)
    RCC_RTCCLKConfig                         0x08000e47   Thumb Code    12  stm32f10x_rcc.o(.text)
    RCC_RTCCLKCmd                            0x08000e53   Thumb Code     8  stm32f10x_rcc.o(.text)
    RCC_GetClocksFreq                        0x08000e5b   Thumb Code   192  stm32f10x_rcc.o(.text)
    RCC_AHBPeriphClockCmd                    0x08000f1b   Thumb Code    26  stm32f10x_rcc.o(.text)
    RCC_APB2PeriphClockCmd                   0x08000f35   Thumb Code    26  stm32f10x_rcc.o(.text)
    RCC_APB1PeriphClockCmd                   0x08000f4f   Thumb Code    26  stm32f10x_rcc.o(.text)
    RCC_APB2PeriphResetCmd                   0x08000f69   Thumb Code    26  stm32f10x_rcc.o(.text)
    RCC_APB1PeriphResetCmd                   0x08000f83   Thumb Code    26  stm32f10x_rcc.o(.text)
    RCC_BackupResetCmd                       0x08000f9d   Thumb Code     8  stm32f10x_rcc.o(.text)
    RCC_ClockSecuritySystemCmd               0x08000fa5   Thumb Code     6  stm32f10x_rcc.o(.text)
    RCC_MCOConfig                            0x08000fab   Thumb Code     6  stm32f10x_rcc.o(.text)
    RCC_ClearFlag                            0x08000fb1   Thumb Code    14  stm32f10x_rcc.o(.text)
    RCC_GetITStatus                          0x08000fbf   Thumb Code    20  stm32f10x_rcc.o(.text)
    RCC_ClearITPendingBit                    0x08000fd3   Thumb Code     6  stm32f10x_rcc.o(.text)
    RTC_ITConfig                             0x08001005   Thumb Code    26  stm32f10x_rtc.o(.text)
    RTC_EnterConfigMode                      0x0800101f   Thumb Code    18  stm32f10x_rtc.o(.text)
    RTC_ExitConfigMode                       0x08001031   Thumb Code    20  stm32f10x_rtc.o(.text)
    RTC_GetCounter                           0x08001045   Thumb Code    18  stm32f10x_rtc.o(.text)
    RTC_SetCounter                           0x08001057   Thumb Code    26  stm32f10x_rtc.o(.text)
    RTC_SetPrescaler                         0x08001071   Thumb Code    28  stm32f10x_rtc.o(.text)
    RTC_SetAlarm                             0x0800108d   Thumb Code    26  stm32f10x_rtc.o(.text)
    RTC_GetDivider                           0x080010a7   Thumb Code    22  stm32f10x_rtc.o(.text)
    RTC_WaitForLastTask                      0x080010bd   Thumb Code    16  stm32f10x_rtc.o(.text)
    RTC_WaitForSynchro                       0x080010cd   Thumb Code    34  stm32f10x_rtc.o(.text)
    RTC_GetFlagStatus                        0x080010ef   Thumb Code    22  stm32f10x_rtc.o(.text)
    RTC_ClearFlag                            0x08001105   Thumb Code    16  stm32f10x_rtc.o(.text)
    RTC_GetITStatus                          0x08001115   Thumb Code    32  stm32f10x_rtc.o(.text)
    RTC_ClearITPendingBit                    0x08001135   Thumb Code    16  stm32f10x_rtc.o(.text)
    SPI_I2S_DeInit                           0x08001149   Thumb Code    76  stm32f10x_spi.o(.text)
    SPI_Init                                 0x08001195   Thumb Code    60  stm32f10x_spi.o(.text)
    I2S_Init                                 0x080011d1   Thumb Code   226  stm32f10x_spi.o(.text)
    SPI_StructInit                           0x080012b3   Thumb Code    24  stm32f10x_spi.o(.text)
    I2S_StructInit                           0x080012cb   Thumb Code    20  stm32f10x_spi.o(.text)
    SPI_Cmd                                  0x080012df   Thumb Code    24  stm32f10x_spi.o(.text)
    I2S_Cmd                                  0x080012f7   Thumb Code    24  stm32f10x_spi.o(.text)
    SPI_I2S_ITConfig                         0x0800130f   Thumb Code    32  stm32f10x_spi.o(.text)
    SPI_I2S_DMACmd                           0x0800132f   Thumb Code    18  stm32f10x_spi.o(.text)
    SPI_I2S_SendData                         0x08001341   Thumb Code     4  stm32f10x_spi.o(.text)
    SPI_I2S_ReceiveData                      0x08001345   Thumb Code     6  stm32f10x_spi.o(.text)
    SPI_NSSInternalSoftwareConfig            0x0800134b   Thumb Code    30  stm32f10x_spi.o(.text)
    SPI_SSOutputCmd                          0x08001369   Thumb Code    24  stm32f10x_spi.o(.text)
    SPI_DataSizeConfig                       0x08001381   Thumb Code    18  stm32f10x_spi.o(.text)
    SPI_TransmitCRC                          0x08001393   Thumb Code    10  stm32f10x_spi.o(.text)
    SPI_CalculateCRC                         0x0800139d   Thumb Code    24  stm32f10x_spi.o(.text)
    SPI_GetCRC                               0x080013b5   Thumb Code    16  stm32f10x_spi.o(.text)
    SPI_GetCRCPolynomial                     0x080013c5   Thumb Code     6  stm32f10x_spi.o(.text)
    SPI_BiDirectionalLineConfig              0x080013cb   Thumb Code    28  stm32f10x_spi.o(.text)
    SPI_I2S_GetFlagStatus                    0x080013e7   Thumb Code    18  stm32f10x_spi.o(.text)
    SPI_I2S_ClearFlag                        0x080013f9   Thumb Code     6  stm32f10x_spi.o(.text)
    SPI_I2S_GetITStatus                      0x080013ff   Thumb Code    52  stm32f10x_spi.o(.text)
    SPI_I2S_ClearITPendingBit                0x08001433   Thumb Code    20  stm32f10x_spi.o(.text)
    TIM_DeInit                               0x08001455   Thumb Code   424  stm32f10x_tim.o(.text)
    TIM_TimeBaseInit                         0x080015fd   Thumb Code   122  stm32f10x_tim.o(.text)
    TIM_OC1Init                              0x08001677   Thumb Code   132  stm32f10x_tim.o(.text)
    TIM_OC2Init                              0x080016fb   Thumb Code   154  stm32f10x_tim.o(.text)
    TIM_OC3Init                              0x08001795   Thumb Code   150  stm32f10x_tim.o(.text)
    TIM_OC4Init                              0x0800182b   Thumb Code   182  stm32f10x_tim.o(.text)
    TIM_SetIC4Prescaler                      0x080018e1   Thumb Code    26  stm32f10x_tim.o(.text)
    TIM_SetIC3Prescaler                      0x0800197d   Thumb Code    18  stm32f10x_tim.o(.text)
    TIM_SetIC2Prescaler                      0x08001a09   Thumb Code    26  stm32f10x_tim.o(.text)
    TIM_SetIC1Prescaler                      0x08001aa5   Thumb Code    18  stm32f10x_tim.o(.text)
    TIM_ICInit                               0x08001b23   Thumb Code   150  stm32f10x_tim.o(.text)
    TIM_PWMIConfig                           0x08001bb9   Thumb Code   124  stm32f10x_tim.o(.text)
    TIM_BDTRConfig                           0x08001c35   Thumb Code    32  stm32f10x_tim.o(.text)
    TIM_TimeBaseStructInit                   0x08001c55   Thumb Code    18  stm32f10x_tim.o(.text)
    TIM_OCStructInit                         0x08001c67   Thumb Code    20  stm32f10x_tim.o(.text)
    TIM_ICStructInit                         0x08001c7b   Thumb Code    18  stm32f10x_tim.o(.text)
    TIM_BDTRStructInit                       0x08001c8d   Thumb Code    40  stm32f10x_tim.o(.text)
    TIM_Cmd                                  0x08001cb5   Thumb Code    24  stm32f10x_tim.o(.text)
    TIM_CtrlPWMOutputs                       0x08001ccd   Thumb Code    30  stm32f10x_tim.o(.text)
    TIM_ITConfig                             0x08001ceb   Thumb Code    18  stm32f10x_tim.o(.text)
    TIM_GenerateEvent                        0x08001cfd   Thumb Code     4  stm32f10x_tim.o(.text)
    TIM_DMAConfig                            0x08001d01   Thumb Code    10  stm32f10x_tim.o(.text)
    TIM_DMACmd                               0x08001d0b   Thumb Code    18  stm32f10x_tim.o(.text)
    TIM_InternalClockConfig                  0x08001d1d   Thumb Code    12  stm32f10x_tim.o(.text)
    TIM_SelectInputTrigger                   0x08001d29   Thumb Code    18  stm32f10x_tim.o(.text)
    TIM_ITRxExternalClockConfig              0x08001d3b   Thumb Code    24  stm32f10x_tim.o(.text)
    TIM_TIxExternalClockConfig               0x08001d53   Thumb Code    62  stm32f10x_tim.o(.text)
    TIM_ETRConfig                            0x08001d91   Thumb Code    28  stm32f10x_tim.o(.text)
    TIM_ETRClockMode1Config                  0x08001dad   Thumb Code    54  stm32f10x_tim.o(.text)
    TIM_ETRClockMode2Config                  0x08001de3   Thumb Code    32  stm32f10x_tim.o(.text)
    TIM_PrescalerConfig                      0x08001e03   Thumb Code     6  stm32f10x_tim.o(.text)
    TIM_CounterModeConfig                    0x08001e09   Thumb Code    18  stm32f10x_tim.o(.text)
    TIM_EncoderInterfaceConfig               0x08001e1b   Thumb Code    66  stm32f10x_tim.o(.text)
    TIM_ForcedOC1Config                      0x08001e5d   Thumb Code    18  stm32f10x_tim.o(.text)
    TIM_ForcedOC2Config                      0x08001e6f   Thumb Code    26  stm32f10x_tim.o(.text)
    TIM_ForcedOC3Config                      0x08001e89   Thumb Code    18  stm32f10x_tim.o(.text)
    TIM_ForcedOC4Config                      0x08001e9b   Thumb Code    26  stm32f10x_tim.o(.text)
    TIM_ARRPreloadConfig                     0x08001eb5   Thumb Code    24  stm32f10x_tim.o(.text)
    TIM_SelectCOM                            0x08001ecd   Thumb Code    24  stm32f10x_tim.o(.text)
    TIM_SelectCCDMA                          0x08001ee5   Thumb Code    24  stm32f10x_tim.o(.text)
    TIM_CCPreloadControl                     0x08001efd   Thumb Code    24  stm32f10x_tim.o(.text)
    TIM_OC1PreloadConfig                     0x08001f15   Thumb Code    18  stm32f10x_tim.o(.text)
    TIM_OC2PreloadConfig                     0x08001f27   Thumb Code    26  stm32f10x_tim.o(.text)
    TIM_OC3PreloadConfig                     0x08001f41   Thumb Code    18  stm32f10x_tim.o(.text)
    TIM_OC4PreloadConfig                     0x08001f53   Thumb Code    26  stm32f10x_tim.o(.text)
    TIM_OC1FastConfig                        0x08001f6d   Thumb Code    18  stm32f10x_tim.o(.text)
    TIM_OC2FastConfig                        0x08001f7f   Thumb Code    26  stm32f10x_tim.o(.text)
    TIM_OC3FastConfig                        0x08001f99   Thumb Code    18  stm32f10x_tim.o(.text)
    TIM_OC4FastConfig                        0x08001fab   Thumb Code    26  stm32f10x_tim.o(.text)
    TIM_ClearOC1Ref                          0x08001fc5   Thumb Code    18  stm32f10x_tim.o(.text)
    TIM_ClearOC2Ref                          0x08001fd7   Thumb Code    24  stm32f10x_tim.o(.text)
    TIM_ClearOC3Ref                          0x08001fef   Thumb Code    18  stm32f10x_tim.o(.text)
    TIM_ClearOC4Ref                          0x08002001   Thumb Code    24  stm32f10x_tim.o(.text)
    TIM_OC1PolarityConfig                    0x08002019   Thumb Code    18  stm32f10x_tim.o(.text)
    TIM_OC1NPolarityConfig                   0x0800202b   Thumb Code    18  stm32f10x_tim.o(.text)
    TIM_OC2PolarityConfig                    0x0800203d   Thumb Code    26  stm32f10x_tim.o(.text)
    TIM_OC2NPolarityConfig                   0x08002057   Thumb Code    26  stm32f10x_tim.o(.text)
    TIM_OC3PolarityConfig                    0x08002071   Thumb Code    26  stm32f10x_tim.o(.text)
    TIM_OC3NPolarityConfig                   0x0800208b   Thumb Code    26  stm32f10x_tim.o(.text)
    TIM_OC4PolarityConfig                    0x080020a5   Thumb Code    26  stm32f10x_tim.o(.text)
    TIM_CCxCmd                               0x080020bf   Thumb Code    30  stm32f10x_tim.o(.text)
    TIM_CCxNCmd                              0x080020dd   Thumb Code    30  stm32f10x_tim.o(.text)
    TIM_SelectOCxM                           0x080020fb   Thumb Code    82  stm32f10x_tim.o(.text)
    TIM_UpdateDisableConfig                  0x0800214d   Thumb Code    24  stm32f10x_tim.o(.text)
    TIM_UpdateRequestConfig                  0x08002165   Thumb Code    24  stm32f10x_tim.o(.text)
    TIM_SelectHallSensor                     0x0800217d   Thumb Code    24  stm32f10x_tim.o(.text)
    TIM_SelectOnePulseMode                   0x08002195   Thumb Code    18  stm32f10x_tim.o(.text)
    TIM_SelectOutputTrigger                  0x080021a7   Thumb Code    18  stm32f10x_tim.o(.text)
    TIM_SelectSlaveMode                      0x080021b9   Thumb Code    18  stm32f10x_tim.o(.text)
    TIM_SelectMasterSlaveMode                0x080021cb   Thumb Code    18  stm32f10x_tim.o(.text)
    TIM_SetCounter                           0x080021dd   Thumb Code     4  stm32f10x_tim.o(.text)
    TIM_SetAutoreload                        0x080021e1   Thumb Code     4  stm32f10x_tim.o(.text)
    TIM_SetCompare1                          0x080021e5   Thumb Code     4  stm32f10x_tim.o(.text)
    TIM_SetCompare2                          0x080021e9   Thumb Code     4  stm32f10x_tim.o(.text)
    TIM_SetCompare3                          0x080021ed   Thumb Code     4  stm32f10x_tim.o(.text)
    TIM_SetCompare4                          0x080021f1   Thumb Code     6  stm32f10x_tim.o(.text)
    TIM_SetClockDivision                     0x080021f7   Thumb Code    18  stm32f10x_tim.o(.text)
    TIM_GetCapture1                          0x08002209   Thumb Code     6  stm32f10x_tim.o(.text)
    TIM_GetCapture2                          0x0800220f   Thumb Code     6  stm32f10x_tim.o(.text)
    TIM_GetCapture3                          0x08002215   Thumb Code     6  stm32f10x_tim.o(.text)
    TIM_GetCapture4                          0x0800221b   Thumb Code     8  stm32f10x_tim.o(.text)
    TIM_GetCounter                           0x08002223   Thumb Code     6  stm32f10x_tim.o(.text)
    TIM_GetPrescaler                         0x08002229   Thumb Code     6  stm32f10x_tim.o(.text)
    TIM_GetFlagStatus                        0x0800222f   Thumb Code    18  stm32f10x_tim.o(.text)
    TIM_ClearFlag                            0x08002241   Thumb Code     6  stm32f10x_tim.o(.text)
    TIM_GetITStatus                          0x08002247   Thumb Code    34  stm32f10x_tim.o(.text)
    TIM_ClearITPendingBit                    0x08002269   Thumb Code     6  stm32f10x_tim.o(.text)
    USART_DeInit                             0x08002271   Thumb Code   134  stm32f10x_usart.o(.text)
    USART_Init                               0x080022f7   Thumb Code   210  stm32f10x_usart.o(.text)
    USART_StructInit                         0x080023c9   Thumb Code    24  stm32f10x_usart.o(.text)
    USART_ClockInit                          0x080023e1   Thumb Code    34  stm32f10x_usart.o(.text)
    USART_ClockStructInit                    0x08002403   Thumb Code    12  stm32f10x_usart.o(.text)
    USART_Cmd                                0x0800240f   Thumb Code    24  stm32f10x_usart.o(.text)
    USART_ITConfig                           0x08002427   Thumb Code    74  stm32f10x_usart.o(.text)
    USART_DMACmd                             0x08002471   Thumb Code    18  stm32f10x_usart.o(.text)
    USART_SetAddress                         0x08002483   Thumb Code    18  stm32f10x_usart.o(.text)
    USART_WakeUpConfig                       0x08002495   Thumb Code    18  stm32f10x_usart.o(.text)
    USART_ReceiverWakeUpCmd                  0x080024a7   Thumb Code    24  stm32f10x_usart.o(.text)
    USART_LINBreakDetectLengthConfig         0x080024bf   Thumb Code    18  stm32f10x_usart.o(.text)
    USART_LINCmd                             0x080024d1   Thumb Code    24  stm32f10x_usart.o(.text)
    USART_SendData                           0x080024e9   Thumb Code     8  stm32f10x_usart.o(.text)
    USART_ReceiveData                        0x080024f1   Thumb Code    10  stm32f10x_usart.o(.text)
    USART_SendBreak                          0x080024fb   Thumb Code    10  stm32f10x_usart.o(.text)
    USART_SetGuardTime                       0x08002505   Thumb Code    16  stm32f10x_usart.o(.text)
    USART_SetPrescaler                       0x08002515   Thumb Code    16  stm32f10x_usart.o(.text)
    USART_SmartCardCmd                       0x08002525   Thumb Code    24  stm32f10x_usart.o(.text)
    USART_SmartCardNACKCmd                   0x0800253d   Thumb Code    24  stm32f10x_usart.o(.text)
    USART_HalfDuplexCmd                      0x08002555   Thumb Code    24  stm32f10x_usart.o(.text)
    USART_OverSampling8Cmd                   0x0800256d   Thumb Code    22  stm32f10x_usart.o(.text)
    USART_OneBitMethodCmd                    0x08002583   Thumb Code    24  stm32f10x_usart.o(.text)
    USART_IrDAConfig                         0x0800259b   Thumb Code    18  stm32f10x_usart.o(.text)
    USART_IrDACmd                            0x080025ad   Thumb Code    24  stm32f10x_usart.o(.text)
    USART_GetFlagStatus                      0x080025c5   Thumb Code    26  stm32f10x_usart.o(.text)
    USART_ClearFlag                          0x080025df   Thumb Code    18  stm32f10x_usart.o(.text)
    USART_GetITStatus                        0x080025f1   Thumb Code    84  stm32f10x_usart.o(.text)
    USART_ClearITPendingBit                  0x08002645   Thumb Code    52  stm32f10x_usart.o(.text)
    ST_Idle                                  0x08002679   Thumb Code   504  main.o(.text)
    coil_control_Init                        0x08002871   Thumb Code    46  main.o(.text)
    buzzer_control_Init                      0x0800289f   Thumb Code    54  main.o(.text)
    max232_control_Init                      0x080028d5   Thumb Code    46  main.o(.text)
    bluetooth_control_Init                   0x08002903   Thumb Code    46  main.o(.text)
    USB_BIT_Init                             0x08002931   Thumb Code    40  main.o(.text)
    main                                     0x08002959   Thumb Code   356  main.o(.text)
    oled_control_Init                        0x08002abd   Thumb Code    46  main.o(.text)
    NMI_Handler                              0x08002af1   Thumb Code     2  stm32f10x_it.o(.text)
    HardFault_Handler                        0x08002af3   Thumb Code     4  stm32f10x_it.o(.text)
    MemManage_Handler                        0x08002af7   Thumb Code     4  stm32f10x_it.o(.text)
    BusFault_Handler                         0x08002afb   Thumb Code     4  stm32f10x_it.o(.text)
    UsageFault_Handler                       0x08002aff   Thumb Code     4  stm32f10x_it.o(.text)
    SVC_Handler                              0x08002b03   Thumb Code     2  stm32f10x_it.o(.text)
    DebugMon_Handler                         0x08002b05   Thumb Code     2  stm32f10x_it.o(.text)
    PendSV_Handler                           0x08002b07   Thumb Code     2  stm32f10x_it.o(.text)
    SysTick_Handler                          0x08002b09   Thumb Code     2  stm32f10x_it.o(.text)
    USART1_IRQHandler                        0x08002b0b   Thumb Code    64  stm32f10x_it.o(.text)
    USART2_IRQHandler                        0x08002b4b   Thumb Code    64  stm32f10x_it.o(.text)
    USART3_IRQHandler                        0x08002b8b   Thumb Code    64  stm32f10x_it.o(.text)
    TIM2_IRQHandler                          0x08002bcb   Thumb Code    64  stm32f10x_it.o(.text)
    SystemInit                               0x08002cf1   Thumb Code    78  system_stm32f10x.o(.text)
    SystemCoreClockUpdate                    0x08002d3f   Thumb Code   142  system_stm32f10x.o(.text)
    OLED_WR_Byte                             0x08002df1   Thumb Code   126  oled.o(.text)
    OLED_Set_Pos                             0x08002e6f   Thumb Code    44  oled.o(.text)
    OLED_ShowChinese                         0x08002e9b   Thumb Code   166  oled.o(.text)
    OLED_ShowChar                            0x08002f41   Thumb Code   160  oled.o(.text)
    OLED_ShowUnite                           0x08002fe1   Thumb Code    74  oled.o(.text)
    OLED_Show                                0x0800302b   Thumb Code    20  oled.o(.text)
    OLED_ShowN                               0x0800303f   Thumb Code    32  oled.o(.text)
    ShowMenu                                 0x0800305f   Thumb Code    94  oled.o(.text)
    OLED_ClearArea                           0x080030bd   Thumb Code    98  oled.o(.text)
    Main_Oled_Time                           0x0800311f   Thumb Code   424  oled.o(.text)
    OLED_DrawBMP                             0x080032c7   Thumb Code   114  oled.o(.text)
    Main_Oled_Power                          0x08003339   Thumb Code    32  oled.o(.text)
    ShowMenuNoInverse                        0x08003359   Thumb Code    52  oled.o(.text)
    OLED_Clear                               0x0800338d   Thumb Code    64  oled.o(.text)
    OLED_Display_On                          0x080033cd   Thumb Code    28  oled.o(.text)
    OLED_Display_Off                         0x080033e9   Thumb Code    28  oled.o(.text)
    Choose_MenuOp4_3                         0x08003405   Thumb Code   220  oled.o(.text)
    Choose_MenuOp5                           0x080034e1   Thumb Code   468  oled.o(.text)
    Choose_MenuOp4                           0x080036b5   Thumb Code   452  oled.o(.text)
    Choose_MenuOp1                           0x08003879   Thumb Code   484  oled.o(.text)
    hs_menu                                  0x08003a5d   Thumb Code     8  oled.o(.text)
    tool_menu                                0x08003a65   Thumb Code     8  oled.o(.text)
    set_menu                                 0x08003a6d   Thumb Code     8  oled.o(.text)
    shut_down_key                            0x08003a75   Thumb Code     8  oled.o(.text)
    Choose_MenuOp4_22                        0x08003a7d   Thumb Code   752  oled.o(.text)
    password                                 0x08003d6d   Thumb Code     8  oled.o(.text)
    power_off_oled                           0x08003d75   Thumb Code    14  oled.o(.text)
    Choose_MenuOp4_1                         0x08003d83   Thumb Code   390  oled.o(.text)
    read_rfid                                0x08003f09   Thumb Code     8  oled.o(.text)
    Choose_MenuOp4_2                         0x08003f11   Thumb Code   222  oled.o(.text)
    open_lock                                0x08003fef   Thumb Code     8  oled.o(.text)
    close_lock                               0x08003ff7   Thumb Code    12  oled.o(.text)
    Choose_MenuOp5_2                         0x08004003   Thumb Code   234  oled.o(.text)
    Choose_MenuOp5_1                         0x080040ed   Thumb Code   516  oled.o(.text)
    screensaver_time                         0x080042f1   Thumb Code     8  oled.o(.text)
    Choose_MenuOp5_3                         0x080042f9   Thumb Code   234  oled.o(.text)
    version                                  0x080043e3   Thumb Code     8  oled.o(.text)
    oled_pow                                 0x080043eb   Thumb Code    22  oled.o(.text)
    OLED_ShowNum                             0x08004401   Thumb Code   132  oled.o(.text)
    OLED_ShowNumHex                          0x08004485   Thumb Code   100  oled.o(.text)
    OLED_ShowString                          0x080044e9   Thumb Code    54  oled.o(.text)
    OLED_Init                                0x0800451f   Thumb Code   320  oled.o(.text)
    SystemTick_Init                          0x0800467d   Thumb Code    88  delay.o(.text)
    delay_us                                 0x080046d5   Thumb Code    64  delay.o(.text)
    delay_ms                                 0x08004715   Thumb Code    74  delay.o(.text)
    delay_s                                  0x0800475f   Thumb Code   196  delay.o(.text)
    NVIC_Configuration                       0x08004831   Thumb Code   190  nvic.o(.text)
    Uart3_Init                               0x080048f1   Thumb Code    68  bluetooth.o(.text)
    USART3_Configuration                     0x08004935   Thumb Code    62  bluetooth.o(.text)
    bluetooth_Configuration                  0x08004973   Thumb Code    68  bluetooth.o(.text)
    UART3Reset                               0x080049b7   Thumb Code    40  bluetooth.o(.text)
    UART3SendChar                            0x080049df   Thumb Code    70  bluetooth.o(.text)
    UART3nSendChar                           0x08004a25   Thumb Code    92  bluetooth.o(.text)
    UART3nSendChar_temp                      0x08004a81   Thumb Code    88  bluetooth.o(.text)
    UART3ReadChar                            0x08004ad9   Thumb Code    90  bluetooth.o(.text)
    UART3nReadChar                           0x08004b33   Thumb Code    82  bluetooth.o(.text)
    UART3ReadFrm                             0x08004b85   Thumb Code   292  bluetooth.o(.text)
    UART3GetCount                            0x08004ca9   Thumb Code    74  bluetooth.o(.text)
    bluetooth_mac                            0x08004cf3   Thumb Code   208  bluetooth.o(.text)
    Uart1_Init                               0x08004de9   Thumb Code    62  usart.o(.text)
    USART1_Configuration                     0x08004e27   Thumb Code    62  usart.o(.text)
    fputc                                    0x08004e65   Thumb Code    32  usart.o(.text)
    fgetc                                    0x08004e85   Thumb Code    26  usart.o(.text)
    Usb_Power_Init_In                        0x08004e9f   Thumb Code    38  usart.o(.text)
    UART1Reset                               0x08004ec5   Thumb Code    40  usart.o(.text)
    UART1SendChar                            0x08004eed   Thumb Code    44  usart.o(.text)
    UART1nSendChar                           0x08004f19   Thumb Code    56  usart.o(.text)
    UART1SendwordHex                         0x08004f51   Thumb Code    46  usart.o(.text)
    UART1Send                                0x08004f7f   Thumb Code    30  usart.o(.text)
    UART1SendNewLine                         0x08004f9d   Thumb Code    62  usart.o(.text)
    UART1ReadChar                            0x08004fdb   Thumb Code    90  usart.o(.text)
    UART1nReadChar                           0x08005035   Thumb Code    82  usart.o(.text)
    UART1ReadLine                            0x08005087   Thumb Code   178  usart.o(.text)
    UART1ReadFrm                             0x08005139   Thumb Code   310  usart.o(.text)
    UART1GetCount                            0x0800526f   Thumb Code    74  usart.o(.text)
    Rfid_IO_Init_In                          0x080052c1   Thumb Code    56  rfid.o(.text)
    Uart2_Init                               0x080052f9   Thumb Code    66  rfid.o(.text)
    USART2_Configuration                     0x0800533b   Thumb Code    62  rfid.o(.text)
    UART2SendChar                            0x08005379   Thumb Code    44  rfid.o(.text)
    UART2nSendChar                           0x080053a5   Thumb Code    48  rfid.o(.text)
    UART2Reset                               0x080053d5   Thumb Code    40  rfid.o(.text)
    Read_RfidData                            0x080053fd   Thumb Code   236  rfid.o(.text)
    save_rfid_result                         0x080054e9   Thumb Code   180  rfid.o(.text)
    check_lock_code                          0x0800559d   Thumb Code   148  rfid.o(.text)
    Key_Trismit                              0x08005631   Thumb Code   316  rfid.o(.text)
    buzzer_unlock_success                    0x0800576d   Thumb Code    60  rfid.o(.text)
    buzzer_unlock_fail                       0x080057a9   Thumb Code    32  rfid.o(.text)
    SPI_FLASH_Init                           0x080057e1   Thumb Code   184  spi_flash.o(.text)
    SPI_FLASH_SendByte                       0x08005899   Thumb Code    50  spi_flash.o(.text)
    SPI_FLASH_WaitForWriteEnd                0x080058cb   Thumb Code    44  spi_flash.o(.text)
    SPI_FLASH_WriteEnable                    0x080058f7   Thumb Code    26  spi_flash.o(.text)
    SPI_FLASH_SectorErase                    0x08005911   Thumb Code    62  spi_flash.o(.text)
    SPI_FLASH_BulkErase                      0x0800594f   Thumb Code    34  spi_flash.o(.text)
    SPI_FLASH_PageWrite                      0x08005971   Thumb Code    96  spi_flash.o(.text)
    SPI_FLASH_WriteNoCheck                   0x080059d1   Thumb Code    70  spi_flash.o(.text)
    SPI_FLASH_Read                           0x08005a17   Thumb Code    76  spi_flash.o(.text)
    SPI_FLASH_Write                          0x08005a63   Thumb Code   178  spi_flash.o(.text)
    SPI_FLASH_BufferWrite                    0x08005b15   Thumb Code   302  spi_flash.o(.text)
    SPI_FLASH_BufferRead                     0x08005c43   Thumb Code    76  spi_flash.o(.text)
    SPI_FLASH_WriteWord                      0x08005c8f   Thumb Code    46  spi_flash.o(.text)
    SPI_FLASH_ReadWord                       0x08005cbd   Thumb Code    52  spi_flash.o(.text)
    SPI_FLASH_ReadID                         0x08005cf1   Thumb Code    74  spi_flash.o(.text)
    SPI_FLASH_ReadDeviceID                   0x08005d3b   Thumb Code    56  spi_flash.o(.text)
    SPI_FLASH_StartReadSequence              0x08005d73   Thumb Code    42  spi_flash.o(.text)
    SPI_FLASH_ReadByte                       0x08005d9d   Thumb Code    10  spi_flash.o(.text)
    SPI_FLASH_SendHalfWord                   0x08005da7   Thumb Code    48  spi_flash.o(.text)
    SPI_FLASH_ReadStatusReg                  0x08005dd7   Thumb Code    38  spi_flash.o(.text)
    SPI_Flash_PowerDown                      0x08005dfd   Thumb Code    26  spi_flash.o(.text)
    SPI_Flash_WAKEUP                         0x08005e17   Thumb Code    26  spi_flash.o(.text)
    ReadData                                 0x08005e31   Thumb Code     6  spi_flash.o(.text)
    WritEDAta                                0x08005e37   Thumb Code     2  spi_flash.o(.text)
    mykey_init                               0x08005e39   Thumb Code    58  spi_flash.o(.text)
    USB_Cheak_init                           0x08005e81   Thumb Code   246  usb.o(.text)
    set_unlock_code                          0x08005f77   Thumb Code   262  usb.o(.text)
    reset_flash                              0x0800607d   Thumb Code   260  usb.o(.text)
    pc_end_com                               0x08006181   Thumb Code   308  usb.o(.text)
    pc_to_slave                              0x080062b5   Thumb Code   298  usb.o(.text)
    clear_all_author                         0x080063df   Thumb Code   278  usb.o(.text)
    delete_device                            0x080064f5   Thumb Code   576  usb.o(.text)
    back_record                              0x08006735   Thumb Code   684  usb.o(.text)
    authorization                            0x080069e1   Thumb Code   360  usb.o(.text)
    time_verify                              0x08006b49   Thumb Code   356  usb.o(.text)
    left_author_space                        0x08006cad   Thumb Code   262  usb.o(.text)
    mac_query                                0x08006db3   Thumb Code   386  usb.o(.text)
    register_key                             0x08006f35   Thumb Code   316  usb.o(.text)
    Test_Bluetooth_Data                      0x08007071   Thumb Code   168  usb.o(.text)
    Test_Usb_Data                            0x08007119   Thumb Code   194  usb.o(.text)
    USB_transmit                             0x080071db   Thumb Code    98  usb.o(.text)
    CharToHex                                0x0800723d   Thumb Code   168  usb.o(.text)
    Init_Timer                               0x08007331   Thumb Code   118  timer.o(.text)
    Start_Timer                              0x080073a7   Thumb Code    70  timer.o(.text)
    SetTimer                                 0x080073ed   Thumb Code   136  timer.o(.text)
    Stop_Timer                               0x08007475   Thumb Code    30  timer.o(.text)
    KillTimer                                0x08007493   Thumb Code    84  timer.o(.text)
    Do_TimeOut                               0x080074e7   Thumb Code     8  timer.o(.text)
    Init_Timer0                              0x080074ef   Thumb Code    66  timer.o(.text)
    Start_Timer0                             0x08007531   Thumb Code    36  timer.o(.text)
    Stop_Timer0                              0x08007555   Thumb Code    22  timer.o(.text)
    WaitTF0                                  0x0800756b   Thumb Code    44  timer.o(.text)
    hex_bcd                                  0x080075a9   Thumb Code    26  rtc_time.o(.text)
    set_time                                 0x080075c3   Thumb Code   136  rtc_time.o(.text)
    RTC_Configuration                        0x0800764b   Thumb Code    72  rtc_time.o(.text)
    RTC_init                                 0x08007693   Thumb Code    84  rtc_time.o(.text)
    Date_Update                              0x08007721   Thumb Code   318  rtc_time.o(.text)
    GetWeekDay                               0x0800785f   Thumb Code   158  rtc_time.o(.text)
    read_time                                0x080078fd   Thumb Code   248  rtc_time.o(.text)
    Time_Regulate                            0x080079f5   Thumb Code    58  rtc_time.o(.text)
    RCT_InitTime                             0x08007a2f   Thumb Code     2  rtc_time.o(.text)
    ADC_GPIO_Configuration                   0x08007a41   Thumb Code    34  li_power.o(.text)
    ADC_Configuration                        0x08007a63   Thumb Code   140  li_power.o(.text)
    Power_Cheak                              0x08007aef   Thumb Code   152  li_power.o(.text)
    OLED_Show_LowBattry                      0x08007b87   Thumb Code    28  li_power.o(.text)
    iwdg_init                                0x08007bd1   Thumb Code    34  iwdg.o(.text)
    IWDG_Feed                                0x08007bf3   Thumb Code     8  iwdg.o(.text)
    Init_KeyNumuber                          0x08007bfd   Thumb Code     8  sw_key.o(.text)
    Scan_Key                                 0x08007c05   Thumb Code   188  sw_key.o(.text)
    GetKey                                   0x08007cc1   Thumb Code    22  sw_key.o(.text)
    InsertKey                                0x08007cd7   Thumb Code     6  sw_key.o(.text)
    ResetKey                                 0x08007cdd   Thumb Code     8  sw_key.o(.text)
    Exit_Line_Init                           0x08007ce5   Thumb Code   186  sw_key.o(.text)
    Init_Sw_Key_Io                           0x08007d9f   Thumb Code   110  sw_key.o(.text)
    EXTI15_10_IRQHandler                     0x08007e0d   Thumb Code    52  sw_key.o(.text)
    EXTI9_5_IRQHandler                       0x08007e41   Thumb Code    48  sw_key.o(.text)
    __aeabi_memcpy                           0x08007e81   Thumb Code    36  memcpya.o(.text)
    __aeabi_memcpy4                          0x08007e81   Thumb Code     0  memcpya.o(.text)
    __aeabi_memcpy8                          0x08007e81   Thumb Code     0  memcpya.o(.text)
    __aeabi_memset                           0x08007ea5   Thumb Code    14  memseta.o(.text)
    __aeabi_memset4                          0x08007ea5   Thumb Code     0  memseta.o(.text)
    __aeabi_memset8                          0x08007ea5   Thumb Code     0  memseta.o(.text)
    __aeabi_memclr                           0x08007eb3   Thumb Code     4  memseta.o(.text)
    __aeabi_memclr4                          0x08007eb3   Thumb Code     0  memseta.o(.text)
    __aeabi_memclr8                          0x08007eb3   Thumb Code     0  memseta.o(.text)
    _memset$wrapper                          0x08007eb7   Thumb Code    18  memseta.o(.text)
    __scatterload                            0x08007ec9   Thumb Code    28  init.o(.text)
    __scatterload_rt2                        0x08007ec9   Thumb Code     0  init.o(.text)
    __decompress                             0x08007eed   Thumb Code     0  __dczerorl2.o(.text)
    __decompress1                            0x08007eed   Thumb Code    92  __dczerorl2.o(.text)
    __scatterload_copy                       0x08007f49   Thumb Code    14  handlers.o(i.__scatterload_copy)
    __scatterload_null                       0x08007f57   Thumb Code     2  handlers.o(i.__scatterload_null)
    __scatterload_zeroinit                   0x08007f59   Thumb Code    14  handlers.o(i.__scatterload_zeroinit)
    F6x8                                     0x08007f78   Data         552  oled.o(.constdata)
    F8X16                                    0x080081a0   Data        1520  oled.o(.constdata)
    asc_table                                0x08008790   Data          17  oled.o(.constdata)
    Region$$Table$$Base                      0x080087d4   Number         0  anon$$obj.o(Region$$Table)
    Region$$Table$$Limit                     0x080087f4   Number         0  anon$$obj.o(Region$$Table)
    end_flag                                 0x20000014   Data           1  globle_var.o(.data)
    USB_Cheak_init_flag                      0x20000015   Data           1  globle_var.o(.data)
    unlock_result                            0x20000016   Data           1  globle_var.o(.data)
    guanjiflag                               0x20000017   Data           1  globle_var.o(.data)
    key_code                                 0x20000018   Data           1  globle_var.o(.data)
    shutdown_flag                            0x20000019   Data           1  globle_var.o(.data)
    f_CurSel                                 0x2000001a   Data           1  globle_var.o(.data)
    mode                                     0x2000001b   Data           1  globle_var.o(.data)
    bluetooth_uart_switch                    0x2000001c   Data           1  globle_var.o(.data)
    mac_query_result                         0x2000001d   Data           1  globle_var.o(.data)
    row                                      0x20000020   Data           4  globle_var.o(.data)
    point                                    0x20000024   Data           4  globle_var.o(.data)
    time_buff                                0x20000028   Data           6  globle_var.o(.data)
    Rfid_Buff                                0x2000002e   Data           6  globle_var.o(.data)
    author_addr                              0x20000034   Data           4  globle_var.o(.data)
    author_row                               0x20000038   Data           4  globle_var.o(.data)
    row_num                                  0x2000003c   Data           4  globle_var.o(.data)
    temp_addr                                0x20000040   Data           4  globle_var.o(.data)
    caima_addr                               0x20000044   Data           4  globle_var.o(.data)
    caima_row                                0x20000048   Data           4  globle_var.o(.data)
    row_num2                                 0x2000004c   Data           4  globle_var.o(.data)
    temp_addr2                               0x20000050   Data           4  globle_var.o(.data)
    caima_data                               0x20000054   Data           8  globle_var.o(.data)
    record_addr                              0x2000005c   Data           4  globle_var.o(.data)
    record_row                               0x20000060   Data           4  globle_var.o(.data)
    row_num3                                 0x20000064   Data           4  globle_var.o(.data)
    temp_addr3                               0x20000068   Data           4  globle_var.o(.data)
    record_data                              0x2000006c   Data           5  globle_var.o(.data)
    g_State                                  0x20000071   Data           1  globle_var.o(.data)
    SystemCoreClock                          0x20000074   Data           4  system_stm32f10x.o(.data)
    AHBPrescTable                            0x20000078   Data          16  system_stm32f10x.o(.data)
    Hzk                                      0x20000088   Data         448  oled.o(.data)
    GHZAddr                                  0x20000248   Data           4  oled.o(.data)
    choosetime                               0x2000024c   Data           4  oled.o(.data)
    code                                     0x20000250   Data           4  oled.o(.data)
    rightcode                                0x20000254   Data           4  oled.o(.data)
    result                                   0x20000258   Data           1  oled.o(.data)
    OLED_buf_batt0                           0x20000259   Data          64  oled.o(.data)
    OLED_buf_batt1                           0x20000299   Data          64  oled.o(.data)
    OLED_buf_batt2                           0x200002d9   Data          64  oled.o(.data)
    OLED_buf_batt3                           0x20000319   Data          64  oled.o(.data)
    HsMenu                                   0x2000035c   Data         280  oled.o(.data)
    TOOLMENU                                 0x20000474   Data         280  oled.o(.data)
    SETMENU                                  0x2000058c   Data         280  oled.o(.data)
    SETSUCCESS                               0x200006a4   Data         280  oled.o(.data)
    MIMA                                     0x200007bc   Data         280  oled.o(.data)
    SHUTDOWNKEY                              0x200008d4   Data         280  oled.o(.data)
    OPENLOCK                                 0x200009ec   Data         280  oled.o(.data)
    READRFID                                 0x20000b04   Data         280  oled.o(.data)
    TIME                                     0x20000c1c   Data         280  oled.o(.data)
    VERSION                                  0x20000d34   Data         280  oled.o(.data)
    KeyNum                                   0x20000e4c   Data           1  oled.o(.data)
    zuming                                   0x20000e4d   Data           8  oled.o(.data)
    zuming1                                  0x20000e55   Data           2  oled.o(.data)
    zuming2                                  0x20000e57   Data           2  oled.o(.data)
    zuming3                                  0x20000e59   Data           2  oled.o(.data)
    zuming4                                  0x20000e5b   Data           2  oled.o(.data)
    m_Uart_State3                            0x20000e5d   Data           1  bluetooth.o(.data)
    m_Uart_State1                            0x20000e5e   Data           1  usart.o(.data)
    byte_cnt                                 0x20000e60   Data           1  rfid.o(.data)
    bit_cnt                                  0x20000e61   Data           1  rfid.o(.data)
    wg_data                                  0x20000e64   Data          16  rfid.o(.data)
    wg_buf                                   0x20000e74   Data          16  rfid.o(.data)
    wg_mask                                  0x20000e84   Data           1  rfid.o(.data)
    Lock_number                              0x20000e85   Data           4  rfid.o(.data)
    User_Num                                 0x20000e89   Data           2  rfid.o(.data)
    a                                        0x20000e8b   Data           1  rfid.o(.data)
    TimeInitialized                          0x20000e8c   Data           1  timer.o(.data)
    g_WaitTimeOut                            0x20000e8d   Data           1  timer.o(.data)
    date_s                                   0x20000e8e   Data           8  rtc_time.o(.data)
    batt_inc                                 0x20000e96   Data           1  li_power.o(.data)
    Key_Num                                  0x20000e97   Data           1  sw_key.o(.data)
    item                                     0x20000e98   Data          25  globle_var.o(.bss)
    g_Buff                                   0x20000eb1   Data         520  globle_var.o(.bss)
    author_data                              0x200010b9   Data          24  globle_var.o(.bss)
    m_UB3                                    0x200010d2   Data         260  bluetooth.o(.bss)
    m_UB1                                    0x200011d6   Data         260  usart.o(.bss)
    m_UB2                                    0x200012da   Data         260  rfid.o(.bss)
    SPI_FLASH_BUF                            0x200013de   Data        4096  spi_flash.o(.bss)
    m_TS                                     0x200023e0   Data          36  timer.o(.bss)
    battery                                  0x20002404   Data          80  li_power.o(.bss)
    __initial_sp                             0x20002858   Data           0  startup_stm32f10x_md.o(STACK)



==============================================================================

Memory Map of the image

  Image Entry point : 0x080000ed

  Load Region LR_IROM1 (Base: 0x08000000, Size: 0x0000968c, Max: 0x00010000, ABSOLUTE, COMPRESSED[0x00008ab4])

    Execution Region ER_IROM1 (Base: 0x08000000, Size: 0x000087f4, Max: 0x00010000, ABSOLUTE)

    Base Addr    Size         Type   Attr      Idx    E Section Name        Object

    0x08000000   0x000000ec   Data   RO            3    RESET               startup_stm32f10x_md.o
    0x080000ec   0x00000000   Code   RO         1083  * .ARM.Collect$$$$00000000  mc_w.l(entry.o)
    0x080000ec   0x00000004   Code   RO         1092    .ARM.Collect$$$$00000001  mc_w.l(entry2.o)
    0x080000f0   0x00000004   Code   RO         1095    .ARM.Collect$$$$00000004  mc_w.l(entry5.o)
    0x080000f4   0x00000000   Code   RO         1097    .ARM.Collect$$$$00000008  mc_w.l(entry7b.o)
    0x080000f4   0x00000008   Code   RO         1098    .ARM.Collect$$$$00000009  mc_w.l(entry8.o)
    0x080000fc   0x00000004   Code   RO         1093    .ARM.Collect$$$$00002712  mc_w.l(entry2.o)
    0x08000100   0x00000024   Code   RO            4    .text               startup_stm32f10x_md.o
    0x08000124   0x000000dc   Code   RO           12    .text               misc.o
    0x08000200   0x0000043c   Code   RO          125    .text               stm32f10x_adc.o
    0x0800063c   0x000000ac   Code   RO          145    .text               stm32f10x_bkp.o
    0x080006e8   0x0000011c   Code   RO          285    .text               stm32f10x_exti.o
    0x08000804   0x00000358   Code   RO          345    .text               stm32f10x_gpio.o
    0x08000b5c   0x00000040   Code   RO          385    .text               stm32f10x_iwdg.o
    0x08000b9c   0x000000cc   Code   RO          405    .text               stm32f10x_pwr.o
    0x08000c68   0x0000039c   Code   RO          425    .text               stm32f10x_rcc.o
    0x08001004   0x00000144   Code   RO          447    .text               stm32f10x_rtc.o
    0x08001148   0x0000030c   Code   RO          487    .text               stm32f10x_spi.o
    0x08001454   0x00000e1a   Code   RO          507    .text               stm32f10x_tim.o
    0x0800226e   0x00000002   PAD
    0x08002270   0x00000408   Code   RO          527    .text               stm32f10x_usart.o
    0x08002678   0x00000478   Code   RO          567    .text               main.o
    0x08002af0   0x00000138   Code   RO          646    .text               stm32f10x_it.o
    0x08002c28   0x000001c8   Code   RO          698    .text               system_stm32f10x.o
    0x08002df0   0x0000188c   Code   RO          737    .text               oled.o
    0x0800467c   0x000001b4   Code   RO          774    .text               delay.o
    0x08004830   0x000000be   Code   RO          798    .text               nvic.o
    0x080048ee   0x00000002   PAD
    0x080048f0   0x000004f8   Code   RO          818    .text               bluetooth.o
    0x08004de8   0x000004d8   Code   RO          848    .text               usart.o
    0x080052c0   0x00000520   Code   RO          876    .text               rfid.o
    0x080057e0   0x000006a0   Code   RO          903    .text               spi_flash.o
    0x08005e80   0x000014b0   Code   RO          926    .text               usb.o
    0x08007330   0x00000278   Code   RO          958    .text               timer.o
    0x080075a8   0x00000498   Code   RO          985    .text               rtc_time.o
    0x08007a40   0x00000190   Code   RO         1012    .text               li_power.o
    0x08007bd0   0x0000002a   Code   RO         1039    .text               iwdg.o
    0x08007bfa   0x00000002   PAD
    0x08007bfc   0x00000284   Code   RO         1059    .text               sw_key.o
    0x08007e80   0x00000024   Code   RO         1086    .text               mc_w.l(memcpya.o)
    0x08007ea4   0x00000024   Code   RO         1088    .text               mc_w.l(memseta.o)
    0x08007ec8   0x00000024   Code   RO         1099    .text               mc_w.l(init.o)
    0x08007eec   0x0000005c   Code   RO         1109    .text               mc_w.l(__dczerorl2.o)
    0x08007f48   0x0000000e   Code   RO         1103    i.__scatterload_copy  mc_w.l(handlers.o)
    0x08007f56   0x00000002   Code   RO         1104    i.__scatterload_null  mc_w.l(handlers.o)
    0x08007f58   0x0000000e   Code   RO         1105    i.__scatterload_zeroinit  mc_w.l(handlers.o)
    0x08007f66   0x00000002   PAD
    0x08007f68   0x00000010   Data   RO          569    .constdata          main.o
    0x08007f78   0x00000829   Data   RO          738    .constdata          oled.o
    0x080087a1   0x00000003   PAD
    0x080087a4   0x00000030   Data   RO          986    .constdata          rtc_time.o
    0x080087d4   0x00000020   Data   RO         1101    Region$$Table       anon$$obj.o


    Execution Region RW_IRAM1 (Base: 0x20000000, Size: 0x00002858, Max: 0x00005000, ABSOLUTE, COMPRESSED[0x000002c0])

    Base Addr    Size         Type   Attr      Idx    E Section Name        Object

    0x20000000   0x00000014   Data   RW          426    .data               stm32f10x_rcc.o
    0x20000014   0x0000005e   Data   RW          670    .data               globle_var.o
    0x20000072   0x00000002   PAD
    0x20000074   0x00000014   Data   RW          699    .data               system_stm32f10x.o
    0x20000088   0x00000dd5   Data   RW          739    .data               oled.o
    0x20000e5d   0x00000001   Data   RW          820    .data               bluetooth.o
    0x20000e5e   0x00000001   Data   RW          850    .data               usart.o
    0x20000e5f   0x00000001   PAD
    0x20000e60   0x0000002c   Data   RW          878    .data               rfid.o
    0x20000e8c   0x00000002   Data   RW          960    .data               timer.o
    0x20000e8e   0x00000008   Data   RW          987    .data               rtc_time.o
    0x20000e96   0x00000001   Data   RW         1014    .data               li_power.o
    0x20000e97   0x00000001   Data   RW         1060    .data               sw_key.o
    0x20000e98   0x00000239   Zero   RW          669    .bss                globle_var.o
    0x200010d1   0x00000001   PAD
    0x200010d2   0x00000104   Zero   RW          819    .bss                bluetooth.o
    0x200011d6   0x00000104   Zero   RW          849    .bss                usart.o
    0x200012da   0x00000104   Zero   RW          877    .bss                rfid.o
    0x200013de   0x00001000   Zero   RW          904    .bss                spi_flash.o
    0x200023de   0x00000002   PAD
    0x200023e0   0x00000024   Zero   RW          959    .bss                timer.o
    0x20002404   0x00000050   Zero   RW         1013    .bss                li_power.o
    0x20002454   0x00000004   PAD
    0x20002458   0x00000400   Zero   RW            1    STACK               startup_stm32f10x_md.o


==============================================================================

Image component sizes


      Code (inc. data)   RO Data    RW Data    ZI Data      Debug   Object Name

      1272         58          0          1        260       5114   bluetooth.o
       436         14          0          0          0      23523   delay.o
         0          0          0         94        569       1666   globle_var.o
        42          0          0          0          0        530   iwdg.o
       400         46          0          1         80       1882   li_power.o
      1144         92         16          0          0       6073   main.o
       220         20          0          0          0     270629   misc.o
       190          0          0          0          0        589   nvic.o
      6284        278       2089       3541          0      16316   oled.o
      1312         84          0         44        260       4449   rfid.o
      1176         16         48          8          0       3763   rtc_time.o
      1696         26          0          0       4096       7483   spi_flash.o
        36          8        236          0       1024        804   startup_stm32f10x_md.o
      1084         26          0          0          0      10697   stm32f10x_adc.o
       172          8          0          0          0       3232   stm32f10x_bkp.o
       284         10          0          0          0       2119   stm32f10x_exti.o
       856         40          0          0          0       5533   stm32f10x_gpio.o
       312         30          0          0          0       2416   stm32f10x_it.o
        64          6          0          0          0       1217   stm32f10x_iwdg.o
       204         16          0          0          0       1863   stm32f10x_pwr.o
       924         44          0         20          0       8656   stm32f10x_rcc.o
       324          4          0          0          0       2618   stm32f10x_rtc.o
       780         14          0          0          0       6410   stm32f10x_spi.o
      3610         88          0          0          0      22016   stm32f10x_tim.o
      1032         22          0          0          0       8252   stm32f10x_usart.o
       644         16          0          1          0       2069   sw_key.o
       456         36          0         20          0       1703   system_stm32f10x.o
       632         18          0          2         36       3820   timer.o
      1240         24          0          1        260       5507   usart.o
      5296        278          0          0          0      10185   usb.o

    ----------------------------------------------------------------------
     32128       1322       2424       3736       6592     441134   Object Totals
         0          0         32          0          0          0   (incl. Generated)
         6          0          3          3          7          0   (incl. Padding)

    ----------------------------------------------------------------------

      Code (inc. data)   RO Data    RW Data    ZI Data      Debug   Library Member Name

        92          0          0          0          0          0   __dczerorl2.o
         0          0          0          0          0          0   entry.o
         8          4          0          0          0          0   entry2.o
         4          0          0          0          0          0   entry5.o
         0          0          0          0          0          0   entry7b.o
         8          4          0          0          0          0   entry8.o
        30          0          0          0          0          0   handlers.o
        36          8          0          0          0         68   init.o
        36          0          0          0          0         68   memcpya.o
        36          0          0          0          0        108   memseta.o

    ----------------------------------------------------------------------
       252         16          0          0          0        244   Library Totals
         2          0          0          0          0          0   (incl. Padding)

    ----------------------------------------------------------------------

      Code (inc. data)   RO Data    RW Data    ZI Data      Debug   Library Name

       250         16          0          0          0        244   mc_w.l

    ----------------------------------------------------------------------
       252         16          0          0          0        244   Library Totals

    ----------------------------------------------------------------------

==============================================================================


      Code (inc. data)   RO Data    RW Data    ZI Data      Debug   

     32380       1338       2424       3736       6592     438414   Grand Totals
     32380       1338       2424        704       6592     438414   ELF Image Totals (compressed)
     32380       1338       2424        704          0          0   ROM Totals

==============================================================================

    Total RO  Size (Code + RO Data)                34804 (  33.99kB)
    Total RW  Size (RW Data + ZI Data)             10328 (  10.09kB)
    Total ROM Size (Code + RO Data + RW Data)      35508 (  34.68kB)

==============================================================================

