ARM Linker, 5.02 [Build 28] [MDK-ARM Standard]

==============================================================================

Section Cross References

    main.o(.text) refers to stm32f10x_rcc.o(.text) for RCC_APB2PeriphClockCmd
    main.o(.text) refers to stm32f10x_gpio.o(.text) for GPIO_Init
    main.o(.text) refers to stm32f10x_usart.o(.text) for USART_Init
    main.o(.text) refers to misc.o(.text) for NVIC_PriorityGroupConfig
    main.o(.text) refers to rt_memcpy_w.o(.text) for __aeabi_memcpy4
    main.o(.text) refers to delay.o(.text) for SystemTick_Init
    main.o(.text) refers to oled.o(.text) for OLED_Init
    main.o(.text) refers to spi_flash.o(.text) for SPI_FLASH_Init
    main.o(.text) refers to stm32f10x_flash.o(.text) for FLASH_Unlock
    main.o(.text) refers to common.o(.text) for Serial_PutString
    main.o(.text) refers to main.o(.constdata) for .constdata
    main.o(.text) refers to common.o(.data) for JumpAddress
    stm32f10x_it.o(.text) refers to common.o(.text) for Serial_PutString
    stm32f10x_it.o(.text) refers to stm32f10x_gpio.o(.text) for GPIO_ResetBits
    upload.o(.text) refers to common.o(.text) for Serial_PutString
    upload.o(.text) refers to ymodem.o(.text) for Ymodem_Transmit
    ymodem.o(.text) refers to common.o(.text) for SerialKeyPressed
    ymodem.o(.text) refers to stm32f10x_flash.o(.text) for FLASH_ErasePage
    ymodem.o(.text) refers to rt_memcpy_v6.o(.text) for __aeabi_memcpy
    ymodem.o(.text) refers to ymodem.o(.data) for FlashDestination
    ymodem.o(.text) refers to ymodem.o(.bss) for file_name
    common.o(.text) refers to stm32f10x_usart.o(.text) for USART_GetFlagStatus
    common.o(.text) refers to stm32f10x_flash.o(.text) for FLASH_GetWriteProtectionOptionByte
    common.o(.text) refers to download.o(.text) for SerialDownload
    common.o(.text) refers to spi_flash.o(.text) for SPI_FLASH_Write
    common.o(.text) refers to common.o(.data) for UserMemoryMask
    common.o(.text) refers to common.o(.constdata) for .constdata
    common.o(.text) refers to ymodem.o(.data) for FlashDestination
    download.o(.text) refers to common.o(.text) for Serial_PutString
    download.o(.text) refers to ymodem.o(.text) for Ymodem_Receive
    download.o(.text) refers to download.o(.bss) for tab_1024
    download.o(.text) refers to ymodem.o(.bss) for file_name
    oled.o(.text) refers to stm32f10x_gpio.o(.text) for GPIO_SetBits
    oled.o(.text) refers to spi_flash.o(.text) for SPI_FLASH_BufferRead
    oled.o(.text) refers to oled.o(.data) for mode
    oled.o(.text) refers to oled.o(.constdata) for F8X16
    oled.o(.text) refers to stm32f10x_rcc.o(.text) for RCC_APB2PeriphClockCmd
    oled.o(.text) refers to delay.o(.text) for delay_ms
    delay.o(.text) refers to stm32f10x_rcc.o(.text) for RCC_GetClocksFreq
    spi_flash.o(.text) refers to stm32f10x_rcc.o(.text) for RCC_APB2PeriphClockCmd
    spi_flash.o(.text) refers to stm32f10x_gpio.o(.text) for GPIO_Init
    spi_flash.o(.text) refers to stm32f10x_spi.o(.text) for SPI_Init
    spi_flash.o(.text) refers to spi_flash.o(.bss) for SPI_FLASH_BUF
    stm32f10x_rcc.o(.text) refers to stm32f10x_rcc.o(.data) for APBAHBPrescTable
    stm32f10x_gpio.o(.text) refers to stm32f10x_rcc.o(.text) for RCC_APB2PeriphResetCmd
    stm32f10x_usart.o(.text) refers to stm32f10x_rcc.o(.text) for RCC_APB2PeriphResetCmd
    stm32f10x_spi.o(.text) refers to stm32f10x_rcc.o(.text) for RCC_APB2PeriphResetCmd
    startup_stm32f10x_md.o(STACK) refers (Special) to heapauxi.o(.text) for __use_two_region_memory
    startup_stm32f10x_md.o(HEAP) refers (Special) to heapauxi.o(.text) for __use_two_region_memory
    startup_stm32f10x_md.o(RESET) refers (Special) to heapauxi.o(.text) for __use_two_region_memory
    startup_stm32f10x_md.o(RESET) refers to startup_stm32f10x_md.o(STACK) for __initial_sp
    startup_stm32f10x_md.o(RESET) refers to startup_stm32f10x_md.o(.text) for Reset_Handler
    startup_stm32f10x_md.o(RESET) refers to stm32f10x_it.o(.text) for NMI_Handler
    startup_stm32f10x_md.o(.text) refers (Special) to heapauxi.o(.text) for __use_two_region_memory
    startup_stm32f10x_md.o(.text) refers to system_stm32f10x.o(.text) for SystemInit
    startup_stm32f10x_md.o(.text) refers to __main.o(!!!main) for __main
    startup_stm32f10x_md.o(.text) refers to startup_stm32f10x_md.o(HEAP) for Heap_Mem
    startup_stm32f10x_md.o(.text) refers to startup_stm32f10x_md.o(STACK) for Stack_Mem
    system_stm32f10x.o(.text) refers to system_stm32f10x.o(.data) for SystemCoreClock
    rt_memcpy_v6.o(.text) refers to rt_memcpy_w.o(.text) for __aeabi_memcpy4
    __main.o(!!!main) refers to rtentry.o(.ARM.Collect$$rtentry$$00000000) for __rt_entry
    rtentry.o(.ARM.Collect$$rtentry$$00000000) refers (Special) to rtentry2.o(.ARM.Collect$$rtentry$$0000000A) for __rt_entry_li
    rtentry.o(.ARM.Collect$$rtentry$$00000000) refers (Special) to rtentry2.o(.ARM.Collect$$rtentry$$0000000D) for __rt_entry_main
    rtentry.o(.ARM.Collect$$rtentry$$00000000) refers (Special) to rtentry2.o(.ARM.Collect$$rtentry$$0000000C) for __rt_entry_postli_1
    rtentry.o(.ARM.Collect$$rtentry$$00000000) refers (Special) to rtentry2.o(.ARM.Collect$$rtentry$$00000009) for __rt_entry_postsh_1
    rtentry.o(.ARM.Collect$$rtentry$$00000000) refers (Special) to rtentry2.o(.ARM.Collect$$rtentry$$00000002) for __rt_entry_presh_1
    rtentry.o(.ARM.Collect$$rtentry$$00000000) refers (Special) to rtentry4.o(.ARM.Collect$$rtentry$$00000004) for __rt_entry_sh
    rtentry2.o(.ARM.Collect$$rtentry$$00000008) refers to boardinit2.o(.text) for _platform_post_stackheap_init
    rtentry2.o(.ARM.Collect$$rtentry$$0000000A) refers to libinit.o(.ARM.Collect$$libinit$$00000000) for __rt_lib_init
    rtentry2.o(.ARM.Collect$$rtentry$$0000000B) refers to boardinit3.o(.text) for _platform_post_lib_init
    rtentry2.o(.ARM.Collect$$rtentry$$0000000D) refers to main.o(.text) for main
    rtentry2.o(.ARM.Collect$$rtentry$$0000000D) refers to exit.o(.text) for exit
    rtentry2.o(.ARM.exidx) refers to rtentry2.o(.ARM.Collect$$rtentry$$00000001) for .ARM.Collect$$rtentry$$00000001
    rtentry2.o(.ARM.exidx) refers to rtentry2.o(.ARM.Collect$$rtentry$$00000008) for .ARM.Collect$$rtentry$$00000008
    rtentry2.o(.ARM.exidx) refers to rtentry2.o(.ARM.Collect$$rtentry$$0000000A) for .ARM.Collect$$rtentry$$0000000A
    rtentry2.o(.ARM.exidx) refers to rtentry2.o(.ARM.Collect$$rtentry$$0000000B) for .ARM.Collect$$rtentry$$0000000B
    rtentry2.o(.ARM.exidx) refers to rtentry2.o(.ARM.Collect$$rtentry$$0000000D) for .ARM.Collect$$rtentry$$0000000D
    rtentry4.o(.ARM.Collect$$rtentry$$00000004) refers to sys_stackheap_outer.o(.text) for __user_setup_stackheap
    rtentry4.o(.ARM.exidx) refers to rtentry4.o(.ARM.Collect$$rtentry$$00000004) for .ARM.Collect$$rtentry$$00000004
    sys_stackheap_outer.o(.text) refers to libspace.o(.text) for __user_perproc_libspace
    sys_stackheap_outer.o(.text) refers to startup_stm32f10x_md.o(.text) for __user_initial_stackheap
    exit.o(.text) refers to rtexit.o(.ARM.Collect$$rtexit$$00000000) for __rt_exit
    libinit.o(.ARM.Collect$$libinit$$00000000) refers (Special) to libinit2.o(.ARM.Collect$$libinit$$0000002C) for __rt_lib_init_alloca_1
    libinit.o(.ARM.Collect$$libinit$$00000000) refers (Special) to libinit2.o(.ARM.Collect$$libinit$$0000002A) for __rt_lib_init_argv_1
    libinit.o(.ARM.Collect$$libinit$$00000000) refers (Special) to libinit2.o(.ARM.Collect$$libinit$$00000019) for __rt_lib_init_atexit_1
    libinit.o(.ARM.Collect$$libinit$$00000000) refers (Special) to libinit2.o(.ARM.Collect$$libinit$$0000001F) for __rt_lib_init_clock_1
    libinit.o(.ARM.Collect$$libinit$$00000000) refers (Special) to libinit2.o(.ARM.Collect$$libinit$$00000030) for __rt_lib_init_cpp_1
    libinit.o(.ARM.Collect$$libinit$$00000000) refers (Special) to libinit2.o(.ARM.Collect$$libinit$$0000002E) for __rt_lib_init_exceptions_1
    libinit.o(.ARM.Collect$$libinit$$00000000) refers (Special) to libinit2.o(.ARM.Collect$$libinit$$00000002) for __rt_lib_init_fp_1
    libinit.o(.ARM.Collect$$libinit$$00000000) refers (Special) to libinit2.o(.ARM.Collect$$libinit$$0000001D) for __rt_lib_init_fp_trap_1
    libinit.o(.ARM.Collect$$libinit$$00000000) refers (Special) to libinit2.o(.ARM.Collect$$libinit$$00000021) for __rt_lib_init_getenv_1
    libinit.o(.ARM.Collect$$libinit$$00000000) refers (Special) to libinit2.o(.ARM.Collect$$libinit$$00000008) for __rt_lib_init_heap_1
    libinit.o(.ARM.Collect$$libinit$$00000000) refers (Special) to libinit2.o(.ARM.Collect$$libinit$$0000000F) for __rt_lib_init_lc_collate_1
    libinit.o(.ARM.Collect$$libinit$$00000000) refers (Special) to libinit2.o(.ARM.Collect$$libinit$$00000011) for __rt_lib_init_lc_ctype_1
    libinit.o(.ARM.Collect$$libinit$$00000000) refers (Special) to libinit2.o(.ARM.Collect$$libinit$$00000013) for __rt_lib_init_lc_monetary_1
    libinit.o(.ARM.Collect$$libinit$$00000000) refers (Special) to libinit2.o(.ARM.Collect$$libinit$$00000015) for __rt_lib_init_lc_numeric_1
    libinit.o(.ARM.Collect$$libinit$$00000000) refers (Special) to libinit2.o(.ARM.Collect$$libinit$$00000017) for __rt_lib_init_lc_time_1
    libinit.o(.ARM.Collect$$libinit$$00000000) refers (Special) to libinit2.o(.ARM.Collect$$libinit$$0000000C) for __rt_lib_init_rand_1
    libinit.o(.ARM.Collect$$libinit$$00000000) refers (Special) to libinit2.o(.ARM.Collect$$libinit$$00000031) for __rt_lib_init_return
    libinit.o(.ARM.Collect$$libinit$$00000000) refers (Special) to libinit2.o(.ARM.Collect$$libinit$$0000001B) for __rt_lib_init_signal_1
    libinit.o(.ARM.Collect$$libinit$$00000000) refers (Special) to libinit2.o(.ARM.Collect$$libinit$$00000023) for __rt_lib_init_stdio_1
    libinit.o(.ARM.Collect$$libinit$$00000000) refers (Special) to libinit2.o(.ARM.Collect$$libinit$$0000000A) for __rt_lib_init_user_alloc_1
    libspace.o(.text) refers to libspace.o(.bss) for __libspace_start
    rtexit.o(.ARM.Collect$$rtexit$$00000000) refers (Special) to rtexit2.o(.ARM.Collect$$rtexit$$00000004) for __rt_exit_exit
    rtexit.o(.ARM.Collect$$rtexit$$00000000) refers (Special) to rtexit2.o(.ARM.Collect$$rtexit$$00000003) for __rt_exit_ls
    rtexit.o(.ARM.Collect$$rtexit$$00000000) refers (Special) to rtexit2.o(.ARM.Collect$$rtexit$$00000002) for __rt_exit_prels_1
    rtexit.o(.ARM.exidx) refers (Special) to rtexit2.o(.ARM.Collect$$rtexit$$00000004) for __rt_exit_exit
    rtexit.o(.ARM.exidx) refers (Special) to rtexit2.o(.ARM.Collect$$rtexit$$00000003) for __rt_exit_ls
    rtexit.o(.ARM.exidx) refers (Special) to rtexit2.o(.ARM.Collect$$rtexit$$00000002) for __rt_exit_prels_1
    rtexit.o(.ARM.exidx) refers to rtexit.o(.ARM.Collect$$rtexit$$00000000) for .ARM.Collect$$rtexit$$00000000
    libinit2.o(.ARM.Collect$$libinit$$0000000E) refers to libinit2.o(.ARM.Collect$$libinit$$0000000D) for .ARM.Collect$$libinit$$0000000D
    libinit2.o(.ARM.Collect$$libinit$$00000010) refers to libinit2.o(.ARM.Collect$$libinit$$0000000D) for .ARM.Collect$$libinit$$0000000D
    libinit2.o(.ARM.Collect$$libinit$$00000012) refers to libinit2.o(.ARM.Collect$$libinit$$0000000D) for .ARM.Collect$$libinit$$0000000D
    libinit2.o(.ARM.Collect$$libinit$$00000014) refers to libinit2.o(.ARM.Collect$$libinit$$0000000D) for .ARM.Collect$$libinit$$0000000D
    libinit2.o(.ARM.Collect$$libinit$$00000016) refers to libinit2.o(.ARM.Collect$$libinit$$0000000D) for .ARM.Collect$$libinit$$0000000D
    libinit2.o(.ARM.Collect$$libinit$$00000024) refers to argv_veneer.o(.emb_text) for __ARM_argv_veneer
    libinit2.o(.ARM.Collect$$libinit$$00000025) refers to argv_veneer.o(.emb_text) for __ARM_argv_veneer
    rtexit2.o(.ARM.Collect$$rtexit$$00000003) refers to libshutdown.o(.ARM.Collect$$libshutdown$$00000000) for __rt_lib_shutdown
    rtexit2.o(.ARM.Collect$$rtexit$$00000004) refers to sys_exit.o(.text) for _sys_exit
    rtexit2.o(.ARM.exidx) refers to rtexit2.o(.ARM.Collect$$rtexit$$00000001) for .ARM.Collect$$rtexit$$00000001
    rtexit2.o(.ARM.exidx) refers to rtexit2.o(.ARM.Collect$$rtexit$$00000003) for .ARM.Collect$$rtexit$$00000003
    rtexit2.o(.ARM.exidx) refers to rtexit2.o(.ARM.Collect$$rtexit$$00000004) for .ARM.Collect$$rtexit$$00000004
    argv_veneer.o(.emb_text) refers to no_argv.o(.text) for __ARM_get_argv
    sys_exit.o(.text) refers (Special) to use_no_semi.o(.text) for __I$use$semihosting
    sys_exit.o(.text) refers (Special) to indicate_semi.o(.text) for __semihosting_library_function
    _get_argv_nomalloc.o(.text) refers (Special) to hrguard.o(.text) for __heap_region$guard
    _get_argv_nomalloc.o(.text) refers to defsig_rtmem_outer.o(.text) for __rt_SIGRTMEM
    _get_argv_nomalloc.o(.text) refers to sys_command.o(.text) for _sys_command_string
    libshutdown.o(.ARM.Collect$$libshutdown$$00000000) refers (Special) to libshutdown2.o(.ARM.Collect$$libshutdown$$00000006) for __rt_lib_shutdown_fp_trap_1
    libshutdown.o(.ARM.Collect$$libshutdown$$00000000) refers (Special) to libshutdown2.o(.ARM.Collect$$libshutdown$$0000000E) for __rt_lib_shutdown_heap_1
    libshutdown.o(.ARM.Collect$$libshutdown$$00000000) refers (Special) to libshutdown2.o(.ARM.Collect$$libshutdown$$0000000F) for __rt_lib_shutdown_return
    libshutdown.o(.ARM.Collect$$libshutdown$$00000000) refers (Special) to libshutdown2.o(.ARM.Collect$$libshutdown$$00000009) for __rt_lib_shutdown_signal_1
    libshutdown.o(.ARM.Collect$$libshutdown$$00000000) refers (Special) to libshutdown2.o(.ARM.Collect$$libshutdown$$00000003) for __rt_lib_shutdown_stdio_1
    libshutdown.o(.ARM.Collect$$libshutdown$$00000000) refers (Special) to libshutdown2.o(.ARM.Collect$$libshutdown$$0000000B) for __rt_lib_shutdown_user_alloc_1
    sys_command.o(.text) refers (Special) to use_no_semi.o(.text) for __I$use$semihosting
    sys_command.o(.text) refers (Special) to indicate_semi.o(.text) for __semihosting_library_function
    defsig_rtmem_outer.o(.text) refers to defsig_rtmem_inner.o(.text) for __rt_SIGRTMEM_inner
    defsig_rtmem_outer.o(.text) refers to defsig_exit.o(.text) for __sig_exit
    defsig_rtmem_formal.o(.text) refers to rt_raise.o(.text) for __rt_raise
    rt_raise.o(.text) refers to __raise.o(.text) for __raise
    rt_raise.o(.text) refers to sys_exit.o(.text) for _sys_exit
    defsig_exit.o(.text) refers to sys_exit.o(.text) for _sys_exit
    defsig_rtmem_inner.o(.text) refers to defsig_general.o(.text) for __default_signal_display
    __raise.o(.text) refers to defsig.o(CL$$defsig) for __default_signal_handler
    defsig_general.o(.text) refers to sys_wrch.o(.text) for _ttywrch
    sys_wrch.o(.text) refers (Special) to use_no_semi.o(.text) for __I$use$semihosting
    sys_wrch.o(.text) refers (Special) to indicate_semi.o(.text) for __semihosting_library_function
    defsig.o(CL$$defsig) refers to defsig_rtmem_inner.o(.text) for __rt_SIGRTMEM_inner
    defsig_abrt_inner.o(.text) refers to defsig_general.o(.text) for __default_signal_display
    defsig_fpe_inner.o(.text) refers to defsig_general.o(.text) for __default_signal_display
    defsig_rtred_inner.o(.text) refers to defsig_general.o(.text) for __default_signal_display
    defsig_stak_inner.o(.text) refers to defsig_general.o(.text) for __default_signal_display
    defsig_pvfn_inner.o(.text) refers to defsig_general.o(.text) for __default_signal_display
    defsig_cppl_inner.o(.text) refers to defsig_general.o(.text) for __default_signal_display
    defsig_segv_inner.o(.text) refers to defsig_general.o(.text) for __default_signal_display
    defsig_other.o(.text) refers to defsig_general.o(.text) for __default_signal_display


==============================================================================

Removing Unused input sections from the image.

    Removing main.o(.rev16_text), (4 bytes).
    Removing main.o(.revsh_text), (4 bytes).
    Removing stm32f10x_it.o(.rev16_text), (4 bytes).
    Removing stm32f10x_it.o(.revsh_text), (4 bytes).
    Removing upload.o(.rev16_text), (4 bytes).
    Removing upload.o(.revsh_text), (4 bytes).
    Removing upload.o(.text), (248 bytes).
    Removing ymodem.o(.rev16_text), (4 bytes).
    Removing ymodem.o(.revsh_text), (4 bytes).
    Removing common.o(.rev16_text), (4 bytes).
    Removing common.o(.revsh_text), (4 bytes).
    Removing download.o(.rev16_text), (4 bytes).
    Removing download.o(.revsh_text), (4 bytes).
    Removing oled.o(.rev16_text), (4 bytes).
    Removing oled.o(.revsh_text), (4 bytes).
    Removing delay.o(.rev16_text), (4 bytes).
    Removing delay.o(.revsh_text), (4 bytes).
    Removing spi_flash.o(.rev16_text), (4 bytes).
    Removing spi_flash.o(.revsh_text), (4 bytes).
    Removing misc.o(.rev16_text), (4 bytes).
    Removing misc.o(.revsh_text), (4 bytes).
    Removing stm32f10x_flash.o(.rev16_text), (4 bytes).
    Removing stm32f10x_flash.o(.revsh_text), (4 bytes).
    Removing stm32f10x_rcc.o(.rev16_text), (4 bytes).
    Removing stm32f10x_rcc.o(.revsh_text), (4 bytes).
    Removing stm32f10x_gpio.o(.rev16_text), (4 bytes).
    Removing stm32f10x_gpio.o(.revsh_text), (4 bytes).
    Removing stm32f10x_usart.o(.rev16_text), (4 bytes).
    Removing stm32f10x_usart.o(.revsh_text), (4 bytes).
    Removing stm32f10x_spi.o(.rev16_text), (4 bytes).
    Removing stm32f10x_spi.o(.revsh_text), (4 bytes).
    Removing system_stm32f10x.o(.rev16_text), (4 bytes).
    Removing system_stm32f10x.o(.revsh_text), (4 bytes).
    Removing core_cm3.o(.emb_text), (32 bytes).

34 unused section(s) (total 408 bytes) removed from the image.

==============================================================================

Image Symbol Table

    Local Symbols

    Symbol Name                              Value     Ov Type        Size  Object(Section)

    ../clib/angel/boardlib.s                 0x00000000   Number         0  boardinit2.o ABSOLUTE
    ../clib/angel/boardlib.s                 0x00000000   Number         0  boardinit1.o ABSOLUTE
    ../clib/angel/boardlib.s                 0x00000000   Number         0  boardinit3.o ABSOLUTE
    ../clib/angel/boardlib.s                 0x00000000   Number         0  boardshut.o ABSOLUTE
    ../clib/angel/dczerorl2.s                0x00000000   Number         0  __dczerorl2.o ABSOLUTE
    ../clib/angel/handlers.s                 0x00000000   Number         0  __scatter_zi.o ABSOLUTE
    ../clib/angel/kernel.s                   0x00000000   Number         0  rtentry2.o ABSOLUTE
    ../clib/angel/kernel.s                   0x00000000   Number         0  rtexit.o ABSOLUTE
    ../clib/angel/kernel.s                   0x00000000   Number         0  rtentry4.o ABSOLUTE
    ../clib/angel/kernel.s                   0x00000000   Number         0  rtexit2.o ABSOLUTE
    ../clib/angel/kernel.s                   0x00000000   Number         0  rtentry.o ABSOLUTE
    ../clib/angel/rt.s                       0x00000000   Number         0  rt_raise.o ABSOLUTE
    ../clib/angel/scatter.s                  0x00000000   Number         0  __scatter.o ABSOLUTE
    ../clib/angel/startup.s                  0x00000000   Number         0  __main.o ABSOLUTE
    ../clib/angel/sys.s                      0x00000000   Number         0  indicate_semi.o ABSOLUTE
    ../clib/angel/sys.s                      0x00000000   Number         0  libspace.o ABSOLUTE
    ../clib/angel/sys.s                      0x00000000   Number         0  sys_stackheap_outer.o ABSOLUTE
    ../clib/angel/sys.s                      0x00000000   Number         0  use_no_semi.o ABSOLUTE
    ../clib/angel/sysapp.c                   0x00000000   Number         0  sys_wrch.o ABSOLUTE
    ../clib/angel/sysapp.c                   0x00000000   Number         0  sys_exit.o ABSOLUTE
    ../clib/angel/sysapp.c                   0x00000000   Number         0  sys_command.o ABSOLUTE
    ../clib/armsys.c                         0x00000000   Number         0  _get_argv_nomalloc.o ABSOLUTE
    ../clib/armsys.c                         0x00000000   Number         0  no_argv.o ABSOLUTE
    ../clib/armsys.c                         0x00000000   Number         0  argv_veneer.o ABSOLUTE
    ../clib/armsys.c                         0x00000000   Number         0  argv_veneer.o ABSOLUTE
    ../clib/heapalloc.c                      0x00000000   Number         0  hrguard.o ABSOLUTE
    ../clib/heapaux.c                        0x00000000   Number         0  heapauxi.o ABSOLUTE
    ../clib/libinit.s                        0x00000000   Number         0  libshutdown.o ABSOLUTE
    ../clib/libinit.s                        0x00000000   Number         0  libinit.o ABSOLUTE
    ../clib/libinit.s                        0x00000000   Number         0  libinit2.o ABSOLUTE
    ../clib/libinit.s                        0x00000000   Number         0  libshutdown2.o ABSOLUTE
    ../clib/memcpset.s                       0x00000000   Number         0  rt_memcpy_v6.o ABSOLUTE
    ../clib/memcpset.s                       0x00000000   Number         0  rt_memcpy_w.o ABSOLUTE
    ../clib/signal.c                         0x00000000   Number         0  defsig_other.o ABSOLUTE
    ../clib/signal.c                         0x00000000   Number         0  defsig_segv_inner.o ABSOLUTE
    ../clib/signal.c                         0x00000000   Number         0  defsig_rtmem_formal.o ABSOLUTE
    ../clib/signal.c                         0x00000000   Number         0  defsig_pvfn_inner.o ABSOLUTE
    ../clib/signal.c                         0x00000000   Number         0  defsig_stak_inner.o ABSOLUTE
    ../clib/signal.c                         0x00000000   Number         0  defsig_rtred_inner.o ABSOLUTE
    ../clib/signal.c                         0x00000000   Number         0  defsig_fpe_inner.o ABSOLUTE
    ../clib/signal.c                         0x00000000   Number         0  defsig_abrt_inner.o ABSOLUTE
    ../clib/signal.c                         0x00000000   Number         0  defsig_general.o ABSOLUTE
    ../clib/signal.c                         0x00000000   Number         0  defsig_cppl_inner.o ABSOLUTE
    ../clib/signal.c                         0x00000000   Number         0  __raise.o ABSOLUTE
    ../clib/signal.c                         0x00000000   Number         0  defsig_rtmem_inner.o ABSOLUTE
    ../clib/signal.c                         0x00000000   Number         0  defsig_rtmem_outer.o ABSOLUTE
    ../clib/signal.c                         0x00000000   Number         0  defsig_exit.o ABSOLUTE
    ../clib/signal.s                         0x00000000   Number         0  defsig.o ABSOLUTE
    ../clib/stdlib.c                         0x00000000   Number         0  exit.o ABSOLUTE
    ../fplib/fpinit.s                        0x00000000   Number         0  fpinit.o ABSOLUTE
    ..\Libraries\CMSIS\CM3\CoreSupport\core_cm3.c 0x00000000   Number         0  core_cm3.o ABSOLUTE
    ..\Libraries\CMSIS\CM3\DeviceSupport\ST\STM32F10x\startup\arm\startup_stm32f10x_md.s 0x00000000   Number         0  startup_stm32f10x_md.o ABSOLUTE
    ..\Libraries\STM32F10x_StdPeriph_Driver\src\misc.c 0x00000000   Number         0  misc.o ABSOLUTE
    ..\Libraries\STM32F10x_StdPeriph_Driver\src\stm32f10x_flash.c 0x00000000   Number         0  stm32f10x_flash.o ABSOLUTE
    ..\Libraries\STM32F10x_StdPeriph_Driver\src\stm32f10x_gpio.c 0x00000000   Number         0  stm32f10x_gpio.o ABSOLUTE
    ..\Libraries\STM32F10x_StdPeriph_Driver\src\stm32f10x_rcc.c 0x00000000   Number         0  stm32f10x_rcc.o ABSOLUTE
    ..\Libraries\STM32F10x_StdPeriph_Driver\src\stm32f10x_spi.c 0x00000000   Number         0  stm32f10x_spi.o ABSOLUTE
    ..\Libraries\STM32F10x_StdPeriph_Driver\src\stm32f10x_usart.c 0x00000000   Number         0  stm32f10x_usart.o ABSOLUTE
    ..\User\common.c                         0x00000000   Number         0  common.o ABSOLUTE
    ..\User\delay.c                          0x00000000   Number         0  delay.o ABSOLUTE
    ..\User\download.c                       0x00000000   Number         0  download.o ABSOLUTE
    ..\User\main.c                           0x00000000   Number         0  main.o ABSOLUTE
    ..\User\oled.c                           0x00000000   Number         0  oled.o ABSOLUTE
    ..\User\spi_flash.c                      0x00000000   Number         0  spi_flash.o ABSOLUTE
    ..\User\stm32f10x_it.c                   0x00000000   Number         0  stm32f10x_it.o ABSOLUTE
    ..\User\system_stm32f10x.c               0x00000000   Number         0  system_stm32f10x.o ABSOLUTE
    ..\User\upload.c                         0x00000000   Number         0  upload.o ABSOLUTE
    ..\User\ymodem.c                         0x00000000   Number         0  ymodem.o ABSOLUTE
    ..\\Libraries\\CMSIS\\CM3\\CoreSupport\\core_cm3.c 0x00000000   Number         0  core_cm3.o ABSOLUTE
    ..\\Libraries\\STM32F10x_StdPeriph_Driver\\src\\misc.c 0x00000000   Number         0  misc.o ABSOLUTE
    ..\\Libraries\\STM32F10x_StdPeriph_Driver\\src\\stm32f10x_flash.c 0x00000000   Number         0  stm32f10x_flash.o ABSOLUTE
    ..\\Libraries\\STM32F10x_StdPeriph_Driver\\src\\stm32f10x_gpio.c 0x00000000   Number         0  stm32f10x_gpio.o ABSOLUTE
    ..\\Libraries\\STM32F10x_StdPeriph_Driver\\src\\stm32f10x_rcc.c 0x00000000   Number         0  stm32f10x_rcc.o ABSOLUTE
    ..\\Libraries\\STM32F10x_StdPeriph_Driver\\src\\stm32f10x_spi.c 0x00000000   Number         0  stm32f10x_spi.o ABSOLUTE
    ..\\Libraries\\STM32F10x_StdPeriph_Driver\\src\\stm32f10x_usart.c 0x00000000   Number         0  stm32f10x_usart.o ABSOLUTE
    ..\\User\\common.c                       0x00000000   Number         0  common.o ABSOLUTE
    ..\\User\\delay.c                        0x00000000   Number         0  delay.o ABSOLUTE
    ..\\User\\download.c                     0x00000000   Number         0  download.o ABSOLUTE
    ..\\User\\main.c                         0x00000000   Number         0  main.o ABSOLUTE
    ..\\User\\oled.c                         0x00000000   Number         0  oled.o ABSOLUTE
    ..\\User\\spi_flash.c                    0x00000000   Number         0  spi_flash.o ABSOLUTE
    ..\\User\\stm32f10x_it.c                 0x00000000   Number         0  stm32f10x_it.o ABSOLUTE
    ..\\User\\system_stm32f10x.c             0x00000000   Number         0  system_stm32f10x.o ABSOLUTE
    ..\\User\\upload.c                       0x00000000   Number         0  upload.o ABSOLUTE
    ..\\User\\ymodem.c                       0x00000000   Number         0  ymodem.o ABSOLUTE
    dc.s                                     0x00000000   Number         0  dc.o ABSOLUTE
    RESET                                    0x08000000   Section      236  startup_stm32f10x_md.o(RESET)
    !!!main                                  0x080000ec   Section        8  __main.o(!!!main)
    !!!scatter                               0x080000f4   Section       52  __scatter.o(!!!scatter)
    !!dczerorl2                              0x08000128   Section       90  __dczerorl2.o(!!dczerorl2)
    !!handler_zi                             0x08000184   Section       28  __scatter_zi.o(!!handler_zi)
    .ARM.Collect$$libinit$$00000000          0x080001a0   Section        2  libinit.o(.ARM.Collect$$libinit$$00000000)
    .ARM.Collect$$libinit$$00000002          0x080001a2   Section        0  libinit2.o(.ARM.Collect$$libinit$$00000002)
    .ARM.Collect$$libinit$$00000008          0x080001a2   Section        0  libinit2.o(.ARM.Collect$$libinit$$00000008)
    .ARM.Collect$$libinit$$0000000A          0x080001a2   Section        0  libinit2.o(.ARM.Collect$$libinit$$0000000A)
    .ARM.Collect$$libinit$$0000000C          0x080001a2   Section        0  libinit2.o(.ARM.Collect$$libinit$$0000000C)
    .ARM.Collect$$libinit$$0000000F          0x080001a2   Section        0  libinit2.o(.ARM.Collect$$libinit$$0000000F)
    .ARM.Collect$$libinit$$00000011          0x080001a2   Section        0  libinit2.o(.ARM.Collect$$libinit$$00000011)
    .ARM.Collect$$libinit$$00000013          0x080001a2   Section        0  libinit2.o(.ARM.Collect$$libinit$$00000013)
    .ARM.Collect$$libinit$$00000015          0x080001a2   Section        0  libinit2.o(.ARM.Collect$$libinit$$00000015)
    .ARM.Collect$$libinit$$00000017          0x080001a2   Section        0  libinit2.o(.ARM.Collect$$libinit$$00000017)
    .ARM.Collect$$libinit$$00000019          0x080001a2   Section        0  libinit2.o(.ARM.Collect$$libinit$$00000019)
    .ARM.Collect$$libinit$$0000001B          0x080001a2   Section        0  libinit2.o(.ARM.Collect$$libinit$$0000001B)
    .ARM.Collect$$libinit$$0000001D          0x080001a2   Section        0  libinit2.o(.ARM.Collect$$libinit$$0000001D)
    .ARM.Collect$$libinit$$0000001F          0x080001a2   Section        0  libinit2.o(.ARM.Collect$$libinit$$0000001F)
    .ARM.Collect$$libinit$$00000021          0x080001a2   Section        0  libinit2.o(.ARM.Collect$$libinit$$00000021)
    .ARM.Collect$$libinit$$00000023          0x080001a2   Section        0  libinit2.o(.ARM.Collect$$libinit$$00000023)
    .ARM.Collect$$libinit$$0000002A          0x080001a2   Section        0  libinit2.o(.ARM.Collect$$libinit$$0000002A)
    .ARM.Collect$$libinit$$0000002C          0x080001a2   Section        0  libinit2.o(.ARM.Collect$$libinit$$0000002C)
    .ARM.Collect$$libinit$$0000002E          0x080001a2   Section        0  libinit2.o(.ARM.Collect$$libinit$$0000002E)
    .ARM.Collect$$libinit$$00000030          0x080001a2   Section        0  libinit2.o(.ARM.Collect$$libinit$$00000030)
    .ARM.Collect$$libinit$$00000031          0x080001a2   Section        2  libinit2.o(.ARM.Collect$$libinit$$00000031)
    .ARM.Collect$$libshutdown$$00000000      0x080001a4   Section        2  libshutdown.o(.ARM.Collect$$libshutdown$$00000000)
    .ARM.Collect$$libshutdown$$00000003      0x080001a6   Section        0  libshutdown2.o(.ARM.Collect$$libshutdown$$00000003)
    .ARM.Collect$$libshutdown$$00000006      0x080001a6   Section        0  libshutdown2.o(.ARM.Collect$$libshutdown$$00000006)
    .ARM.Collect$$libshutdown$$00000009      0x080001a6   Section        0  libshutdown2.o(.ARM.Collect$$libshutdown$$00000009)
    .ARM.Collect$$libshutdown$$0000000B      0x080001a6   Section        0  libshutdown2.o(.ARM.Collect$$libshutdown$$0000000B)
    .ARM.Collect$$libshutdown$$0000000E      0x080001a6   Section        0  libshutdown2.o(.ARM.Collect$$libshutdown$$0000000E)
    .ARM.Collect$$libshutdown$$0000000F      0x080001a6   Section        2  libshutdown2.o(.ARM.Collect$$libshutdown$$0000000F)
    .ARM.Collect$$rtentry$$00000000          0x080001a8   Section        0  rtentry.o(.ARM.Collect$$rtentry$$00000000)
    .ARM.Collect$$rtentry$$00000002          0x080001a8   Section        0  rtentry2.o(.ARM.Collect$$rtentry$$00000002)
    .ARM.Collect$$rtentry$$00000004          0x080001a8   Section        6  rtentry4.o(.ARM.Collect$$rtentry$$00000004)
    .ARM.Collect$$rtentry$$00000009          0x080001ae   Section        0  rtentry2.o(.ARM.Collect$$rtentry$$00000009)
    .ARM.Collect$$rtentry$$0000000A          0x080001ae   Section        4  rtentry2.o(.ARM.Collect$$rtentry$$0000000A)
    .ARM.Collect$$rtentry$$0000000C          0x080001b2   Section        0  rtentry2.o(.ARM.Collect$$rtentry$$0000000C)
    .ARM.Collect$$rtentry$$0000000D          0x080001b2   Section        8  rtentry2.o(.ARM.Collect$$rtentry$$0000000D)
    .ARM.Collect$$rtexit$$00000000           0x080001ba   Section        2  rtexit.o(.ARM.Collect$$rtexit$$00000000)
    .ARM.Collect$$rtexit$$00000002           0x080001bc   Section        0  rtexit2.o(.ARM.Collect$$rtexit$$00000002)
    .ARM.Collect$$rtexit$$00000003           0x080001bc   Section        4  rtexit2.o(.ARM.Collect$$rtexit$$00000003)
    .ARM.Collect$$rtexit$$00000004           0x080001c0   Section        6  rtexit2.o(.ARM.Collect$$rtexit$$00000004)
    .text                                    0x080001c8   Section        0  main.o(.text)
    IAP_Init                                 0x08000269   Thumb Code    54  main.o(.text)
    .text                                    0x080004cc   Section        0  stm32f10x_it.o(.text)
    .text                                    0x0800050c   Section        0  ymodem.o(.text)
    .text                                    0x08000c64   Section        0  common.o(.text)
    NVIC_SystemReset                         0x08001007   Thumb Code    30  common.o(.text)
    .text                                    0x08001110   Section        0  download.o(.text)
    .text                                    0x080012fc   Section        0  oled.o(.text)
    .text                                    0x08001944   Section        0  delay.o(.text)
    .text                                    0x08001af8   Section        0  spi_flash.o(.text)
    .text                                    0x08002158   Section        0  misc.o(.text)
    .text                                    0x08002234   Section        0  stm32f10x_flash.o(.text)
    .text                                    0x080027e8   Section        0  stm32f10x_rcc.o(.text)
    .text                                    0x08002b84   Section        0  stm32f10x_gpio.o(.text)
    .text                                    0x08002edc   Section        0  stm32f10x_usart.o(.text)
    .text                                    0x080032e4   Section        0  stm32f10x_spi.o(.text)
    .text                                    0x080035f0   Section       64  startup_stm32f10x_md.o(.text)
    .text                                    0x08003630   Section        0  system_stm32f10x.o(.text)
    SetSysClockTo72                          0x08003631   Thumb Code   192  system_stm32f10x.o(.text)
    SetSysClock                              0x080036f1   Thumb Code     8  system_stm32f10x.o(.text)
    .text                                    0x080037f8   Section      138  rt_memcpy_v6.o(.text)
    .text                                    0x08003882   Section      100  rt_memcpy_w.o(.text)
    .text                                    0x080038e6   Section        0  heapauxi.o(.text)
    .text                                    0x080038ec   Section       74  sys_stackheap_outer.o(.text)
    .text                                    0x08003936   Section        0  exit.o(.text)
    .text                                    0x08003944   Section        8  libspace.o(.text)
    .text                                    0x0800394c   Section        0  sys_exit.o(.text)
    .text                                    0x08003958   Section        2  use_no_semi.o(.text)
    .text                                    0x0800395a   Section        0  indicate_semi.o(.text)
    .constdata                               0x0800395c   Section      380  main.o(.constdata)
    .constdata                               0x08003ad8   Section       74  common.o(.constdata)
    .constdata                               0x08003b22   Section     2089  oled.o(.constdata)
    .data                                    0x20000000   Section       24  ymodem.o(.data)
    .data                                    0x20000018   Section       40  common.o(.data)
    .data                                    0x20000040   Section      457  oled.o(.data)
    .data                                    0x20000209   Section       20  stm32f10x_rcc.o(.data)
    APBAHBPrescTable                         0x20000209   Data          16  stm32f10x_rcc.o(.data)
    ADCPrescTable                            0x20000219   Data           4  stm32f10x_rcc.o(.data)
    .data                                    0x20000220   Section       20  system_stm32f10x.o(.data)
    .bss                                     0x20000234   Section      128  ymodem.o(.bss)
    .bss                                     0x200002b4   Section     1024  download.o(.bss)
    .bss                                     0x200006b4   Section     4096  spi_flash.o(.bss)
    .bss                                     0x200016b4   Section       96  libspace.o(.bss)
    HEAP                                     0x20001718   Section      512  startup_stm32f10x_md.o(HEAP)
    Heap_Mem                                 0x20001718   Data         512  startup_stm32f10x_md.o(HEAP)
    STACK                                    0x20001918   Section     1024  startup_stm32f10x_md.o(STACK)
    Stack_Mem                                0x20001918   Data        1024  startup_stm32f10x_md.o(STACK)
    __initial_sp                             0x20001d18   Data           0  startup_stm32f10x_md.o(STACK)

    Global Symbols

    Symbol Name                              Value     Ov Type        Size  Object(Section)

    BuildAttributes$$THM_ISAv4$P$D$K$B$S$PE$A:L22UL41UL21$X:L11$S22US41US21$IEEE1$IW$USESV6$~STKCKD$USESV7$~SHL$OSPACE$ROPI$EBA8$UX$STANDARDLIB$REQ8$PRES8$EABIv2 0x00000000   Number         0  anon$$obj.o ABSOLUTE
    __ARM_use_no_argv                        0x00000000   Number         0  main.o ABSOLUTE
    __ARM_exceptions_init                     - Undefined Weak Reference
    __alloca_initialize                       - Undefined Weak Reference
    __cpp_initialize__aeabi_                  - Undefined Weak Reference
    __cxa_finalize                            - Undefined Weak Reference
    __rt_locale                               - Undefined Weak Reference
    __sigvec_lookup                           - Undefined Weak Reference
    _atexit_init                              - Undefined Weak Reference
    _call_atexit_fns                          - Undefined Weak Reference
    _clock_init                               - Undefined Weak Reference
    _fp_trap_init                             - Undefined Weak Reference
    _fp_trap_shutdown                         - Undefined Weak Reference
    _get_lc_collate                           - Undefined Weak Reference
    _get_lc_ctype                             - Undefined Weak Reference
    _get_lc_monetary                          - Undefined Weak Reference
    _get_lc_numeric                           - Undefined Weak Reference
    _get_lc_time                              - Undefined Weak Reference
    _getenv_init                              - Undefined Weak Reference
    _handle_redirection                       - Undefined Weak Reference
    _init_alloc                               - Undefined Weak Reference
    _init_user_alloc                          - Undefined Weak Reference
    _initio                                   - Undefined Weak Reference
    _rand_init                                - Undefined Weak Reference
    _signal_finish                            - Undefined Weak Reference
    _signal_init                              - Undefined Weak Reference
    _terminate_alloc                          - Undefined Weak Reference
    _terminate_user_alloc                     - Undefined Weak Reference
    _terminateio                              - Undefined Weak Reference
    __Vectors_Size                           0x000000ec   Number         0  startup_stm32f10x_md.o ABSOLUTE
    __Vectors                                0x08000000   Data           4  startup_stm32f10x_md.o(RESET)
    __Vectors_End                            0x080000ec   Data           0  startup_stm32f10x_md.o(RESET)
    __main                                   0x080000ed   Thumb Code     8  __main.o(!!!main)
    __scatterload                            0x080000f5   Thumb Code     0  __scatter.o(!!!scatter)
    __scatterload_rt2                        0x080000f5   Thumb Code    44  __scatter.o(!!!scatter)
    __scatterload_rt2_thumb_only             0x080000f5   Thumb Code     0  __scatter.o(!!!scatter)
    __scatterload_null                       0x08000103   Thumb Code     0  __scatter.o(!!!scatter)
    __decompress                             0x08000129   Thumb Code    90  __dczerorl2.o(!!dczerorl2)
    __decompress1                            0x08000129   Thumb Code     0  __dczerorl2.o(!!dczerorl2)
    __scatterload_zeroinit                   0x08000185   Thumb Code    28  __scatter_zi.o(!!handler_zi)
    __rt_lib_init                            0x080001a1   Thumb Code     0  libinit.o(.ARM.Collect$$libinit$$00000000)
    __rt_lib_init_alloca_1                   0x080001a3   Thumb Code     0  libinit2.o(.ARM.Collect$$libinit$$0000002C)
    __rt_lib_init_argv_1                     0x080001a3   Thumb Code     0  libinit2.o(.ARM.Collect$$libinit$$0000002A)
    __rt_lib_init_atexit_1                   0x080001a3   Thumb Code     0  libinit2.o(.ARM.Collect$$libinit$$00000019)
    __rt_lib_init_clock_1                    0x080001a3   Thumb Code     0  libinit2.o(.ARM.Collect$$libinit$$0000001F)
    __rt_lib_init_cpp_1                      0x080001a3   Thumb Code     0  libinit2.o(.ARM.Collect$$libinit$$00000030)
    __rt_lib_init_exceptions_1               0x080001a3   Thumb Code     0  libinit2.o(.ARM.Collect$$libinit$$0000002E)
    __rt_lib_init_fp_1                       0x080001a3   Thumb Code     0  libinit2.o(.ARM.Collect$$libinit$$00000002)
    __rt_lib_init_fp_trap_1                  0x080001a3   Thumb Code     0  libinit2.o(.ARM.Collect$$libinit$$0000001D)
    __rt_lib_init_getenv_1                   0x080001a3   Thumb Code     0  libinit2.o(.ARM.Collect$$libinit$$00000021)
    __rt_lib_init_heap_1                     0x080001a3   Thumb Code     0  libinit2.o(.ARM.Collect$$libinit$$00000008)
    __rt_lib_init_lc_collate_1               0x080001a3   Thumb Code     0  libinit2.o(.ARM.Collect$$libinit$$0000000F)
    __rt_lib_init_lc_ctype_1                 0x080001a3   Thumb Code     0  libinit2.o(.ARM.Collect$$libinit$$00000011)
    __rt_lib_init_lc_monetary_1              0x080001a3   Thumb Code     0  libinit2.o(.ARM.Collect$$libinit$$00000013)
    __rt_lib_init_lc_numeric_1               0x080001a3   Thumb Code     0  libinit2.o(.ARM.Collect$$libinit$$00000015)
    __rt_lib_init_lc_time_1                  0x080001a3   Thumb Code     0  libinit2.o(.ARM.Collect$$libinit$$00000017)
    __rt_lib_init_rand_1                     0x080001a3   Thumb Code     0  libinit2.o(.ARM.Collect$$libinit$$0000000C)
    __rt_lib_init_return                     0x080001a3   Thumb Code     0  libinit2.o(.ARM.Collect$$libinit$$00000031)
    __rt_lib_init_signal_1                   0x080001a3   Thumb Code     0  libinit2.o(.ARM.Collect$$libinit$$0000001B)
    __rt_lib_init_stdio_1                    0x080001a3   Thumb Code     0  libinit2.o(.ARM.Collect$$libinit$$00000023)
    __rt_lib_init_user_alloc_1               0x080001a3   Thumb Code     0  libinit2.o(.ARM.Collect$$libinit$$0000000A)
    __rt_lib_shutdown                        0x080001a5   Thumb Code     0  libshutdown.o(.ARM.Collect$$libshutdown$$00000000)
    __rt_lib_shutdown_fp_trap_1              0x080001a7   Thumb Code     0  libshutdown2.o(.ARM.Collect$$libshutdown$$00000006)
    __rt_lib_shutdown_heap_1                 0x080001a7   Thumb Code     0  libshutdown2.o(.ARM.Collect$$libshutdown$$0000000E)
    __rt_lib_shutdown_return                 0x080001a7   Thumb Code     0  libshutdown2.o(.ARM.Collect$$libshutdown$$0000000F)
    __rt_lib_shutdown_signal_1               0x080001a7   Thumb Code     0  libshutdown2.o(.ARM.Collect$$libshutdown$$00000009)
    __rt_lib_shutdown_stdio_1                0x080001a7   Thumb Code     0  libshutdown2.o(.ARM.Collect$$libshutdown$$00000003)
    __rt_lib_shutdown_user_alloc_1           0x080001a7   Thumb Code     0  libshutdown2.o(.ARM.Collect$$libshutdown$$0000000B)
    __rt_entry                               0x080001a9   Thumb Code     0  rtentry.o(.ARM.Collect$$rtentry$$00000000)
    __rt_entry_presh_1                       0x080001a9   Thumb Code     0  rtentry2.o(.ARM.Collect$$rtentry$$00000002)
    __rt_entry_sh                            0x080001a9   Thumb Code     0  rtentry4.o(.ARM.Collect$$rtentry$$00000004)
    __rt_entry_li                            0x080001af   Thumb Code     0  rtentry2.o(.ARM.Collect$$rtentry$$0000000A)
    __rt_entry_postsh_1                      0x080001af   Thumb Code     0  rtentry2.o(.ARM.Collect$$rtentry$$00000009)
    __rt_entry_main                          0x080001b3   Thumb Code     0  rtentry2.o(.ARM.Collect$$rtentry$$0000000D)
    __rt_entry_postli_1                      0x080001b3   Thumb Code     0  rtentry2.o(.ARM.Collect$$rtentry$$0000000C)
    __rt_exit                                0x080001bb   Thumb Code     0  rtexit.o(.ARM.Collect$$rtexit$$00000000)
    __rt_exit_ls                             0x080001bd   Thumb Code     0  rtexit2.o(.ARM.Collect$$rtexit$$00000003)
    __rt_exit_prels_1                        0x080001bd   Thumb Code     0  rtexit2.o(.ARM.Collect$$rtexit$$00000002)
    __rt_exit_exit                           0x080001c1   Thumb Code     0  rtexit2.o(.ARM.Collect$$rtexit$$00000004)
    buzzer_control_Init                      0x080001c9   Thumb Code    50  main.o(.text)
    coil_control_Init                        0x080001fb   Thumb Code    46  main.o(.text)
    GPIO_Configuration                       0x08000229   Thumb Code    64  main.o(.text)
    KEY_Configuration                        0x0800029f   Thumb Code    32  main.o(.text)
    oled_control_Init                        0x080002bf   Thumb Code    46  main.o(.text)
    NVIC_Configuration                       0x080002ed   Thumb Code    36  main.o(.text)
    main                                     0x08000311   Thumb Code   254  main.o(.text)
    LED_Configuration                        0x0800040f   Thumb Code    50  main.o(.text)
    Delay                                    0x08000441   Thumb Code    10  main.o(.text)
    NMI_Handler                              0x080004cd   Thumb Code     2  stm32f10x_it.o(.text)
    HardFault_Handler                        0x080004cf   Thumb Code    20  stm32f10x_it.o(.text)
    MemManage_Handler                        0x080004e3   Thumb Code     4  stm32f10x_it.o(.text)
    BusFault_Handler                         0x080004e7   Thumb Code     4  stm32f10x_it.o(.text)
    UsageFault_Handler                       0x080004eb   Thumb Code     4  stm32f10x_it.o(.text)
    SVC_Handler                              0x080004ef   Thumb Code     2  stm32f10x_it.o(.text)
    DebugMon_Handler                         0x080004f1   Thumb Code     2  stm32f10x_it.o(.text)
    PendSV_Handler                           0x080004f3   Thumb Code     2  stm32f10x_it.o(.text)
    SysTick_Handler                          0x080004f5   Thumb Code     2  stm32f10x_it.o(.text)
    Receive_Byte                             0x0800050d   Thumb Code    34  ymodem.o(.text)
    Send_Byte                                0x0800052f   Thumb Code    14  ymodem.o(.text)
    Receive_Packet                           0x0800053d   Thumb Code   188  ymodem.o(.text)
    Ymodem_Receive                           0x080005f9   Thumb Code   578  ymodem.o(.text)
    Ymodem_CheckResponse                     0x0800083b   Thumb Code     6  ymodem.o(.text)
    Ymodem_PrepareIntialPacket               0x08000841   Thumb Code   114  ymodem.o(.text)
    Ymodem_PreparePacket                     0x080008b3   Thumb Code   140  ymodem.o(.text)
    UpdateCRC16                              0x0800093f   Thumb Code    48  ymodem.o(.text)
    Cal_CRC16                                0x0800096f   Thumb Code    52  ymodem.o(.text)
    CalChecksum                              0x080009a3   Thumb Code    24  ymodem.o(.text)
    Ymodem_SendPacket                        0x080009bb   Thumb Code    26  ymodem.o(.text)
    Ymodem_Transmit                          0x080009d5   Thumb Code   652  ymodem.o(.text)
    Int2Str                                  0x08000c65   Thumb Code    84  common.o(.text)
    Str2Int                                  0x08000cb9   Thumb Code   260  common.o(.text)
    SerialPutChar                            0x08000dbd   Thumb Code    42  common.o(.text)
    Serial_PutString                         0x08000de7   Thumb Code    22  common.o(.text)
    SerialKeyPressed                         0x08000dfd   Thumb Code    30  common.o(.text)
    GetKey                                   0x08000e1b   Thumb Code    28  common.o(.text)
    GetInputString                           0x08000e37   Thumb Code    90  common.o(.text)
    GetIntegerInput                          0x08000e91   Thumb Code    80  common.o(.text)
    FLASH_PagesMask                          0x08000ee1   Thumb Code    24  common.o(.text)
    FLASH_DisableWriteProtectionPages        0x08000ef9   Thumb Code   166  common.o(.text)
    SoftReset                                0x08000f9f   Thumb Code    12  common.o(.text)
    Main_Menu                                0x08000fab   Thumb Code    92  common.o(.text)
    SerialDownload                           0x08001111   Thumb Code   132  download.o(.text)
    General_Receive                          0x08001195   Thumb Code     2  download.o(.text)
    OLED_WR_Byte                             0x080012fd   Thumb Code   126  oled.o(.text)
    OLED_Set_Pos                             0x0800137b   Thumb Code    44  oled.o(.text)
    OLED_Display_On                          0x080013a7   Thumb Code    28  oled.o(.text)
    OLED_Display_Off                         0x080013c3   Thumb Code    28  oled.o(.text)
    OLED_Clear                               0x080013df   Thumb Code    64  oled.o(.text)
    OLED_ClearArea                           0x0800141f   Thumb Code    98  oled.o(.text)
    OLED_ShowChar                            0x08001481   Thumb Code   160  oled.o(.text)
    oled_pow                                 0x08001521   Thumb Code    22  oled.o(.text)
    OLED_ShowNum                             0x08001537   Thumb Code   132  oled.o(.text)
    OLED_ShowNumHex                          0x080015bb   Thumb Code   152  oled.o(.text)
    OLED_ShowString                          0x08001653   Thumb Code    54  oled.o(.text)
    OLED_ShowChinese                         0x08001689   Thumb Code   188  oled.o(.text)
    OLED_ShowUnite                           0x08001745   Thumb Code    74  oled.o(.text)
    OLED_DrawBMP                             0x0800178f   Thumb Code   114  oled.o(.text)
    OLED_Init                                0x08001801   Thumb Code   320  oled.o(.text)
    SystemTick_Init                          0x08001945   Thumb Code    88  delay.o(.text)
    delay_us                                 0x0800199d   Thumb Code    64  delay.o(.text)
    delay_ms                                 0x080019dd   Thumb Code    74  delay.o(.text)
    delay_s                                  0x08001a27   Thumb Code   196  delay.o(.text)
    SPI_FLASH_Init                           0x08001af9   Thumb Code   184  spi_flash.o(.text)
    SPI_FLASH_SendByte                       0x08001bb1   Thumb Code    50  spi_flash.o(.text)
    SPI_FLASH_WaitForWriteEnd                0x08001be3   Thumb Code    44  spi_flash.o(.text)
    SPI_FLASH_WriteEnable                    0x08001c0f   Thumb Code    26  spi_flash.o(.text)
    SPI_FLASH_SectorErase                    0x08001c29   Thumb Code    62  spi_flash.o(.text)
    SPI_FLASH_BulkErase                      0x08001c67   Thumb Code    34  spi_flash.o(.text)
    SPI_FLASH_PageWrite                      0x08001c89   Thumb Code    96  spi_flash.o(.text)
    SPI_FLASH_WriteNoCheck                   0x08001ce9   Thumb Code    70  spi_flash.o(.text)
    SPI_FLASH_Read                           0x08001d2f   Thumb Code    76  spi_flash.o(.text)
    SPI_FLASH_Write                          0x08001d7b   Thumb Code   178  spi_flash.o(.text)
    SPI_FLASH_BufferWrite                    0x08001e2d   Thumb Code   302  spi_flash.o(.text)
    SPI_FLASH_BufferRead                     0x08001f5b   Thumb Code    76  spi_flash.o(.text)
    SPI_FLASH_WriteWord                      0x08001fa7   Thumb Code    46  spi_flash.o(.text)
    SPI_FLASH_ReadWord                       0x08001fd5   Thumb Code    52  spi_flash.o(.text)
    SPI_FLASH_ReadID                         0x08002009   Thumb Code    74  spi_flash.o(.text)
    SPI_FLASH_ReadDeviceID                   0x08002053   Thumb Code    56  spi_flash.o(.text)
    SPI_FLASH_StartReadSequence              0x0800208b   Thumb Code    42  spi_flash.o(.text)
    SPI_FLASH_ReadByte                       0x080020b5   Thumb Code    10  spi_flash.o(.text)
    SPI_FLASH_SendHalfWord                   0x080020bf   Thumb Code    48  spi_flash.o(.text)
    SPI_FLASH_ReadStatusReg                  0x080020ef   Thumb Code    38  spi_flash.o(.text)
    SPI_Flash_PowerDown                      0x08002115   Thumb Code    26  spi_flash.o(.text)
    SPI_Flash_WAKEUP                         0x0800212f   Thumb Code    26  spi_flash.o(.text)
    ReadData                                 0x08002149   Thumb Code     6  spi_flash.o(.text)
    WritEDAta                                0x0800214f   Thumb Code     2  spi_flash.o(.text)
    NVIC_PriorityGroupConfig                 0x08002159   Thumb Code    10  misc.o(.text)
    NVIC_Init                                0x08002163   Thumb Code   102  misc.o(.text)
    NVIC_SetVectorTable                      0x080021c9   Thumb Code    14  misc.o(.text)
    NVIC_SystemLPConfig                      0x080021d7   Thumb Code    34  misc.o(.text)
    SysTick_CLKSourceConfig                  0x080021f9   Thumb Code    40  misc.o(.text)
    FLASH_SetLatency                         0x08002235   Thumb Code    18  stm32f10x_flash.o(.text)
    FLASH_HalfCycleAccessCmd                 0x08002247   Thumb Code    22  stm32f10x_flash.o(.text)
    FLASH_PrefetchBufferCmd                  0x0800225d   Thumb Code    22  stm32f10x_flash.o(.text)
    FLASH_Unlock                             0x08002273   Thumb Code    12  stm32f10x_flash.o(.text)
    FLASH_UnlockBank1                        0x0800227f   Thumb Code    12  stm32f10x_flash.o(.text)
    FLASH_Lock                               0x0800228b   Thumb Code    14  stm32f10x_flash.o(.text)
    FLASH_LockBank1                          0x08002299   Thumb Code    14  stm32f10x_flash.o(.text)
    FLASH_GetBank1Status                     0x080022a7   Thumb Code    48  stm32f10x_flash.o(.text)
    FLASH_WaitForLastOperation               0x080022d7   Thumb Code    38  stm32f10x_flash.o(.text)
    FLASH_ErasePage                          0x080022fd   Thumb Code    72  stm32f10x_flash.o(.text)
    FLASH_EraseAllPages                      0x08002345   Thumb Code    68  stm32f10x_flash.o(.text)
    FLASH_WaitForLastBank1Operation          0x08002389   Thumb Code    38  stm32f10x_flash.o(.text)
    FLASH_EraseAllBank1Pages                 0x080023af   Thumb Code    68  stm32f10x_flash.o(.text)
    FLASH_GetReadOutProtectionStatus         0x080023f3   Thumb Code    20  stm32f10x_flash.o(.text)
    FLASH_EraseOptionBytes                   0x08002407   Thumb Code   150  stm32f10x_flash.o(.text)
    FLASH_ProgramWord                        0x0800249d   Thumb Code    96  stm32f10x_flash.o(.text)
    FLASH_ProgramHalfWord                    0x080024fd   Thumb Code    60  stm32f10x_flash.o(.text)
    FLASH_ProgramOptionByteData              0x08002539   Thumb Code    72  stm32f10x_flash.o(.text)
    FLASH_EnableWriteProtection              0x08002581   Thumb Code   200  stm32f10x_flash.o(.text)
    FLASH_ReadOutProtection                  0x08002649   Thumb Code   156  stm32f10x_flash.o(.text)
    FLASH_UserOptionByteConfig               0x080026e5   Thumb Code    88  stm32f10x_flash.o(.text)
    FLASH_GetUserOptionByte                  0x0800273d   Thumb Code     8  stm32f10x_flash.o(.text)
    FLASH_GetWriteProtectionOptionByte       0x08002745   Thumb Code     6  stm32f10x_flash.o(.text)
    FLASH_GetPrefetchBufferStatus            0x0800274b   Thumb Code    20  stm32f10x_flash.o(.text)
    FLASH_ITConfig                           0x0800275f   Thumb Code    26  stm32f10x_flash.o(.text)
    FLASH_GetFlagStatus                      0x08002779   Thumb Code    42  stm32f10x_flash.o(.text)
    FLASH_ClearFlag                          0x080027a3   Thumb Code     6  stm32f10x_flash.o(.text)
    FLASH_GetStatus                          0x080027a9   Thumb Code    48  stm32f10x_flash.o(.text)
    RCC_DeInit                               0x080027e9   Thumb Code    64  stm32f10x_rcc.o(.text)
    RCC_HSEConfig                            0x08002829   Thumb Code    70  stm32f10x_rcc.o(.text)
    RCC_GetFlagStatus                        0x0800286f   Thumb Code    56  stm32f10x_rcc.o(.text)
    RCC_WaitForHSEStartUp                    0x080028a7   Thumb Code    48  stm32f10x_rcc.o(.text)
    RCC_AdjustHSICalibrationValue            0x080028d7   Thumb Code    20  stm32f10x_rcc.o(.text)
    RCC_HSICmd                               0x080028eb   Thumb Code     6  stm32f10x_rcc.o(.text)
    RCC_PLLConfig                            0x080028f1   Thumb Code    24  stm32f10x_rcc.o(.text)
    RCC_PLLCmd                               0x08002909   Thumb Code     6  stm32f10x_rcc.o(.text)
    RCC_SYSCLKConfig                         0x0800290f   Thumb Code    18  stm32f10x_rcc.o(.text)
    RCC_GetSYSCLKSource                      0x08002921   Thumb Code    10  stm32f10x_rcc.o(.text)
    RCC_HCLKConfig                           0x0800292b   Thumb Code    18  stm32f10x_rcc.o(.text)
    RCC_PCLK1Config                          0x0800293d   Thumb Code    18  stm32f10x_rcc.o(.text)
    RCC_PCLK2Config                          0x0800294f   Thumb Code    20  stm32f10x_rcc.o(.text)
    RCC_ITConfig                             0x08002963   Thumb Code    26  stm32f10x_rcc.o(.text)
    RCC_USBCLKConfig                         0x0800297d   Thumb Code     6  stm32f10x_rcc.o(.text)
    RCC_ADCCLKConfig                         0x08002983   Thumb Code    18  stm32f10x_rcc.o(.text)
    RCC_LSEConfig                            0x08002995   Thumb Code    44  stm32f10x_rcc.o(.text)
    RCC_LSICmd                               0x080029c1   Thumb Code     6  stm32f10x_rcc.o(.text)
    RCC_RTCCLKConfig                         0x080029c7   Thumb Code    12  stm32f10x_rcc.o(.text)
    RCC_RTCCLKCmd                            0x080029d3   Thumb Code     8  stm32f10x_rcc.o(.text)
    RCC_GetClocksFreq                        0x080029db   Thumb Code   192  stm32f10x_rcc.o(.text)
    RCC_AHBPeriphClockCmd                    0x08002a9b   Thumb Code    26  stm32f10x_rcc.o(.text)
    RCC_APB2PeriphClockCmd                   0x08002ab5   Thumb Code    26  stm32f10x_rcc.o(.text)
    RCC_APB1PeriphClockCmd                   0x08002acf   Thumb Code    26  stm32f10x_rcc.o(.text)
    RCC_APB2PeriphResetCmd                   0x08002ae9   Thumb Code    26  stm32f10x_rcc.o(.text)
    RCC_APB1PeriphResetCmd                   0x08002b03   Thumb Code    26  stm32f10x_rcc.o(.text)
    RCC_BackupResetCmd                       0x08002b1d   Thumb Code     8  stm32f10x_rcc.o(.text)
    RCC_ClockSecuritySystemCmd               0x08002b25   Thumb Code     6  stm32f10x_rcc.o(.text)
    RCC_MCOConfig                            0x08002b2b   Thumb Code     6  stm32f10x_rcc.o(.text)
    RCC_ClearFlag                            0x08002b31   Thumb Code    14  stm32f10x_rcc.o(.text)
    RCC_GetITStatus                          0x08002b3f   Thumb Code    20  stm32f10x_rcc.o(.text)
    RCC_ClearITPendingBit                    0x08002b53   Thumb Code     6  stm32f10x_rcc.o(.text)
    GPIO_DeInit                              0x08002b85   Thumb Code   172  stm32f10x_gpio.o(.text)
    GPIO_AFIODeInit                          0x08002c31   Thumb Code    20  stm32f10x_gpio.o(.text)
    GPIO_Init                                0x08002c45   Thumb Code   274  stm32f10x_gpio.o(.text)
    GPIO_StructInit                          0x08002d57   Thumb Code    16  stm32f10x_gpio.o(.text)
    GPIO_ReadInputDataBit                    0x08002d67   Thumb Code    18  stm32f10x_gpio.o(.text)
    GPIO_ReadInputData                       0x08002d79   Thumb Code     8  stm32f10x_gpio.o(.text)
    GPIO_ReadOutputDataBit                   0x08002d81   Thumb Code    18  stm32f10x_gpio.o(.text)
    GPIO_ReadOutputData                      0x08002d93   Thumb Code     8  stm32f10x_gpio.o(.text)
    GPIO_SetBits                             0x08002d9b   Thumb Code     4  stm32f10x_gpio.o(.text)
    GPIO_ResetBits                           0x08002d9f   Thumb Code     4  stm32f10x_gpio.o(.text)
    GPIO_WriteBit                            0x08002da3   Thumb Code    10  stm32f10x_gpio.o(.text)
    GPIO_Write                               0x08002dad   Thumb Code     4  stm32f10x_gpio.o(.text)
    GPIO_PinLockConfig                       0x08002db1   Thumb Code    18  stm32f10x_gpio.o(.text)
    GPIO_EventOutputConfig                   0x08002dc3   Thumb Code    26  stm32f10x_gpio.o(.text)
    GPIO_EventOutputCmd                      0x08002ddd   Thumb Code     6  stm32f10x_gpio.o(.text)
    GPIO_PinRemapConfig                      0x08002de3   Thumb Code   138  stm32f10x_gpio.o(.text)
    GPIO_EXTILineConfig                      0x08002e6d   Thumb Code    66  stm32f10x_gpio.o(.text)
    GPIO_ETH_MediaInterfaceConfig            0x08002eaf   Thumb Code     6  stm32f10x_gpio.o(.text)
    USART_DeInit                             0x08002edd   Thumb Code   134  stm32f10x_usart.o(.text)
    USART_Init                               0x08002f63   Thumb Code   210  stm32f10x_usart.o(.text)
    USART_StructInit                         0x08003035   Thumb Code    24  stm32f10x_usart.o(.text)
    USART_ClockInit                          0x0800304d   Thumb Code    34  stm32f10x_usart.o(.text)
    USART_ClockStructInit                    0x0800306f   Thumb Code    12  stm32f10x_usart.o(.text)
    USART_Cmd                                0x0800307b   Thumb Code    24  stm32f10x_usart.o(.text)
    USART_ITConfig                           0x08003093   Thumb Code    74  stm32f10x_usart.o(.text)
    USART_DMACmd                             0x080030dd   Thumb Code    18  stm32f10x_usart.o(.text)
    USART_SetAddress                         0x080030ef   Thumb Code    18  stm32f10x_usart.o(.text)
    USART_WakeUpConfig                       0x08003101   Thumb Code    18  stm32f10x_usart.o(.text)
    USART_ReceiverWakeUpCmd                  0x08003113   Thumb Code    24  stm32f10x_usart.o(.text)
    USART_LINBreakDetectLengthConfig         0x0800312b   Thumb Code    18  stm32f10x_usart.o(.text)
    USART_LINCmd                             0x0800313d   Thumb Code    24  stm32f10x_usart.o(.text)
    USART_SendData                           0x08003155   Thumb Code     8  stm32f10x_usart.o(.text)
    USART_ReceiveData                        0x0800315d   Thumb Code    10  stm32f10x_usart.o(.text)
    USART_SendBreak                          0x08003167   Thumb Code    10  stm32f10x_usart.o(.text)
    USART_SetGuardTime                       0x08003171   Thumb Code    16  stm32f10x_usart.o(.text)
    USART_SetPrescaler                       0x08003181   Thumb Code    16  stm32f10x_usart.o(.text)
    USART_SmartCardCmd                       0x08003191   Thumb Code    24  stm32f10x_usart.o(.text)
    USART_SmartCardNACKCmd                   0x080031a9   Thumb Code    24  stm32f10x_usart.o(.text)
    USART_HalfDuplexCmd                      0x080031c1   Thumb Code    24  stm32f10x_usart.o(.text)
    USART_OverSampling8Cmd                   0x080031d9   Thumb Code    22  stm32f10x_usart.o(.text)
    USART_OneBitMethodCmd                    0x080031ef   Thumb Code    24  stm32f10x_usart.o(.text)
    USART_IrDAConfig                         0x08003207   Thumb Code    18  stm32f10x_usart.o(.text)
    USART_IrDACmd                            0x08003219   Thumb Code    24  stm32f10x_usart.o(.text)
    USART_GetFlagStatus                      0x08003231   Thumb Code    26  stm32f10x_usart.o(.text)
    USART_ClearFlag                          0x0800324b   Thumb Code    18  stm32f10x_usart.o(.text)
    USART_GetITStatus                        0x0800325d   Thumb Code    84  stm32f10x_usart.o(.text)
    USART_ClearITPendingBit                  0x080032b1   Thumb Code    52  stm32f10x_usart.o(.text)
    SPI_I2S_DeInit                           0x080032e5   Thumb Code    76  stm32f10x_spi.o(.text)
    SPI_Init                                 0x08003331   Thumb Code    60  stm32f10x_spi.o(.text)
    I2S_Init                                 0x0800336d   Thumb Code   226  stm32f10x_spi.o(.text)
    SPI_StructInit                           0x0800344f   Thumb Code    24  stm32f10x_spi.o(.text)
    I2S_StructInit                           0x08003467   Thumb Code    20  stm32f10x_spi.o(.text)
    SPI_Cmd                                  0x0800347b   Thumb Code    24  stm32f10x_spi.o(.text)
    I2S_Cmd                                  0x08003493   Thumb Code    24  stm32f10x_spi.o(.text)
    SPI_I2S_ITConfig                         0x080034ab   Thumb Code    32  stm32f10x_spi.o(.text)
    SPI_I2S_DMACmd                           0x080034cb   Thumb Code    18  stm32f10x_spi.o(.text)
    SPI_I2S_SendData                         0x080034dd   Thumb Code     4  stm32f10x_spi.o(.text)
    SPI_I2S_ReceiveData                      0x080034e1   Thumb Code     6  stm32f10x_spi.o(.text)
    SPI_NSSInternalSoftwareConfig            0x080034e7   Thumb Code    30  stm32f10x_spi.o(.text)
    SPI_SSOutputCmd                          0x08003505   Thumb Code    24  stm32f10x_spi.o(.text)
    SPI_DataSizeConfig                       0x0800351d   Thumb Code    18  stm32f10x_spi.o(.text)
    SPI_TransmitCRC                          0x0800352f   Thumb Code    10  stm32f10x_spi.o(.text)
    SPI_CalculateCRC                         0x08003539   Thumb Code    24  stm32f10x_spi.o(.text)
    SPI_GetCRC                               0x08003551   Thumb Code    16  stm32f10x_spi.o(.text)
    SPI_GetCRCPolynomial                     0x08003561   Thumb Code     6  stm32f10x_spi.o(.text)
    SPI_BiDirectionalLineConfig              0x08003567   Thumb Code    28  stm32f10x_spi.o(.text)
    SPI_I2S_GetFlagStatus                    0x08003583   Thumb Code    18  stm32f10x_spi.o(.text)
    SPI_I2S_ClearFlag                        0x08003595   Thumb Code     6  stm32f10x_spi.o(.text)
    SPI_I2S_GetITStatus                      0x0800359b   Thumb Code    52  stm32f10x_spi.o(.text)
    SPI_I2S_ClearITPendingBit                0x080035cf   Thumb Code    20  stm32f10x_spi.o(.text)
    Reset_Handler                            0x080035f1   Thumb Code     8  startup_stm32f10x_md.o(.text)
    ADC1_2_IRQHandler                        0x0800360b   Thumb Code     0  startup_stm32f10x_md.o(.text)
    CAN1_RX1_IRQHandler                      0x0800360b   Thumb Code     0  startup_stm32f10x_md.o(.text)
    CAN1_SCE_IRQHandler                      0x0800360b   Thumb Code     0  startup_stm32f10x_md.o(.text)
    DMA1_Channel1_IRQHandler                 0x0800360b   Thumb Code     0  startup_stm32f10x_md.o(.text)
    DMA1_Channel2_IRQHandler                 0x0800360b   Thumb Code     0  startup_stm32f10x_md.o(.text)
    DMA1_Channel3_IRQHandler                 0x0800360b   Thumb Code     0  startup_stm32f10x_md.o(.text)
    DMA1_Channel4_IRQHandler                 0x0800360b   Thumb Code     0  startup_stm32f10x_md.o(.text)
    DMA1_Channel5_IRQHandler                 0x0800360b   Thumb Code     0  startup_stm32f10x_md.o(.text)
    DMA1_Channel6_IRQHandler                 0x0800360b   Thumb Code     0  startup_stm32f10x_md.o(.text)
    DMA1_Channel7_IRQHandler                 0x0800360b   Thumb Code     0  startup_stm32f10x_md.o(.text)
    EXTI0_IRQHandler                         0x0800360b   Thumb Code     0  startup_stm32f10x_md.o(.text)
    EXTI15_10_IRQHandler                     0x0800360b   Thumb Code     0  startup_stm32f10x_md.o(.text)
    EXTI1_IRQHandler                         0x0800360b   Thumb Code     0  startup_stm32f10x_md.o(.text)
    EXTI2_IRQHandler                         0x0800360b   Thumb Code     0  startup_stm32f10x_md.o(.text)
    EXTI3_IRQHandler                         0x0800360b   Thumb Code     0  startup_stm32f10x_md.o(.text)
    EXTI4_IRQHandler                         0x0800360b   Thumb Code     0  startup_stm32f10x_md.o(.text)
    EXTI9_5_IRQHandler                       0x0800360b   Thumb Code     0  startup_stm32f10x_md.o(.text)
    FLASH_IRQHandler                         0x0800360b   Thumb Code     0  startup_stm32f10x_md.o(.text)
    I2C1_ER_IRQHandler                       0x0800360b   Thumb Code     0  startup_stm32f10x_md.o(.text)
    I2C1_EV_IRQHandler                       0x0800360b   Thumb Code     0  startup_stm32f10x_md.o(.text)
    I2C2_ER_IRQHandler                       0x0800360b   Thumb Code     0  startup_stm32f10x_md.o(.text)
    I2C2_EV_IRQHandler                       0x0800360b   Thumb Code     0  startup_stm32f10x_md.o(.text)
    PVD_IRQHandler                           0x0800360b   Thumb Code     0  startup_stm32f10x_md.o(.text)
    RCC_IRQHandler                           0x0800360b   Thumb Code     0  startup_stm32f10x_md.o(.text)
    RTCAlarm_IRQHandler                      0x0800360b   Thumb Code     0  startup_stm32f10x_md.o(.text)
    RTC_IRQHandler                           0x0800360b   Thumb Code     0  startup_stm32f10x_md.o(.text)
    SPI1_IRQHandler                          0x0800360b   Thumb Code     0  startup_stm32f10x_md.o(.text)
    SPI2_IRQHandler                          0x0800360b   Thumb Code     0  startup_stm32f10x_md.o(.text)
    TAMPER_IRQHandler                        0x0800360b   Thumb Code     0  startup_stm32f10x_md.o(.text)
    TIM1_BRK_IRQHandler                      0x0800360b   Thumb Code     0  startup_stm32f10x_md.o(.text)
    TIM1_CC_IRQHandler                       0x0800360b   Thumb Code     0  startup_stm32f10x_md.o(.text)
    TIM1_TRG_COM_IRQHandler                  0x0800360b   Thumb Code     0  startup_stm32f10x_md.o(.text)
    TIM1_UP_IRQHandler                       0x0800360b   Thumb Code     0  startup_stm32f10x_md.o(.text)
    TIM2_IRQHandler                          0x0800360b   Thumb Code     0  startup_stm32f10x_md.o(.text)
    TIM3_IRQHandler                          0x0800360b   Thumb Code     0  startup_stm32f10x_md.o(.text)
    TIM4_IRQHandler                          0x0800360b   Thumb Code     0  startup_stm32f10x_md.o(.text)
    USART1_IRQHandler                        0x0800360b   Thumb Code     0  startup_stm32f10x_md.o(.text)
    USART2_IRQHandler                        0x0800360b   Thumb Code     0  startup_stm32f10x_md.o(.text)
    USART3_IRQHandler                        0x0800360b   Thumb Code     0  startup_stm32f10x_md.o(.text)
    USBWakeUp_IRQHandler                     0x0800360b   Thumb Code     0  startup_stm32f10x_md.o(.text)
    USB_HP_CAN1_TX_IRQHandler                0x0800360b   Thumb Code     0  startup_stm32f10x_md.o(.text)
    USB_LP_CAN1_RX0_IRQHandler               0x0800360b   Thumb Code     0  startup_stm32f10x_md.o(.text)
    WWDG_IRQHandler                          0x0800360b   Thumb Code     0  startup_stm32f10x_md.o(.text)
    __user_initial_stackheap                 0x0800360d   Thumb Code     0  startup_stm32f10x_md.o(.text)
    SystemInit                               0x080036f9   Thumb Code    78  system_stm32f10x.o(.text)
    SystemCoreClockUpdate                    0x08003747   Thumb Code   142  system_stm32f10x.o(.text)
    __aeabi_memcpy                           0x080037f9   Thumb Code     0  rt_memcpy_v6.o(.text)
    __rt_memcpy                              0x080037f9   Thumb Code   138  rt_memcpy_v6.o(.text)
    _memcpy_lastbytes                        0x0800385f   Thumb Code     0  rt_memcpy_v6.o(.text)
    __aeabi_memcpy4                          0x08003883   Thumb Code     0  rt_memcpy_w.o(.text)
    __aeabi_memcpy8                          0x08003883   Thumb Code     0  rt_memcpy_w.o(.text)
    __rt_memcpy_w                            0x08003883   Thumb Code   100  rt_memcpy_w.o(.text)
    _memcpy_lastbytes_aligned                0x080038cb   Thumb Code     0  rt_memcpy_w.o(.text)
    __use_two_region_memory                  0x080038e7   Thumb Code     2  heapauxi.o(.text)
    __rt_heap_escrow$2region                 0x080038e9   Thumb Code     2  heapauxi.o(.text)
    __rt_heap_expand$2region                 0x080038eb   Thumb Code     2  heapauxi.o(.text)
    __user_setup_stackheap                   0x080038ed   Thumb Code    74  sys_stackheap_outer.o(.text)
    exit                                     0x08003937   Thumb Code    12  exit.o(.text)
    __user_libspace                          0x08003945   Thumb Code     8  libspace.o(.text)
    __user_perproc_libspace                  0x08003945   Thumb Code     0  libspace.o(.text)
    __user_perthread_libspace                0x08003945   Thumb Code     0  libspace.o(.text)
    _sys_exit                                0x0800394d   Thumb Code     8  sys_exit.o(.text)
    __I$use$semihosting                      0x08003959   Thumb Code     0  use_no_semi.o(.text)
    __use_no_semihosting_swi                 0x08003959   Thumb Code     2  use_no_semi.o(.text)
    __semihosting_library_function           0x0800395b   Thumb Code     0  indicate_semi.o(.text)
    F6x8                                     0x08003b22   Data         552  oled.o(.constdata)
    F8X16                                    0x08003d4a   Data        1520  oled.o(.constdata)
    asc_table                                0x0800433a   Data          17  oled.o(.constdata)
    Region$$Table$$Base                      0x0800434c   Number         0  anon$$obj.o(Region$$Table)
    Region$$Table$$Limit                     0x0800436c   Number         0  anon$$obj.o(Region$$Table)
    FlashDestination                         0x20000000   Data           4  ymodem.o(.data)
    PageSize                                 0x20000004   Data           2  ymodem.o(.data)
    EraseCounter                             0x20000008   Data           4  ymodem.o(.data)
    NbrOfPage                                0x2000000c   Data           4  ymodem.o(.data)
    FLASHStatus                              0x20000010   Data           1  ymodem.o(.data)
    RamSource                                0x20000014   Data           4  ymodem.o(.data)
    BlockNbr                                 0x20000018   Data           4  common.o(.data)
    UserMemoryMask                           0x2000001c   Data           4  common.o(.data)
    FlashProtection                          0x20000020   Data           4  common.o(.data)
    init_group_information                   0x20000024   Data          10  common.o(.data)
    init_key_information                     0x2000002e   Data           8  common.o(.data)
    Jump_To_Application                      0x20000038   Data           4  common.o(.data)
    JumpAddress                              0x2000003c   Data           4  common.o(.data)
    Hzk                                      0x20000040   Data         448  oled.o(.data)
    mode                                     0x20000200   Data           1  oled.o(.data)
    GHZAddr                                  0x20000204   Data           4  oled.o(.data)
    result                                   0x20000208   Data           1  oled.o(.data)
    SystemCoreClock                          0x20000220   Data           4  system_stm32f10x.o(.data)
    AHBPrescTable                            0x20000224   Data          16  system_stm32f10x.o(.data)
    file_name                                0x20000234   Data         128  ymodem.o(.bss)
    tab_1024                                 0x200002b4   Data        1024  download.o(.bss)
    SPI_FLASH_BUF                            0x200006b4   Data        4096  spi_flash.o(.bss)
    __libspace_start                         0x200016b4   Data          96  libspace.o(.bss)
    __temporary_stack_top$libspace           0x20001714   Data           0  libspace.o(.bss)



==============================================================================

Memory Map of the image

  Image Entry point : 0x080000ed

  Load Region LR_IROM1 (Base: 0x08000000, Size: 0x000045a0, Max: 0x00010000, ABSOLUTE, COMPRESSED[0x0000445c])

    Execution Region ER_IROM1 (Base: 0x08000000, Size: 0x0000436c, Max: 0x00010000, ABSOLUTE)

    Base Addr    Size         Type   Attr      Idx    E Section Name        Object

    0x08000000   0x000000ec   Data   RO          421    RESET               startup_stm32f10x_md.o
    0x080000ec   0x00000008   Code   RO          470  * !!!main             c_w.l(__main.o)
    0x080000f4   0x00000034   Code   RO          626    !!!scatter          c_w.l(__scatter.o)
    0x08000128   0x0000005a   Code   RO          624    !!dczerorl2         c_w.l(__dczerorl2.o)
    0x08000182   0x00000002   PAD
    0x08000184   0x0000001c   Code   RO          628    !!handler_zi        c_w.l(__scatter_zi.o)
    0x080001a0   0x00000002   Code   RO          497    .ARM.Collect$$libinit$$00000000  c_w.l(libinit.o)
    0x080001a2   0x00000000   Code   RO          504    .ARM.Collect$$libinit$$00000002  c_w.l(libinit2.o)
    0x080001a2   0x00000000   Code   RO          507    .ARM.Collect$$libinit$$00000008  c_w.l(libinit2.o)
    0x080001a2   0x00000000   Code   RO          509    .ARM.Collect$$libinit$$0000000A  c_w.l(libinit2.o)
    0x080001a2   0x00000000   Code   RO          511    .ARM.Collect$$libinit$$0000000C  c_w.l(libinit2.o)
    0x080001a2   0x00000000   Code   RO          514    .ARM.Collect$$libinit$$0000000F  c_w.l(libinit2.o)
    0x080001a2   0x00000000   Code   RO          516    .ARM.Collect$$libinit$$00000011  c_w.l(libinit2.o)
    0x080001a2   0x00000000   Code   RO          518    .ARM.Collect$$libinit$$00000013  c_w.l(libinit2.o)
    0x080001a2   0x00000000   Code   RO          520    .ARM.Collect$$libinit$$00000015  c_w.l(libinit2.o)
    0x080001a2   0x00000000   Code   RO          522    .ARM.Collect$$libinit$$00000017  c_w.l(libinit2.o)
    0x080001a2   0x00000000   Code   RO          524    .ARM.Collect$$libinit$$00000019  c_w.l(libinit2.o)
    0x080001a2   0x00000000   Code   RO          526    .ARM.Collect$$libinit$$0000001B  c_w.l(libinit2.o)
    0x080001a2   0x00000000   Code   RO          528    .ARM.Collect$$libinit$$0000001D  c_w.l(libinit2.o)
    0x080001a2   0x00000000   Code   RO          530    .ARM.Collect$$libinit$$0000001F  c_w.l(libinit2.o)
    0x080001a2   0x00000000   Code   RO          532    .ARM.Collect$$libinit$$00000021  c_w.l(libinit2.o)
    0x080001a2   0x00000000   Code   RO          534    .ARM.Collect$$libinit$$00000023  c_w.l(libinit2.o)
    0x080001a2   0x00000000   Code   RO          538    .ARM.Collect$$libinit$$0000002A  c_w.l(libinit2.o)
    0x080001a2   0x00000000   Code   RO          540    .ARM.Collect$$libinit$$0000002C  c_w.l(libinit2.o)
    0x080001a2   0x00000000   Code   RO          542    .ARM.Collect$$libinit$$0000002E  c_w.l(libinit2.o)
    0x080001a2   0x00000000   Code   RO          544    .ARM.Collect$$libinit$$00000030  c_w.l(libinit2.o)
    0x080001a2   0x00000002   Code   RO          545    .ARM.Collect$$libinit$$00000031  c_w.l(libinit2.o)
    0x080001a4   0x00000002   Code   RO          565    .ARM.Collect$$libshutdown$$00000000  c_w.l(libshutdown.o)
    0x080001a6   0x00000000   Code   RO          579    .ARM.Collect$$libshutdown$$00000003  c_w.l(libshutdown2.o)
    0x080001a6   0x00000000   Code   RO          582    .ARM.Collect$$libshutdown$$00000006  c_w.l(libshutdown2.o)
    0x080001a6   0x00000000   Code   RO          585    .ARM.Collect$$libshutdown$$00000009  c_w.l(libshutdown2.o)
    0x080001a6   0x00000000   Code   RO          587    .ARM.Collect$$libshutdown$$0000000B  c_w.l(libshutdown2.o)
    0x080001a6   0x00000000   Code   RO          590    .ARM.Collect$$libshutdown$$0000000E  c_w.l(libshutdown2.o)
    0x080001a6   0x00000002   Code   RO          591    .ARM.Collect$$libshutdown$$0000000F  c_w.l(libshutdown2.o)
    0x080001a8   0x00000000   Code   RO          472    .ARM.Collect$$rtentry$$00000000  c_w.l(rtentry.o)
    0x080001a8   0x00000000   Code   RO          474    .ARM.Collect$$rtentry$$00000002  c_w.l(rtentry2.o)
    0x080001a8   0x00000006   Code   RO          486    .ARM.Collect$$rtentry$$00000004  c_w.l(rtentry4.o)
    0x080001ae   0x00000000   Code   RO          476    .ARM.Collect$$rtentry$$00000009  c_w.l(rtentry2.o)
    0x080001ae   0x00000004   Code   RO          477    .ARM.Collect$$rtentry$$0000000A  c_w.l(rtentry2.o)
    0x080001b2   0x00000000   Code   RO          479    .ARM.Collect$$rtentry$$0000000C  c_w.l(rtentry2.o)
    0x080001b2   0x00000008   Code   RO          480    .ARM.Collect$$rtentry$$0000000D  c_w.l(rtentry2.o)
    0x080001ba   0x00000002   Code   RO          501    .ARM.Collect$$rtexit$$00000000  c_w.l(rtexit.o)
    0x080001bc   0x00000000   Code   RO          547    .ARM.Collect$$rtexit$$00000002  c_w.l(rtexit2.o)
    0x080001bc   0x00000004   Code   RO          548    .ARM.Collect$$rtexit$$00000003  c_w.l(rtexit2.o)
    0x080001c0   0x00000006   Code   RO          549    .ARM.Collect$$rtexit$$00000004  c_w.l(rtexit2.o)
    0x080001c6   0x00000002   PAD
    0x080001c8   0x00000304   Code   RO            3    .text               main.o
    0x080004cc   0x00000040   Code   RO           98    .text               stm32f10x_it.o
    0x0800050c   0x00000758   Code   RO          144    .text               ymodem.o
    0x08000c64   0x000004ac   Code   RO          169    .text               common.o
    0x08001110   0x000001ec   Code   RO          201    .text               download.o
    0x080012fc   0x00000648   Code   RO          225    .text               oled.o
    0x08001944   0x000001b4   Code   RO          252    .text               delay.o
    0x08001af8   0x00000660   Code   RO          276    .text               spi_flash.o
    0x08002158   0x000000dc   Code   RO          299    .text               misc.o
    0x08002234   0x000005b4   Code   RO          319    .text               stm32f10x_flash.o
    0x080027e8   0x0000039c   Code   RO          339    .text               stm32f10x_rcc.o
    0x08002b84   0x00000358   Code   RO          361    .text               stm32f10x_gpio.o
    0x08002edc   0x00000408   Code   RO          381    .text               stm32f10x_usart.o
    0x080032e4   0x0000030c   Code   RO          401    .text               stm32f10x_spi.o
    0x080035f0   0x00000040   Code   RO          422    .text               startup_stm32f10x_md.o
    0x08003630   0x000001c8   Code   RO          428    .text               system_stm32f10x.o
    0x080037f8   0x0000008a   Code   RO          464    .text               c_w.l(rt_memcpy_v6.o)
    0x08003882   0x00000064   Code   RO          466    .text               c_w.l(rt_memcpy_w.o)
    0x080038e6   0x00000006   Code   RO          468    .text               c_w.l(heapauxi.o)
    0x080038ec   0x0000004a   Code   RO          488    .text               c_w.l(sys_stackheap_outer.o)
    0x08003936   0x0000000c   Code   RO          490    .text               c_w.l(exit.o)
    0x08003942   0x00000002   PAD
    0x08003944   0x00000008   Code   RO          498    .text               c_w.l(libspace.o)
    0x0800394c   0x0000000c   Code   RO          557    .text               c_w.l(sys_exit.o)
    0x08003958   0x00000002   Code   RO          568    .text               c_w.l(use_no_semi.o)
    0x0800395a   0x00000000   Code   RO          570    .text               c_w.l(indicate_semi.o)
    0x0800395a   0x00000002   PAD
    0x0800395c   0x0000017c   Data   RO            4    .constdata          main.o
    0x08003ad8   0x0000004a   Data   RO          170    .constdata          common.o
    0x08003b22   0x00000829   Data   RO          226    .constdata          oled.o
    0x0800434b   0x00000001   PAD
    0x0800434c   0x00000020   Data   RO          622    Region$$Table       anon$$obj.o


    Execution Region RW_IRAM1 (Base: 0x20000000, Size: 0x00001d18, Max: 0x00005000, ABSOLUTE, COMPRESSED[0x000000f0])

    Base Addr    Size         Type   Attr      Idx    E Section Name        Object

    0x20000000   0x00000018   Data   RW          146    .data               ymodem.o
    0x20000018   0x00000028   Data   RW          171    .data               common.o
    0x20000040   0x000001c9   Data   RW          227    .data               oled.o
    0x20000209   0x00000014   Data   RW          340    .data               stm32f10x_rcc.o
    0x2000021d   0x00000003   PAD
    0x20000220   0x00000014   Data   RW          429    .data               system_stm32f10x.o
    0x20000234   0x00000080   Zero   RW          145    .bss                ymodem.o
    0x200002b4   0x00000400   Zero   RW          202    .bss                download.o
    0x200006b4   0x00001000   Zero   RW          277    .bss                spi_flash.o
    0x200016b4   0x00000060   Zero   RW          499    .bss                c_w.l(libspace.o)
    0x20001714   0x00000004   PAD
    0x20001718   0x00000200   Zero   RW          420    HEAP                startup_stm32f10x_md.o
    0x20001918   0x00000400   Zero   RW          419    STACK               startup_stm32f10x_md.o


==============================================================================

Image component sizes


      Code (inc. data)   RO Data    RW Data    ZI Data      Debug   Object Name

      1196        236         74         40          0      27686   common.o
       436         14          0          0          0      23491   delay.o
       492        358          0          0       1024       1164   download.o
       772        130        380          0          0     249313   main.o
       220         20          0          0          0       1809   misc.o
      1608         26       2089        457          0       5821   oled.o
      1632         20          0          0       4096       7192   spi_flash.o
        64         26        236          0       1536        856   startup_stm32f10x_md.o
      1460         32          0          0          0       8022   stm32f10x_flash.o
       856         40          0          0          0       5657   stm32f10x_gpio.o
        64         22          0          0          0       1226   stm32f10x_it.o
       924         44          0         20          0       8796   stm32f10x_rcc.o
       780         14          0          0          0       6538   stm32f10x_spi.o
      1032         22          0          0          0       8380   stm32f10x_usart.o
       456         36          0         20          0       1687   system_stm32f10x.o
      1880         38          0         24        128       6802   ymodem.o

    ----------------------------------------------------------------------
     13872       1078       2812        564       6784     364440   Object Totals
         0          0         32          0          0          0   (incl. Generated)
         0          0          1          3          0          0   (incl. Padding)

    ----------------------------------------------------------------------

      Code (inc. data)   RO Data    RW Data    ZI Data      Debug   Library Member Name

        90          0          0          0          0          0   __dczerorl2.o
         8          0          0          0          0         68   __main.o
        52          8          0          0          0          0   __scatter.o
        28          0          0          0          0          0   __scatter_zi.o
        12          0          0          0          0         72   exit.o
         6          0          0          0          0        152   heapauxi.o
         0          0          0          0          0          0   indicate_semi.o
         2          0          0          0          0          0   libinit.o
         2          0          0          0          0          0   libinit2.o
         2          0          0          0          0          0   libshutdown.o
         2          0          0          0          0          0   libshutdown2.o
         8          4          0          0         96         68   libspace.o
       138          0          0          0          0         68   rt_memcpy_v6.o
       100          0          0          0          0         80   rt_memcpy_w.o
         0          0          0          0          0          0   rtentry.o
        12          0          0          0          0          0   rtentry2.o
         6          0          0          0          0          0   rtentry4.o
         2          0          0          0          0          0   rtexit.o
        10          0          0          0          0          0   rtexit2.o
        12          4          0          0          0         68   sys_exit.o
        74          0          0          0          0         80   sys_stackheap_outer.o
         2          0          0          0          0         68   use_no_semi.o

    ----------------------------------------------------------------------
       576         16          0          0        100        724   Library Totals
         8          0          0          0          4          0   (incl. Padding)

    ----------------------------------------------------------------------

      Code (inc. data)   RO Data    RW Data    ZI Data      Debug   Library Name

       568         16          0          0         96        724   c_w.l

    ----------------------------------------------------------------------
       576         16          0          0        100        724   Library Totals

    ----------------------------------------------------------------------

==============================================================================


      Code (inc. data)   RO Data    RW Data    ZI Data      Debug   

     14448       1094       2812        564       6884     363240   Grand Totals
     14448       1094       2812        240       6884     363240   ELF Image Totals (compressed)
     14448       1094       2812        240          0          0   ROM Totals

==============================================================================

    Total RO  Size (Code + RO Data)                17260 (  16.86kB)
    Total RW  Size (RW Data + ZI Data)              7448 (   7.27kB)
    Total ROM Size (Code + RO Data + RW Data)      17500 (  17.09kB)

==============================================================================

